Archive member included to satisfy reference by file (symbol)

/usr/lib/gcc/arm-none-eabi/10.3.1/thumb/v6-m/nofp/libgcc.a(_dvmd_tls.o)
                              CMakeFiles/picow_tcpip_server_poll.dir/mnt/c/Users/mvppr/Desktop/Design/pico/pico-sdk/src/rp2_common/pico_divider/divider.S.obj (__aeabi_idiv0)
/usr/lib/gcc/arm-none-eabi/10.3.1/../../../arm-none-eabi/lib/thumb/v6-m/nofp/libc.a(lib_a-atexit.o)
                              /usr/lib/gcc/arm-none-eabi/10.3.1/../../../arm-none-eabi/lib/thumb/v6-m/nofp/crt0.o (atexit)
/usr/lib/gcc/arm-none-eabi/10.3.1/../../../arm-none-eabi/lib/thumb/v6-m/nofp/libc.a(lib_a-atoi.o)
                              CMakeFiles/picow_tcpip_server_poll.dir/mnt/c/Users/mvppr/Desktop/Design/pico/pico-sdk/lib/lwip/src/core/netif.c.obj (atoi)
/usr/lib/gcc/arm-none-eabi/10.3.1/../../../arm-none-eabi/lib/thumb/v6-m/nofp/libc.a(lib_a-calloc.o)
                              CMakeFiles/picow_tcpip_server_poll.dir/mnt/c/Users/mvppr/Desktop/Design/pico/pico-sdk/src/rp2_common/pico_malloc/pico_malloc.c.obj (calloc)
/usr/lib/gcc/arm-none-eabi/10.3.1/../../../arm-none-eabi/lib/thumb/v6-m/nofp/libc.a(lib_a-callocr.o)
                              /usr/lib/gcc/arm-none-eabi/10.3.1/../../../arm-none-eabi/lib/thumb/v6-m/nofp/libc.a(lib_a-calloc.o) (_calloc_r)
/usr/lib/gcc/arm-none-eabi/10.3.1/../../../arm-none-eabi/lib/thumb/v6-m/nofp/libc.a(lib_a-ctype_.o)
                              CMakeFiles/picow_tcpip_server_poll.dir/mnt/c/Users/mvppr/Desktop/Design/pico/pico-sdk/lib/lwip/src/core/dns.c.obj (_ctype_)
/usr/lib/gcc/arm-none-eabi/10.3.1/../../../arm-none-eabi/lib/thumb/v6-m/nofp/libc.a(lib_a-fini.o)
                              /usr/lib/gcc/arm-none-eabi/10.3.1/../../../arm-none-eabi/lib/thumb/v6-m/nofp/crt0.o (__libc_fini_array)
/usr/lib/gcc/arm-none-eabi/10.3.1/../../../arm-none-eabi/lib/thumb/v6-m/nofp/libc.a(lib_a-impure.o)
                              /usr/lib/gcc/arm-none-eabi/10.3.1/../../../arm-none-eabi/lib/thumb/v6-m/nofp/libc.a(lib_a-calloc.o) (_impure_ptr)
/usr/lib/gcc/arm-none-eabi/10.3.1/../../../arm-none-eabi/lib/thumb/v6-m/nofp/libc.a(lib_a-init.o)
                              /usr/lib/gcc/arm-none-eabi/10.3.1/../../../arm-none-eabi/lib/thumb/v6-m/nofp/crt0.o (__libc_init_array)
/usr/lib/gcc/arm-none-eabi/10.3.1/../../../arm-none-eabi/lib/thumb/v6-m/nofp/libc.a(lib_a-malloc.o)
                              CMakeFiles/picow_tcpip_server_poll.dir/mnt/c/Users/mvppr/Desktop/Design/pico/pico-sdk/src/rp2_common/pico_malloc/pico_malloc.c.obj (malloc)
/usr/lib/gcc/arm-none-eabi/10.3.1/../../../arm-none-eabi/lib/thumb/v6-m/nofp/libc.a(lib_a-mallocr.o)
                              /usr/lib/gcc/arm-none-eabi/10.3.1/../../../arm-none-eabi/lib/thumb/v6-m/nofp/libc.a(lib_a-callocr.o) (_malloc_r)
/usr/lib/gcc/arm-none-eabi/10.3.1/../../../arm-none-eabi/lib/thumb/v6-m/nofp/libc.a(lib_a-memcmp.o)
                              CMakeFiles/picow_tcpip_server_poll.dir/picow_tcp_server.c.obj (memcmp)
/usr/lib/gcc/arm-none-eabi/10.3.1/../../../arm-none-eabi/lib/thumb/v6-m/nofp/libc.a(lib_a-memmove.o)
                              CMakeFiles/picow_tcpip_server_poll.dir/mnt/c/Users/mvppr/Desktop/Design/pico/pico-sdk/lib/lwip/src/core/def.c.obj (memmove)
/usr/lib/gcc/arm-none-eabi/10.3.1/../../../arm-none-eabi/lib/thumb/v6-m/nofp/libc.a(lib_a-mlock.o)
                              /usr/lib/gcc/arm-none-eabi/10.3.1/../../../arm-none-eabi/lib/thumb/v6-m/nofp/libc.a(lib_a-mallocr.o) (__malloc_lock)
/usr/lib/gcc/arm-none-eabi/10.3.1/../../../arm-none-eabi/lib/thumb/v6-m/nofp/libc.a(lib_a-rand.o)
                              CMakeFiles/picow_tcpip_server_poll.dir/picow_tcp_server.c.obj (rand)
/usr/lib/gcc/arm-none-eabi/10.3.1/../../../arm-none-eabi/lib/thumb/v6-m/nofp/libc.a(lib_a-realloc.o)
                              CMakeFiles/picow_tcpip_server_poll.dir/mnt/c/Users/mvppr/Desktop/Design/pico/pico-sdk/src/rp2_common/pico_malloc/pico_malloc.c.obj (realloc)
/usr/lib/gcc/arm-none-eabi/10.3.1/../../../arm-none-eabi/lib/thumb/v6-m/nofp/libc.a(lib_a-reallocr.o)
                              /usr/lib/gcc/arm-none-eabi/10.3.1/../../../arm-none-eabi/lib/thumb/v6-m/nofp/libc.a(lib_a-realloc.o) (_realloc_r)
/usr/lib/gcc/arm-none-eabi/10.3.1/../../../arm-none-eabi/lib/thumb/v6-m/nofp/libc.a(lib_a-sbrkr.o)
                              /usr/lib/gcc/arm-none-eabi/10.3.1/../../../arm-none-eabi/lib/thumb/v6-m/nofp/libc.a(lib_a-mallocr.o) (_sbrk_r)
/usr/lib/gcc/arm-none-eabi/10.3.1/../../../arm-none-eabi/lib/thumb/v6-m/nofp/libc.a(lib_a-strlen-stub.o)
                              CMakeFiles/picow_tcpip_server_poll.dir/mnt/c/Users/mvppr/Desktop/Design/pico/pico-sdk/lib/lwip/src/core/def.c.obj (strlen)
/usr/lib/gcc/arm-none-eabi/10.3.1/../../../arm-none-eabi/lib/thumb/v6-m/nofp/libc.a(lib_a-strncmp.o)
                              CMakeFiles/picow_tcpip_server_poll.dir/mnt/c/Users/mvppr/Desktop/Design/pico/pico-sdk/lib/lwip/src/core/def.c.obj (strncmp)
[...]
Memory Configuration

Name             Origin             Length             Attributes
FLASH            0x0000000010000000 0x0000000000200000 xr
RAM              0x0000000020000000 0x0000000000040000 xrw
SCRATCH_X        0x0000000020040000 0x0000000000001000 xrw
SCRATCH_Y        0x0000000020041000 0x0000000000001000 xrw
*default*        0x0000000000000000 0xffffffffffffffff

Linker script and memory map

LOAD /usr/lib/gcc/arm-none-eabi/10.3.1/thumb/v6-m/nofp/crti.o
LOAD /usr/lib/gcc/arm-none-eabi/10.3.1/thumb/v6-m/nofp/crtbegin.o
LOAD /usr/lib/gcc/arm-none-eabi/10.3.1/../../../arm-none-eabi/lib/thumb/v6-m/nofp/crt0.o

.flash_begin    0x0000000010000000        0x0
                0x0000000010000000                __flash_binary_start = .

.boot2          0x0000000010000000      0x100
                0x0000000010000000                __boot2_start__ = .
 *(.boot2)
 .boot2         0x0000000010000000      0x100 /tmp/ccvFXscp.o
                0x0000000010000100                __boot2_end__ = .
                0x0000000000000001                ASSERT (((__boot2_end__ - __boot2_start__) == 0x100), ERROR: Pico second stage bootloader must be 256 bytes in size)

.text           0x0000000010000100    0x16040
                0x0000000010000100                __logical_binary_start = .
 *(.vectors)
 .vectors       0x0000000010000100       0xd4 CMakeFiles/picow_tcpip_server_poll.dir/mnt/c/Users/mvppr/Desktop/Design/pico/pico-sdk/src/rp2_common/pico_standard_link/crt0.S.obj
                0x0000000010000100                __vectors
                0x0000000010000100                __VECTOR_TABLE
                0x00000000100001c0                isr_invalid
                0x00000000100001c0                __default_isrs_start
                0x00000000100001c2                isr_nmi
                0x00000000100001c4                isr_hardfault
                0x00000000100001c6                isr_svcall
                0x00000000100001c8                isr_pendsv
                0x00000000100001ca                isr_systick
                0x00000000100001cc                isr_irq30
                0x00000000100001cc                __unhandled_user_irq
                0x00000000100001cc                isr_irq13
                0x00000000100001cc                isr_irq27
                0x00000000100001cc                isr_irq31
                0x00000000100001cc                isr_irq5
                0x00000000100001cc                isr_irq11
                0x00000000100001cc                isr_irq23
                0x00000000100001cc                isr_irq18
                0x00000000100001cc                isr_irq28
                0x00000000100001cc                isr_irq19
                0x00000000100001cc                isr_irq0
                0x00000000100001cc                isr_irq6
                0x00000000100001cc                isr_irq22
                0x00000000100001cc                isr_irq17
                0x00000000100001cc                isr_irq14
                0x00000000100001cc                isr_irq2
                0x00000000100001cc                isr_irq10
                0x00000000100001cc                isr_irq8
                0x00000000100001cc                isr_irq24
                0x00000000100001cc                isr_irq1
                0x00000000100001cc                isr_irq7
                0x00000000100001cc                isr_irq21
                0x00000000100001cc                isr_irq20
                0x00000000100001cc                isr_irq15
                0x00000000100001cc                isr_irq25
                0x00000000100001cc                isr_irq4
                0x00000000100001cc                isr_irq16
                0x00000000100001cc                isr_irq29
                0x00000000100001cc                isr_irq26
                0x00000000100001cc                __default_isrs_end
                0x00000000100001cc                isr_irq3
                0x00000000100001cc                isr_irq12
                0x00000000100001cc                isr_irq9
                0x00000000100001d2                unhandled_user_irq_num_in_r0
 *(.binary_info_header)
 .binary_info_header
                0x00000000100001d4       0x14 CMakeFiles/picow_tcpip_server_poll.dir/mnt/c/Users/mvppr/Desktop/Design/pico/pico-sdk/src/rp2_common/pico_standard_link/crt0.S.obj
                0x00000000100001e8                __binary_info_header_end = .
 *(.reset)
 .reset         0x00000000100001e8       0xa0 CMakeFiles/picow_tcpip_server_poll.dir/mnt/c/Users/mvppr/Desktop/Design/pico/pico-sdk/src/rp2_common/pico_standard_link/crt0.S.obj
                0x00000000100001e8                _entry_point
 .reset         0x0000000010000288       0x30 CMakeFiles/picow_tcpip_server_poll.dir/mnt/c/Users/mvppr/Desktop/Design/pico/pico-sdk/src/rp2_common/pico_standard_link/binary_info.c.obj
 *(.init)
 .init          0x00000000100002b8        0x4 /usr/lib/gcc/arm-none-eabi/10.3.1/thumb/v6-m/nofp/crti.o
                0x00000000100002b8                _init
 *(EXCLUDE_FILE(*libm.a: *libc.a:*lib_a-mem*.o *libgcc.a:) .text*)
 .text          0x00000000100002bc       0x98 /usr/lib/gcc/arm-none-eabi/10.3.1/thumb/v6-m/nofp/crtbegin.o
 .text.tcp_server_sent
                0x0000000010000354       0x44 CMakeFiles/picow_tcpip_server_poll.dir/picow_tcp_server.c.obj
 .text.tcp_server_close
                0x0000000010000398       0x74 CMakeFiles/picow_tcpip_server_poll.dir/picow_tcp_server.c.obj
 .text.tcp_server_err
                0x000000001000040c       0x40 CMakeFiles/picow_tcpip_server_poll.dir/picow_tcp_server.c.obj
 .text.tcp_server_accept
                0x000000001000044c      0x104 CMakeFiles/picow_tcpip_server_poll.dir/picow_tcp_server.c.obj
 .text.tcp_server_recv
                0x0000000010000550      0x134 CMakeFiles/picow_tcpip_server_poll.dir/picow_tcp_server.c.obj
                0x0000000010000550                tcp_server_recv
 .text.tcp_server_poll
                0x0000000010000684       0x90 CMakeFiles/picow_tcpip_server_poll.dir/picow_tcp_server.c.obj
 .text.run_tcp_server_test
                0x0000000010000714      0x100 CMakeFiles/picow_tcpip_server_poll.dir/picow_tcp_server.c.obj
                0x0000000010000714                run_tcp_server_test
 .text.startup.main
                0x0000000010000814       0x70 CMakeFiles/picow_tcpip_server_poll.dir/picow_tcp_server.c.obj
                0x0000000010000814                main
 .text.lwip_timeout_reached
                0x0000000010000884        0x8 CMakeFiles/picow_tcpip_server_poll.dir/mnt/c/Users/mvppr/Desktop/Design/pico/pico-sdk/src/rp2_common/pico_lwip/lwip_nosys.c.obj
 .text.update_next_timeout
                0x000000001000088c       0x6c CMakeFiles/picow_tcpip_server_poll.dir/mnt/c/Users/mvppr/Desktop/Design/pico/pico-sdk/src/rp2_common/pico_lwip/lwip_nosys.c.obj
 .text.lwip_nosys_init
                0x00000000100008f8       0x30 CMakeFiles/picow_tcpip_server_poll.dir/mnt/c/Users/mvppr/Desktop/Design/pico/pico-sdk/src/rp2_common/pico_lwip/lwip_nosys.c.obj
                0x00000000100008f8                lwip_nosys_init
 .text.lwip_nosys_deinit
                0x0000000010000928       0x20 CMakeFiles/picow_tcpip_server_poll.dir/mnt/c/Users/mvppr/Desktop/Design/pico/pico-sdk/src/rp2_common/pico_lwip/lwip_nosys.c.obj
                0x0000000010000928                lwip_nosys_deinit
 .text.sys_arch_protect
                0x0000000010000948        0x4 CMakeFiles/picow_tcpip_server_poll.dir/mnt/c/Users/mvppr/Desktop/Design/pico/pico-sdk/src/rp2_common/pico_lwip/lwip_nosys.c.obj
                0x0000000010000948                sys_arch_protect
 .text.sys_arch_unprotect
                0x000000001000094c        0x4 CMakeFiles/picow_tcpip_server_poll.dir/mnt/c/Users/mvppr/Desktop/Design/pico/pico-sdk/src/rp2_common/pico_lwip/lwip_nosys.c.obj
                0x000000001000094c                sys_arch_unprotect
 .text.sys_now  0x0000000010000950       0x20 CMakeFiles/picow_tcpip_server_poll.dir/mnt/c/Users/mvppr/Desktop/Design/pico/pico-sdk/src/rp2_common/pico_lwip/lwip_nosys.c.obj
                0x0000000010000950                sys_now
 .text.async_context_base_add_at_time_worker
                0x0000000010000970       0x28 CMakeFiles/picow_tcpip_server_poll.dir/mnt/c/Users/mvppr/Desktop/Design/pico/pico-sdk/src/rp2_common/pico_async_context/async_context_base.c.obj
                0x0000000010000970                async_context_base_add_at_time_worker
 .text.async_context_base_remove_at_time_worker
                0x0000000010000998       0x28 CMakeFiles/picow_tcpip_server_poll.dir/mnt/c/Users/mvppr/Desktop/Design/pico/pico-sdk/src/rp2_common/pico_async_context/async_context_base.c.obj
                0x0000000010000998                async_context_base_remove_at_time_worker
 .text.async_context_base_add_when_pending_worker
                0x00000000100009c0       0x24 CMakeFiles/picow_tcpip_server_poll.dir/mnt/c/Users/mvppr/Desktop/Design/pico/pico-sdk/src/rp2_common/pico_async_context/async_context_base.c.obj
                0x00000000100009c0                async_context_base_add_when_pending_worker
 .text.async_context_base_remove_when_pending_worker
                0x00000000100009e4       0x28 CMakeFiles/picow_tcpip_server_poll.dir/mnt/c/Users/mvppr/Desktop/Design/pico/pico-sdk/src/rp2_common/pico_async_context/async_context_base.c.obj
                0x00000000100009e4                async_context_base_remove_when_pending_worker
 .text.async_context_base_execute_once
                0x0000000010000a0c       0xe8 CMakeFiles/picow_tcpip_server_poll.dir/mnt/c/Users/mvppr/Desktop/Design/pico/pico-sdk/src/rp2_common/pico_async_context/async_context_base.c.obj
                0x0000000010000a0c                async_context_base_execute_once
 .text.running_on_fpga
                0x0000000010000af4       0x10 CMakeFiles/picow_tcpip_server_poll.dir/mnt/c/Users/mvppr/Desktop/Design/pico/pico-sdk/src/rp2_common/pico_platform/platform.c.obj
                0x0000000010000af4                running_on_fpga
 .text.splitmix64
                0x0000000010000b04       0x5c CMakeFiles/picow_tcpip_server_poll.dir/mnt/c/Users/mvppr/Desktop/Design/pico/pico-sdk/src/rp2_common/pico_rand/rand.c.obj
 .text.xoroshiro128ss
                0x0000000010000b60       0x90 CMakeFiles/picow_tcpip_server_poll.dir/mnt/c/Users/mvppr/Desktop/Design/pico/pico-sdk/src/rp2_common/pico_rand/rand.c.obj
 .text.get_rand_64
                0x0000000010000bf0      0x484 CMakeFiles/picow_tcpip_server_poll.dir/mnt/c/Users/mvppr/Desktop/Design/pico/pico-sdk/src/rp2_common/pico_rand/rand.c.obj
                0x0000000010000bf0                get_rand_64
 .text.get_rand_32
                0x0000000010001074        0x8 CMakeFiles/picow_tcpip_server_poll.dir/mnt/c/Users/mvppr/Desktop/Design/pico/pico-sdk/src/rp2_common/pico_rand/rand.c.obj
                0x0000000010001074                get_rand_32
 .text.startup._retrieve_unique_id_on_boot
                0x000000001000107c       0x10 CMakeFiles/picow_tcpip_server_poll.dir/mnt/c/Users/mvppr/Desktop/Design/pico/pico-sdk/src/rp2_common/pico_unique_id/unique_id.c.obj
 .text.pico_get_unique_board_id
                0x000000001000108c       0x10 CMakeFiles/picow_tcpip_server_poll.dir/mnt/c/Users/mvppr/Desktop/Design/pico/pico-sdk/src/rp2_common/pico_unique_id/unique_id.c.obj
                0x000000001000108c                pico_get_unique_board_id
 .text.flash_get_unique_id
                0x000000001000109c       0x40 CMakeFiles/picow_tcpip_server_poll.dir/mnt/c/Users/mvppr/Desktop/Design/pico/pico-sdk/src/rp2_common/hardware_flash/flash.c.obj
                0x000000001000109c                flash_get_unique_id
 .text.hw_claim_lock
                0x00000000100010dc       0x18 CMakeFiles/picow_tcpip_server_poll.dir/mnt/c/Users/mvppr/Desktop/Design/pico/pico-sdk/src/rp2_common/hardware_claim/claim.c.obj
                0x00000000100010dc                hw_claim_lock
 .text.hw_claim_unlock
                0x00000000100010f4       0x14 CMakeFiles/picow_tcpip_server_poll.dir/mnt/c/Users/mvppr/Desktop/Design/pico/pico-sdk/src/rp2_common/hardware_claim/claim.c.obj
                0x00000000100010f4                hw_claim_unlock
 .text.hw_claim_or_assert
                0x0000000010001108       0x44 CMakeFiles/picow_tcpip_server_poll.dir/mnt/c/Users/mvppr/Desktop/Design/pico/pico-sdk/src/rp2_common/hardware_claim/claim.c.obj
                0x0000000010001108                hw_claim_or_assert
 .text.hw_claim_unused_from_range
                0x000000001000114c       0x9c CMakeFiles/picow_tcpip_server_poll.dir/mnt/c/Users/mvppr/Desktop/Design/pico/pico-sdk/src/rp2_common/hardware_claim/claim.c.obj
                0x000000001000114c                hw_claim_unused_from_range
 .text.hw_claim_clear
                0x00000000100011e8       0x38 CMakeFiles/picow_tcpip_server_poll.dir/mnt/c/Users/mvppr/Desktop/Design/pico/pico-sdk/src/rp2_common/hardware_claim/claim.c.obj
                0x00000000100011e8                hw_claim_clear
 .text.spin_locks_reset
                0x0000000010001220       0x1c CMakeFiles/picow_tcpip_server_poll.dir/mnt/c/Users/mvppr/Desktop/Design/pico/pico-sdk/src/rp2_common/hardware_sync/sync.c.obj
                0x0000000010001220                spin_locks_reset
 .text.next_striped_spin_lock_num
                0x000000001000123c       0x18 CMakeFiles/picow_tcpip_server_poll.dir/mnt/c/Users/mvppr/Desktop/Design/pico/pico-sdk/src/rp2_common/hardware_sync/sync.c.obj
                0x000000001000123c                next_striped_spin_lock_num
 .text.rom_func_lookup
                0x0000000010001254       0x10 CMakeFiles/picow_tcpip_server_poll.dir/mnt/c/Users/mvppr/Desktop/Design/pico/pico-sdk/src/rp2_common/pico_bootrom/bootrom.c.obj
                0x0000000010001254                rom_func_lookup
 .text.rom_data_lookup
                0x0000000010001264       0x10 CMakeFiles/picow_tcpip_server_poll.dir/mnt/c/Users/mvppr/Desktop/Design/pico/pico-sdk/src/rp2_common/pico_bootrom/bootrom.c.obj
                0x0000000010001264                rom_data_lookup
 .text.rom_funcs_lookup
                0x0000000010001274       0x44 CMakeFiles/picow_tcpip_server_poll.dir/mnt/c/Users/mvppr/Desktop/Design/pico/pico-sdk/src/rp2_common/pico_bootrom/bootrom.c.obj
                0x0000000010001274                rom_funcs_lookup
 .text.clocks_init
                0x00000000100012b8      0x2d0 CMakeFiles/picow_tcpip_server_poll.dir/mnt/c/Users/mvppr/Desktop/Design/pico/pico-sdk/src/rp2_common/hardware_clocks/clocks.c.obj
                0x00000000100012b8                clocks_init
 .text.clock_get_hz
                0x0000000010001588        0xc CMakeFiles/picow_tcpip_server_poll.dir/mnt/c/Users/mvppr/Desktop/Design/pico/pico-sdk/src/rp2_common/hardware_clocks/clocks.c.obj
                0x0000000010001588                clock_get_hz
 .text.gpio_set_function
                0x0000000010001594       0x30 CMakeFiles/picow_tcpip_server_poll.dir/mnt/c/Users/mvppr/Desktop/Design/pico/pico-sdk/src/rp2_common/hardware_gpio/gpio.c.obj
                0x0000000010001594                gpio_set_function
 .text.gpio_set_pulls
                0x00000000100015c4       0x30 CMakeFiles/picow_tcpip_server_poll.dir/mnt/c/Users/mvppr/Desktop/Design/pico/pico-sdk/src/rp2_common/hardware_gpio/gpio.c.obj
                0x00000000100015c4                gpio_set_pulls
 .text.gpio_set_input_hysteresis_enabled
                0x00000000100015f4       0x28 CMakeFiles/picow_tcpip_server_poll.dir/mnt/c/Users/mvppr/Desktop/Design/pico/pico-sdk/src/rp2_common/hardware_gpio/gpio.c.obj
                0x00000000100015f4                gpio_set_input_hysteresis_enabled
 .text.gpio_set_irq_enabled
                0x000000001000161c       0x54 CMakeFiles/picow_tcpip_server_poll.dir/mnt/c/Users/mvppr/Desktop/Design/pico/pico-sdk/src/rp2_common/hardware_gpio/gpio.c.obj
                0x000000001000161c                gpio_set_irq_enabled
 .text.gpio_add_raw_irq_handler_with_order_priority_masked
                0x0000000010001670       0x44 CMakeFiles/picow_tcpip_server_poll.dir/mnt/c/Users/mvppr/Desktop/Design/pico/pico-sdk/src/rp2_common/hardware_gpio/gpio.c.obj
                0x0000000010001670                gpio_add_raw_irq_handler_with_order_priority_masked
 .text.gpio_remove_raw_irq_handler_masked
                0x00000000100016b4       0x20 CMakeFiles/picow_tcpip_server_poll.dir/mnt/c/Users/mvppr/Desktop/Design/pico/pico-sdk/src/rp2_common/hardware_gpio/gpio.c.obj
                0x00000000100016b4                gpio_remove_raw_irq_handler_masked
 .text.gpio_init
                0x00000000100016d4       0x3c CMakeFiles/picow_tcpip_server_poll.dir/mnt/c/Users/mvppr/Desktop/Design/pico/pico-sdk/src/rp2_common/hardware_gpio/gpio.c.obj
                0x00000000100016d4                gpio_init
 .text.irq_set_enabled
                0x0000000010001710       0x24 CMakeFiles/picow_tcpip_server_poll.dir/mnt/c/Users/mvppr/Desktop/Design/pico/pico-sdk/src/rp2_common/hardware_irq/irq.c.obj
                0x0000000010001710                irq_set_enabled
 .text.irq_get_vtable_handler
                0x0000000010001734       0x10 CMakeFiles/picow_tcpip_server_poll.dir/mnt/c/Users/mvppr/Desktop/Design/pico/pico-sdk/src/rp2_common/hardware_irq/irq.c.obj
                0x0000000010001734                irq_get_vtable_handler
 .text.irq_set_exclusive_handler
                0x0000000010001744       0x54 CMakeFiles/picow_tcpip_server_poll.dir/mnt/c/Users/mvppr/Desktop/Design/pico/pico-sdk/src/rp2_common/hardware_irq/irq.c.obj
                0x0000000010001744                irq_set_exclusive_handler
 .text.irq_add_shared_handler
                0x0000000010001798      0x1e8 CMakeFiles/picow_tcpip_server_poll.dir/mnt/c/Users/mvppr/Desktop/Design/pico/pico-sdk/src/rp2_common/hardware_irq/irq.c.obj
                0x0000000010001798                irq_add_shared_handler
 .text.irq_remove_handler
                0x0000000010001980      0x1b0 CMakeFiles/picow_tcpip_server_poll.dir/mnt/c/Users/mvppr/Desktop/Design/pico/pico-sdk/src/rp2_common/hardware_irq/irq.c.obj
                0x0000000010001980                irq_remove_handler
 .text.irq_add_tail_to_free_list
                0x0000000010001b30       0xb4 CMakeFiles/picow_tcpip_server_poll.dir/mnt/c/Users/mvppr/Desktop/Design/pico/pico-sdk/src/rp2_common/hardware_irq/irq.c.obj
                0x0000000010001b30                irq_add_tail_to_free_list
 .text.irq_init_priorities
                0x0000000010001be4       0x24 CMakeFiles/picow_tcpip_server_poll.dir/mnt/c/Users/mvppr/Desktop/Design/pico/pico-sdk/src/rp2_common/hardware_irq/irq.c.obj
                0x0000000010001be4                irq_init_priorities
 .text.sem_init
                0x0000000010001c08       0x20 CMakeFiles/picow_tcpip_server_poll.dir/mnt/c/Users/mvppr/Desktop/Design/pico/pico-sdk/src/common/pico_sync/sem.c.obj
                0x0000000010001c08                sem_init
 .text.lock_init
                0x0000000010001c28       0x10 CMakeFiles/picow_tcpip_server_poll.dir/mnt/c/Users/mvppr/Desktop/Design/pico/pico-sdk/src/common/pico_sync/lock_core.c.obj
                0x0000000010001c28                lock_init
 .text.mutex_init
                0x0000000010001c38       0x1c CMakeFiles/picow_tcpip_server_poll.dir/mnt/c/Users/mvppr/Desktop/Design/pico/pico-sdk/src/common/pico_sync/mutex.c.obj
                0x0000000010001c38                mutex_init
 .text.recursive_mutex_init
                0x0000000010001c54       0x1c CMakeFiles/picow_tcpip_server_poll.dir/mnt/c/Users/mvppr/Desktop/Design/pico/pico-sdk/src/common/pico_sync/mutex.c.obj
                0x0000000010001c54                recursive_mutex_init
 .text.timer_pool_entry_comparator
                0x0000000010001c70       0x34 CMakeFiles/picow_tcpip_server_poll.dir/mnt/c/Users/mvppr/Desktop/Design/pico/pico-sdk/src/common/pico_time/time.c.obj
                0x0000000010001c70                timer_pool_entry_comparator
 .text.sleep_until_callback
                0x0000000010001ca4       0x30 CMakeFiles/picow_tcpip_server_poll.dir/mnt/c/Users/mvppr/Desktop/Design/pico/pico-sdk/src/common/pico_time/time.c.obj
 .text.add_alarm_under_lock.isra.0
                0x0000000010001cd4      0x100 CMakeFiles/picow_tcpip_server_poll.dir/mnt/c/Users/mvppr/Desktop/Design/pico/pico-sdk/src/common/pico_time/time.c.obj
 .text.alarm_pool_alarm_callback
                0x0000000010001dd4      0x1bc CMakeFiles/picow_tcpip_server_poll.dir/mnt/c/Users/mvppr/Desktop/Design/pico/pico-sdk/src/common/pico_time/time.c.obj
 .text.alarm_pool_init_default
                0x0000000010001f90       0x6c CMakeFiles/picow_tcpip_server_poll.dir/mnt/c/Users/mvppr/Desktop/Design/pico/pico-sdk/src/common/pico_time/time.c.obj
                0x0000000010001f90                alarm_pool_init_default
 .text.alarm_pool_add_alarm_at
                0x0000000010001ffc      0x178 CMakeFiles/picow_tcpip_server_poll.dir/mnt/c/Users/mvppr/Desktop/Design/pico/pico-sdk/src/common/pico_time/time.c.obj
                0x0000000010001ffc                alarm_pool_add_alarm_at
 .text.sleep_until
                0x0000000010002174       0xc4 CMakeFiles/picow_tcpip_server_poll.dir/mnt/c/Users/mvppr/Desktop/Design/pico/pico-sdk/src/common/pico_time/time.c.obj
                0x0000000010002174                sleep_until
 .text.sleep_ms
                0x0000000010002238       0x34 CMakeFiles/picow_tcpip_server_poll.dir/mnt/c/Users/mvppr/Desktop/Design/pico/pico-sdk/src/common/pico_time/time.c.obj
                0x0000000010002238                sleep_ms
 .text.best_effort_wfe_or_timeout
                0x000000001000226c       0xd4 CMakeFiles/picow_tcpip_server_poll.dir/mnt/c/Users/mvppr/Desktop/Design/pico/pico-sdk/src/common/pico_time/time.c.obj
                0x000000001000226c                best_effort_wfe_or_timeout
 .text.hardware_alarm_irq_handler
                0x0000000010002340       0xbc CMakeFiles/picow_tcpip_server_poll.dir/mnt/c/Users/mvppr/Desktop/Design/pico/pico-sdk/src/rp2_common/hardware_timer/timer.c.obj
 .text.hardware_alarm_claim
                0x00000000100023fc       0x18 CMakeFiles/picow_tcpip_server_poll.dir/mnt/c/Users/mvppr/Desktop/Design/pico/pico-sdk/src/rp2_common/hardware_timer/timer.c.obj
                0x00000000100023fc                hardware_alarm_claim
 .text.time_us_64
                0x0000000010002414       0x14 CMakeFiles/picow_tcpip_server_poll.dir/mnt/c/Users/mvppr/Desktop/Design/pico/pico-sdk/src/rp2_common/hardware_timer/timer.c.obj
                0x0000000010002414                time_us_64
 .text.busy_wait_us
                0x0000000010002428       0x54 CMakeFiles/picow_tcpip_server_poll.dir/mnt/c/Users/mvppr/Desktop/Design/pico/pico-sdk/src/rp2_common/hardware_timer/timer.c.obj
                0x0000000010002428                busy_wait_us
 .text.busy_wait_until
                0x000000001000247c       0x20 CMakeFiles/picow_tcpip_server_poll.dir/mnt/c/Users/mvppr/Desktop/Design/pico/pico-sdk/src/rp2_common/hardware_timer/timer.c.obj
                0x000000001000247c                busy_wait_until
 .text.hardware_alarm_set_callback
                0x000000001000249c       0x8c CMakeFiles/picow_tcpip_server_poll.dir/mnt/c/Users/mvppr/Desktop/Design/pico/pico-sdk/src/rp2_common/hardware_timer/timer.c.obj
                0x000000001000249c                hardware_alarm_set_callback
 .text.hardware_alarm_set_target
                0x0000000010002528       0xd4 CMakeFiles/picow_tcpip_server_poll.dir/mnt/c/Users/mvppr/Desktop/Design/pico/pico-sdk/src/rp2_common/hardware_timer/timer.c.obj
                0x0000000010002528                hardware_alarm_set_target
 .text.hardware_alarm_cancel
                0x00000000100025fc       0x3c CMakeFiles/picow_tcpip_server_poll.dir/mnt/c/Users/mvppr/Desktop/Design/pico/pico-sdk/src/rp2_common/hardware_timer/timer.c.obj
                0x00000000100025fc                hardware_alarm_cancel
 .text.ph_merge_nodes
                0x0000000010002638       0x68 CMakeFiles/picow_tcpip_server_poll.dir/mnt/c/Users/mvppr/Desktop/Design/pico/pico-sdk/src/common/pico_util/pheap.c.obj
 .text.ph_post_alloc_init
                0x00000000100026a0       0x3c CMakeFiles/picow_tcpip_server_poll.dir/mnt/c/Users/mvppr/Desktop/Design/pico/pico-sdk/src/common/pico_util/pheap.c.obj
                0x00000000100026a0                ph_post_alloc_init
 .text.ph_merge_two_pass
                0x00000000100026dc       0x90 CMakeFiles/picow_tcpip_server_poll.dir/mnt/c/Users/mvppr/Desktop/Design/pico/pico-sdk/src/common/pico_util/pheap.c.obj
                0x00000000100026dc                ph_merge_two_pass
 .text.ph_remove_any_head
                0x000000001000276c      0x100 CMakeFiles/picow_tcpip_server_poll.dir/mnt/c/Users/mvppr/Desktop/Design/pico/pico-sdk/src/common/pico_util/pheap.c.obj
 .text.ph_remove_head
                0x000000001000286c      0x104 CMakeFiles/picow_tcpip_server_poll.dir/mnt/c/Users/mvppr/Desktop/Design/pico/pico-sdk/src/common/pico_util/pheap.c.obj
                0x000000001000286c                ph_remove_head
 .text.ph_remove_and_free_node
                0x0000000010002970       0x7c CMakeFiles/picow_tcpip_server_poll.dir/mnt/c/Users/mvppr/Desktop/Design/pico/pico-sdk/src/common/pico_util/pheap.c.obj
                0x0000000010002970                ph_remove_and_free_node
 .text.pll_init
                0x00000000100029ec       0xa0 CMakeFiles/picow_tcpip_server_poll.dir/mnt/c/Users/mvppr/Desktop/Design/pico/pico-sdk/src/rp2_common/hardware_pll/pll.c.obj
                0x00000000100029ec                pll_init
 .text.watchdog_start_tick
                0x0000000010002a8c       0x10 CMakeFiles/picow_tcpip_server_poll.dir/mnt/c/Users/mvppr/Desktop/Design/pico/pico-sdk/src/rp2_common/hardware_watchdog/watchdog.c.obj
                0x0000000010002a8c                watchdog_start_tick
 .text.xosc_init
                0x0000000010002a9c       0x28 CMakeFiles/picow_tcpip_server_poll.dir/mnt/c/Users/mvppr/Desktop/Design/pico/pico-sdk/src/rp2_common/hardware_xosc/xosc.c.obj
                0x0000000010002a9c                xosc_init
 .text.lwip_init
                0x0000000010002ac4       0x24 CMakeFiles/picow_tcpip_server_poll.dir/mnt/c/Users/mvppr/Desktop/Design/pico/pico-sdk/lib/lwip/src/core/init.c.obj
                0x0000000010002ac4                lwip_init
 .text.lwip_htons
                0x0000000010002ae8        0x8 CMakeFiles/picow_tcpip_server_poll.dir/mnt/c/Users/mvppr/Desktop/Design/pico/pico-sdk/lib/lwip/src/core/def.c.obj
                0x0000000010002ae8                lwip_htons
 .text.lwip_htonl
                0x0000000010002af0        0x4 CMakeFiles/picow_tcpip_server_poll.dir/mnt/c/Users/mvppr/Desktop/Design/pico/pico-sdk/lib/lwip/src/core/def.c.obj
                0x0000000010002af0                lwip_htonl
 .text.dns_call_found
                0x0000000010002af4      0x134 CMakeFiles/picow_tcpip_server_poll.dir/mnt/c/Users/mvppr/Desktop/Design/pico/pico-sdk/lib/lwip/src/core/dns.c.obj
 .text.dns_send.isra.0
                0x0000000010002c28      0x168 CMakeFiles/picow_tcpip_server_poll.dir/mnt/c/Users/mvppr/Desktop/Design/pico/pico-sdk/lib/lwip/src/core/dns.c.obj
 .text.dns_init
                0x0000000010002d90        0x4 CMakeFiles/picow_tcpip_server_poll.dir/mnt/c/Users/mvppr/Desktop/Design/pico/pico-sdk/lib/lwip/src/core/dns.c.obj
                0x0000000010002d90                dns_init
 .text.dns_setserver
                0x0000000010002d94       0x2c CMakeFiles/picow_tcpip_server_poll.dir/mnt/c/Users/mvppr/Desktop/Design/pico/pico-sdk/lib/lwip/src/core/dns.c.obj
                0x0000000010002d94                dns_setserver
 .text.dns_tmr  0x0000000010002dc0      0x138 CMakeFiles/picow_tcpip_server_poll.dir/mnt/c/Users/mvppr/Desktop/Design/pico/pico-sdk/lib/lwip/src/core/dns.c.obj
                0x0000000010002dc0                dns_tmr
 .text.lwip_standard_chksum
                0x0000000010002ef8       0xd8 CMakeFiles/picow_tcpip_server_poll.dir/mnt/c/Users/mvppr/Desktop/Design/pico/pico-sdk/lib/lwip/src/core/inet_chksum.c.obj
                0x0000000010002ef8                lwip_standard_chksum
 .text.inet_chksum_pseudo
                0x0000000010002fd0       0xb4 CMakeFiles/picow_tcpip_server_poll.dir/mnt/c/Users/mvppr/Desktop/Design/pico/pico-sdk/lib/lwip/src/core/inet_chksum.c.obj
                0x0000000010002fd0                inet_chksum_pseudo
 .text.ip_chksum_pseudo
                0x0000000010003084       0x10 CMakeFiles/picow_tcpip_server_poll.dir/mnt/c/Users/mvppr/Desktop/Design/pico/pico-sdk/lib/lwip/src/core/inet_chksum.c.obj
                0x0000000010003084                ip_chksum_pseudo
 .text.inet_chksum
                0x0000000010003094        0xc CMakeFiles/picow_tcpip_server_poll.dir/mnt/c/Users/mvppr/Desktop/Design/pico/pico-sdk/lib/lwip/src/core/inet_chksum.c.obj
                0x0000000010003094                inet_chksum
 .text.inet_chksum_pbuf
                0x00000000100030a0       0x6c CMakeFiles/picow_tcpip_server_poll.dir/mnt/c/Users/mvppr/Desktop/Design/pico/pico-sdk/lib/lwip/src/core/inet_chksum.c.obj
                0x00000000100030a0                inet_chksum_pbuf
 .text.mem_init
                0x000000001000310c        0x4 CMakeFiles/picow_tcpip_server_poll.dir/mnt/c/Users/mvppr/Desktop/Design/pico/pico-sdk/lib/lwip/src/core/mem.c.obj
                0x000000001000310c                mem_init
 .text.mem_trim
                0x0000000010003110        0x4 CMakeFiles/picow_tcpip_server_poll.dir/mnt/c/Users/mvppr/Desktop/Design/pico/pico-sdk/lib/lwip/src/core/mem.c.obj
                0x0000000010003110                mem_trim
 .text.mem_malloc
                0x0000000010003114       0x2c CMakeFiles/picow_tcpip_server_poll.dir/mnt/c/Users/mvppr/Desktop/Design/pico/pico-sdk/lib/lwip/src/core/mem.c.obj
                0x0000000010003114                mem_malloc
 .text.mem_free
                0x0000000010003140       0x2c CMakeFiles/picow_tcpip_server_poll.dir/mnt/c/Users/mvppr/Desktop/Design/pico/pico-sdk/lib/lwip/src/core/mem.c.obj
                0x0000000010003140                mem_free
 .text.memp_init
                0x000000001000316c       0x6c CMakeFiles/picow_tcpip_server_poll.dir/mnt/c/Users/mvppr/Desktop/Design/pico/pico-sdk/lib/lwip/src/core/memp.c.obj
                0x000000001000316c                memp_init
 .text.memp_malloc
                0x00000000100031d8       0x3c CMakeFiles/picow_tcpip_server_poll.dir/mnt/c/Users/mvppr/Desktop/Design/pico/pico-sdk/lib/lwip/src/core/memp.c.obj
                0x00000000100031d8                memp_malloc
 .text.memp_free
                0x0000000010003214       0x38 CMakeFiles/picow_tcpip_server_poll.dir/mnt/c/Users/mvppr/Desktop/Design/pico/pico-sdk/lib/lwip/src/core/memp.c.obj
                0x0000000010003214                memp_free
 .text.netif_null_output_ip4
                0x000000001000324c        0x8 CMakeFiles/picow_tcpip_server_poll.dir/mnt/c/Users/mvppr/Desktop/Design/pico/pico-sdk/lib/lwip/src/core/netif.c.obj
 .text.netif_do_set_ipaddr.isra.0
                0x0000000010003254       0x70 CMakeFiles/picow_tcpip_server_poll.dir/mnt/c/Users/mvppr/Desktop/Design/pico/pico-sdk/lib/lwip/src/core/netif.c.obj
 .text.netif_init
                0x00000000100032c4        0x4 CMakeFiles/picow_tcpip_server_poll.dir/mnt/c/Users/mvppr/Desktop/Design/pico/pico-sdk/lib/lwip/src/core/netif.c.obj
                0x00000000100032c4                netif_init
 .text.netif_add
                0x00000000100032c8      0x144 CMakeFiles/picow_tcpip_server_poll.dir/mnt/c/Users/mvppr/Desktop/Design/pico/pico-sdk/lib/lwip/src/core/netif.c.obj
                0x00000000100032c8                netif_add
 .text.netif_set_addr
                0x000000001000340c       0xb8 CMakeFiles/picow_tcpip_server_poll.dir/mnt/c/Users/mvppr/Desktop/Design/pico/pico-sdk/lib/lwip/src/core/netif.c.obj
                0x000000001000340c                netif_set_addr
 .text.netif_remove
                0x00000000100034c4       0x94 CMakeFiles/picow_tcpip_server_poll.dir/mnt/c/Users/mvppr/Desktop/Design/pico/pico-sdk/lib/lwip/src/core/netif.c.obj
                0x00000000100034c4                netif_remove
 .text.netif_set_default
                0x0000000010003558        0xc CMakeFiles/picow_tcpip_server_poll.dir/mnt/c/Users/mvppr/Desktop/Design/pico/pico-sdk/lib/lwip/src/core/netif.c.obj
                0x0000000010003558                netif_set_default
 .text.netif_set_up
                0x0000000010003564       0x40 CMakeFiles/picow_tcpip_server_poll.dir/mnt/c/Users/mvppr/Desktop/Design/pico/pico-sdk/lib/lwip/src/core/netif.c.obj
                0x0000000010003564                netif_set_up
 .text.netif_set_link_up
                0x00000000100035a4       0x44 CMakeFiles/picow_tcpip_server_poll.dir/mnt/c/Users/mvppr/Desktop/Design/pico/pico-sdk/lib/lwip/src/core/netif.c.obj
                0x00000000100035a4                netif_set_link_up
 .text.netif_set_link_down
                0x00000000100035e8       0x20 CMakeFiles/picow_tcpip_server_poll.dir/mnt/c/Users/mvppr/Desktop/Design/pico/pico-sdk/lib/lwip/src/core/netif.c.obj
                0x00000000100035e8                netif_set_link_down
 .text.netif_get_by_index
                0x0000000010003608       0x2c CMakeFiles/picow_tcpip_server_poll.dir/mnt/c/Users/mvppr/Desktop/Design/pico/pico-sdk/lib/lwip/src/core/netif.c.obj
                0x0000000010003608                netif_get_by_index
 .text.pbuf_free.part.0
                0x0000000010003634       0x7c CMakeFiles/picow_tcpip_server_poll.dir/mnt/c/Users/mvppr/Desktop/Design/pico/pico-sdk/lib/lwip/src/core/pbuf.c.obj
 .text.pbuf_free_ooseq
                0x00000000100036b0       0x34 CMakeFiles/picow_tcpip_server_poll.dir/mnt/c/Users/mvppr/Desktop/Design/pico/pico-sdk/lib/lwip/src/core/pbuf.c.obj
                0x00000000100036b0                pbuf_free_ooseq
 .text.pbuf_alloc
                0x00000000100036e4      0x12c CMakeFiles/picow_tcpip_server_poll.dir/mnt/c/Users/mvppr/Desktop/Design/pico/pico-sdk/lib/lwip/src/core/pbuf.c.obj
                0x00000000100036e4                pbuf_alloc
 .text.pbuf_realloc
                0x0000000010003810       0x84 CMakeFiles/picow_tcpip_server_poll.dir/mnt/c/Users/mvppr/Desktop/Design/pico/pico-sdk/lib/lwip/src/core/pbuf.c.obj
                0x0000000010003810                pbuf_realloc
 .text.pbuf_add_header
                0x0000000010003894       0x54 CMakeFiles/picow_tcpip_server_poll.dir/mnt/c/Users/mvppr/Desktop/Design/pico/pico-sdk/lib/lwip/src/core/pbuf.c.obj
                0x0000000010003894                pbuf_add_header
 .text.pbuf_remove_header
                0x00000000100038e8       0x44 CMakeFiles/picow_tcpip_server_poll.dir/mnt/c/Users/mvppr/Desktop/Design/pico/pico-sdk/lib/lwip/src/core/pbuf.c.obj
                0x00000000100038e8                pbuf_remove_header
 .text.pbuf_header_force
                0x000000001000392c       0x74 CMakeFiles/picow_tcpip_server_poll.dir/mnt/c/Users/mvppr/Desktop/Design/pico/pico-sdk/lib/lwip/src/core/pbuf.c.obj
                0x000000001000392c                pbuf_header_force
 .text.pbuf_free
                0x00000000100039a0       0x18 CMakeFiles/picow_tcpip_server_poll.dir/mnt/c/Users/mvppr/Desktop/Design/pico/pico-sdk/lib/lwip/src/core/pbuf.c.obj
                0x00000000100039a0                pbuf_free
 .text.pbuf_clen
                0x00000000100039b8       0x14 CMakeFiles/picow_tcpip_server_poll.dir/mnt/c/Users/mvppr/Desktop/Design/pico/pico-sdk/lib/lwip/src/core/pbuf.c.obj
                0x00000000100039b8                pbuf_clen
 .text.pbuf_ref
                0x00000000100039cc       0x28 CMakeFiles/picow_tcpip_server_poll.dir/mnt/c/Users/mvppr/Desktop/Design/pico/pico-sdk/lib/lwip/src/core/pbuf.c.obj
                0x00000000100039cc                pbuf_ref
 .text.pbuf_cat
                0x00000000100039f4       0x3c CMakeFiles/picow_tcpip_server_poll.dir/mnt/c/Users/mvppr/Desktop/Design/pico/pico-sdk/lib/lwip/src/core/pbuf.c.obj
                0x00000000100039f4                pbuf_cat
 .text.pbuf_chain
                0x0000000010003a30       0x64 CMakeFiles/picow_tcpip_server_poll.dir/mnt/c/Users/mvppr/Desktop/Design/pico/pico-sdk/lib/lwip/src/core/pbuf.c.obj
                0x0000000010003a30                pbuf_chain
 .text.pbuf_copy_partial_pbuf
                0x0000000010003a94      0x13c CMakeFiles/picow_tcpip_server_poll.dir/mnt/c/Users/mvppr/Desktop/Design/pico/pico-sdk/lib/lwip/src/core/pbuf.c.obj
                0x0000000010003a94                pbuf_copy_partial_pbuf
 .text.pbuf_copy
                0x0000000010003bd0       0x18 CMakeFiles/picow_tcpip_server_poll.dir/mnt/c/Users/mvppr/Desktop/Design/pico/pico-sdk/lib/lwip/src/core/pbuf.c.obj
                0x0000000010003bd0                pbuf_copy
 .text.pbuf_copy_partial
                0x0000000010003be8       0x70 CMakeFiles/picow_tcpip_server_poll.dir/mnt/c/Users/mvppr/Desktop/Design/pico/pico-sdk/lib/lwip/src/core/pbuf.c.obj
                0x0000000010003be8                pbuf_copy_partial
 .text.pbuf_take
                0x0000000010003c58       0x78 CMakeFiles/picow_tcpip_server_poll.dir/mnt/c/Users/mvppr/Desktop/Design/pico/pico-sdk/lib/lwip/src/core/pbuf.c.obj
                0x0000000010003c58                pbuf_take
 .text.pbuf_take_at
                0x0000000010003cd0       0xc0 CMakeFiles/picow_tcpip_server_poll.dir/mnt/c/Users/mvppr/Desktop/Design/pico/pico-sdk/lib/lwip/src/core/pbuf.c.obj
                0x0000000010003cd0                pbuf_take_at
 .text.pbuf_clone
                0x0000000010003d90       0x30 CMakeFiles/picow_tcpip_server_poll.dir/mnt/c/Users/mvppr/Desktop/Design/pico/pico-sdk/lib/lwip/src/core/pbuf.c.obj
                0x0000000010003d90                pbuf_clone
 .text.pbuf_put_at
                0x0000000010003dc0       0x1c CMakeFiles/picow_tcpip_server_poll.dir/mnt/c/Users/mvppr/Desktop/Design/pico/pico-sdk/lib/lwip/src/core/pbuf.c.obj
                0x0000000010003dc0                pbuf_put_at
 .text.raw_input
                0x0000000010003ddc       0xf0 CMakeFiles/picow_tcpip_server_poll.dir/mnt/c/Users/mvppr/Desktop/Design/pico/pico-sdk/lib/lwip/src/core/raw.c.obj
                0x0000000010003ddc                raw_input
 .text.raw_netif_ip_addr_changed
                0x0000000010003ecc       0x40 CMakeFiles/picow_tcpip_server_poll.dir/mnt/c/Users/mvppr/Desktop/Design/pico/pico-sdk/lib/lwip/src/core/raw.c.obj
                0x0000000010003ecc                raw_netif_ip_addr_changed
 .text.stats_init
                0x0000000010003f0c        0x4 CMakeFiles/picow_tcpip_server_poll.dir/mnt/c/Users/mvppr/Desktop/Design/pico/pico-sdk/lib/lwip/src/core/stats.c.obj
                0x0000000010003f0c                stats_init
 .text.tcp_close_shutdown_fin
                0x0000000010003f10       0x58 CMakeFiles/picow_tcpip_server_poll.dir/mnt/c/Users/mvppr/Desktop/Design/pico/pico-sdk/lib/lwip/src/core/tcp.c.obj
 .text.tcp_pcb_purge.part.0
                0x0000000010003f68       0xc4 CMakeFiles/picow_tcpip_server_poll.dir/mnt/c/Users/mvppr/Desktop/Design/pico/pico-sdk/lib/lwip/src/core/tcp.c.obj
 .text.tcp_init
                0x000000001000402c       0x20 CMakeFiles/picow_tcpip_server_poll.dir/mnt/c/Users/mvppr/Desktop/Design/pico/pico-sdk/lib/lwip/src/core/tcp.c.obj
                0x000000001000402c                tcp_init
 .text.tcp_free
                0x000000001000404c       0x1c CMakeFiles/picow_tcpip_server_poll.dir/mnt/c/Users/mvppr/Desktop/Design/pico/pico-sdk/lib/lwip/src/core/tcp.c.obj
                0x000000001000404c                tcp_free
 .text.tcp_bind
                0x0000000010004068       0xf8 CMakeFiles/picow_tcpip_server_poll.dir/mnt/c/Users/mvppr/Desktop/Design/pico/pico-sdk/lib/lwip/src/core/tcp.c.obj
                0x0000000010004068                tcp_bind
 .text.tcp_listen_with_backlog
                0x0000000010004160       0x98 CMakeFiles/picow_tcpip_server_poll.dir/mnt/c/Users/mvppr/Desktop/Design/pico/pico-sdk/lib/lwip/src/core/tcp.c.obj
                0x0000000010004160                tcp_listen_with_backlog
 .text.tcp_update_rcv_ann_wnd
                0x00000000100041f8       0x60 CMakeFiles/picow_tcpip_server_poll.dir/mnt/c/Users/mvppr/Desktop/Design/pico/pico-sdk/lib/lwip/src/core/tcp.c.obj
                0x00000000100041f8                tcp_update_rcv_ann_wnd
 .text.tcp_recved
                0x0000000010004258       0x98 CMakeFiles/picow_tcpip_server_poll.dir/mnt/c/Users/mvppr/Desktop/Design/pico/pico-sdk/lib/lwip/src/core/tcp.c.obj
                0x0000000010004258                tcp_recved
 .text.tcp_slowtmr
                0x00000000100042f0      0x4dc CMakeFiles/picow_tcpip_server_poll.dir/mnt/c/Users/mvppr/Desktop/Design/pico/pico-sdk/lib/lwip/src/core/tcp.c.obj
                0x00000000100042f0                tcp_slowtmr
 .text.tcp_segs_free
                0x00000000100047cc       0x38 CMakeFiles/picow_tcpip_server_poll.dir/mnt/c/Users/mvppr/Desktop/Design/pico/pico-sdk/lib/lwip/src/core/tcp.c.obj
                0x00000000100047cc                tcp_segs_free
 .text.tcp_seg_free
                0x0000000010004804       0x1c CMakeFiles/picow_tcpip_server_poll.dir/mnt/c/Users/mvppr/Desktop/Design/pico/pico-sdk/lib/lwip/src/core/tcp.c.obj
                0x0000000010004804                tcp_seg_free
 .text.tcp_seg_copy
                0x0000000010004820       0x2c CMakeFiles/picow_tcpip_server_poll.dir/mnt/c/Users/mvppr/Desktop/Design/pico/pico-sdk/lib/lwip/src/core/tcp.c.obj
                0x0000000010004820                tcp_seg_copy
 .text.tcp_arg  0x000000001000484c        0x8 CMakeFiles/picow_tcpip_server_poll.dir/mnt/c/Users/mvppr/Desktop/Design/pico/pico-sdk/lib/lwip/src/core/tcp.c.obj
                0x000000001000484c                tcp_arg
 .text.tcp_recv
                0x0000000010004854       0x1c CMakeFiles/picow_tcpip_server_poll.dir/mnt/c/Users/mvppr/Desktop/Design/pico/pico-sdk/lib/lwip/src/core/tcp.c.obj
                0x0000000010004854                tcp_recv
 .text.tcp_sent
                0x0000000010004870       0x1c CMakeFiles/picow_tcpip_server_poll.dir/mnt/c/Users/mvppr/Desktop/Design/pico/pico-sdk/lib/lwip/src/core/tcp.c.obj
                0x0000000010004870                tcp_sent
 .text.tcp_err  0x000000001000488c       0x1c CMakeFiles/picow_tcpip_server_poll.dir/mnt/c/Users/mvppr/Desktop/Design/pico/pico-sdk/lib/lwip/src/core/tcp.c.obj
                0x000000001000488c                tcp_err
 .text.tcp_accept
                0x00000000100048a8       0x10 CMakeFiles/picow_tcpip_server_poll.dir/mnt/c/Users/mvppr/Desktop/Design/pico/pico-sdk/lib/lwip/src/core/tcp.c.obj
                0x00000000100048a8                tcp_accept
 .text.tcp_poll
                0x00000000100048b8       0x20 CMakeFiles/picow_tcpip_server_poll.dir/mnt/c/Users/mvppr/Desktop/Design/pico/pico-sdk/lib/lwip/src/core/tcp.c.obj
                0x00000000100048b8                tcp_poll
 .text.tcp_pcb_purge
                0x00000000100048d8       0x18 CMakeFiles/picow_tcpip_server_poll.dir/mnt/c/Users/mvppr/Desktop/Design/pico/pico-sdk/lib/lwip/src/core/tcp.c.obj
                0x00000000100048d8                tcp_pcb_purge
 .text.tcp_pcb_remove
                0x00000000100048f0       0xc8 CMakeFiles/picow_tcpip_server_poll.dir/mnt/c/Users/mvppr/Desktop/Design/pico/pico-sdk/lib/lwip/src/core/tcp.c.obj
                0x00000000100048f0                tcp_pcb_remove
 .text.tcp_abandon
                0x00000000100049b8      0x1ac CMakeFiles/picow_tcpip_server_poll.dir/mnt/c/Users/mvppr/Desktop/Design/pico/pico-sdk/lib/lwip/src/core/tcp.c.obj
                0x00000000100049b8                tcp_abandon
 .text.tcp_abort
                0x0000000010004b64        0xc CMakeFiles/picow_tcpip_server_poll.dir/mnt/c/Users/mvppr/Desktop/Design/pico/pico-sdk/lib/lwip/src/core/tcp.c.obj
                0x0000000010004b64                tcp_abort
 .text.tcp_accept_null
                0x0000000010004b70       0x20 CMakeFiles/picow_tcpip_server_poll.dir/mnt/c/Users/mvppr/Desktop/Design/pico/pico-sdk/lib/lwip/src/core/tcp.c.obj
 .text.tcp_alloc
                0x0000000010004b90      0x1cc CMakeFiles/picow_tcpip_server_poll.dir/mnt/c/Users/mvppr/Desktop/Design/pico/pico-sdk/lib/lwip/src/core/tcp.c.obj
                0x0000000010004b90                tcp_alloc
 .text.tcp_new_ip_type
                0x0000000010004d5c      0x1ac CMakeFiles/picow_tcpip_server_poll.dir/mnt/c/Users/mvppr/Desktop/Design/pico/pico-sdk/lib/lwip/src/core/tcp.c.obj
                0x0000000010004d5c                tcp_new_ip_type
 .text.tcp_close_shutdown
                0x0000000010004f08      0x18c CMakeFiles/picow_tcpip_server_poll.dir/mnt/c/Users/mvppr/Desktop/Design/pico/pico-sdk/lib/lwip/src/core/tcp.c.obj
 .text.tcp_recv_null
                0x0000000010005094       0xd4 CMakeFiles/picow_tcpip_server_poll.dir/mnt/c/Users/mvppr/Desktop/Design/pico/pico-sdk/lib/lwip/src/core/tcp.c.obj
                0x0000000010005094                tcp_recv_null
 .text.tcp_process_refused_data
                0x0000000010005168       0x78 CMakeFiles/picow_tcpip_server_poll.dir/mnt/c/Users/mvppr/Desktop/Design/pico/pico-sdk/lib/lwip/src/core/tcp.c.obj
                0x0000000010005168                tcp_process_refused_data
 .text.tcp_fasttmr
                0x00000000100051e0       0x98 CMakeFiles/picow_tcpip_server_poll.dir/mnt/c/Users/mvppr/Desktop/Design/pico/pico-sdk/lib/lwip/src/core/tcp.c.obj
                0x00000000100051e0                tcp_fasttmr
 .text.tcp_tmr  0x0000000010005278       0x20 CMakeFiles/picow_tcpip_server_poll.dir/mnt/c/Users/mvppr/Desktop/Design/pico/pico-sdk/lib/lwip/src/core/tcp.c.obj
                0x0000000010005278                tcp_tmr
 .text.tcp_close
                0x0000000010005298      0x174 CMakeFiles/picow_tcpip_server_poll.dir/mnt/c/Users/mvppr/Desktop/Design/pico/pico-sdk/lib/lwip/src/core/tcp.c.obj
                0x0000000010005298                tcp_close
 .text.tcp_next_iss
                0x000000001000540c       0x28 CMakeFiles/picow_tcpip_server_poll.dir/mnt/c/Users/mvppr/Desktop/Design/pico/pico-sdk/lib/lwip/src/core/tcp.c.obj
                0x000000001000540c                tcp_next_iss
 .text.tcp_eff_send_mss_netif
                0x0000000010005434       0x38 CMakeFiles/picow_tcpip_server_poll.dir/mnt/c/Users/mvppr/Desktop/Design/pico/pico-sdk/lib/lwip/src/core/tcp.c.obj
                0x0000000010005434                tcp_eff_send_mss_netif
 .text.tcp_netif_ip_addr_changed
                0x000000001000546c       0x9c CMakeFiles/picow_tcpip_server_poll.dir/mnt/c/Users/mvppr/Desktop/Design/pico/pico-sdk/lib/lwip/src/core/tcp.c.obj
                0x000000001000546c                tcp_netif_ip_addr_changed
 .text.tcp_free_ooseq
                0x0000000010005508       0x40 CMakeFiles/picow_tcpip_server_poll.dir/mnt/c/Users/mvppr/Desktop/Design/pico/pico-sdk/lib/lwip/src/core/tcp.c.obj
                0x0000000010005508                tcp_free_ooseq
 .text.tcp_parseopt
                0x0000000010005548      0x190 CMakeFiles/picow_tcpip_server_poll.dir/mnt/c/Users/mvppr/Desktop/Design/pico/pico-sdk/lib/lwip/src/core/tcp_in.c.obj
 .text.tcp_oos_insert_segment
                0x00000000100056d8       0xe0 CMakeFiles/picow_tcpip_server_poll.dir/mnt/c/Users/mvppr/Desktop/Design/pico/pico-sdk/lib/lwip/src/core/tcp_in.c.obj
 .text.tcp_free_acked_segments.constprop.0
                0x00000000100057b8       0xdc CMakeFiles/picow_tcpip_server_poll.dir/mnt/c/Users/mvppr/Desktop/Design/pico/pico-sdk/lib/lwip/src/core/tcp_in.c.obj
 .text.tcp_receive
                0x0000000010005894      0xa4c CMakeFiles/picow_tcpip_server_poll.dir/mnt/c/Users/mvppr/Desktop/Design/pico/pico-sdk/lib/lwip/src/core/tcp_in.c.obj
 .text.tcp_input
                0x00000000100062e0      0xda4 CMakeFiles/picow_tcpip_server_poll.dir/mnt/c/Users/mvppr/Desktop/Design/pico/pico-sdk/lib/lwip/src/core/tcp_in.c.obj
                0x00000000100062e0                tcp_input
 .text.tcp_trigger_input_pcb_close
                0x0000000010007084       0x10 CMakeFiles/picow_tcpip_server_poll.dir/mnt/c/Users/mvppr/Desktop/Design/pico/pico-sdk/lib/lwip/src/core/tcp_in.c.obj
                0x0000000010007084                tcp_trigger_input_pcb_close
 .text.tcp_create_segment
                0x0000000010007094       0xf8 CMakeFiles/picow_tcpip_server_poll.dir/mnt/c/Users/mvppr/Desktop/Design/pico/pico-sdk/lib/lwip/src/core/tcp_out.c.obj
 .text.tcp_output_control_segment
                0x000000001000718c       0xc0 CMakeFiles/picow_tcpip_server_poll.dir/mnt/c/Users/mvppr/Desktop/Design/pico/pico-sdk/lib/lwip/src/core/tcp_out.c.obj
 .text.tcp_output_alloc_header.constprop.0
                0x000000001000724c       0xcc CMakeFiles/picow_tcpip_server_poll.dir/mnt/c/Users/mvppr/Desktop/Design/pico/pico-sdk/lib/lwip/src/core/tcp_out.c.obj
 .text.tcp_write
                0x0000000010007318      0x494 CMakeFiles/picow_tcpip_server_poll.dir/mnt/c/Users/mvppr/Desktop/Design/pico/pico-sdk/lib/lwip/src/core/tcp_out.c.obj
                0x0000000010007318                tcp_write
 .text.tcp_split_unsent_seg
                0x00000000100077ac      0x1c4 CMakeFiles/picow_tcpip_server_poll.dir/mnt/c/Users/mvppr/Desktop/Design/pico/pico-sdk/lib/lwip/src/core/tcp_out.c.obj
                0x00000000100077ac                tcp_split_unsent_seg
 .text.tcp_send_fin
                0x0000000010007970      0x12c CMakeFiles/picow_tcpip_server_poll.dir/mnt/c/Users/mvppr/Desktop/Design/pico/pico-sdk/lib/lwip/src/core/tcp_out.c.obj
                0x0000000010007970                tcp_send_fin
 .text.tcp_enqueue_flags
                0x0000000010007a9c      0x124 CMakeFiles/picow_tcpip_server_poll.dir/mnt/c/Users/mvppr/Desktop/Design/pico/pico-sdk/lib/lwip/src/core/tcp_out.c.obj
                0x0000000010007a9c                tcp_enqueue_flags
 .text.tcp_rexmit_rto_prepare
                0x0000000010007bc0       0x9c CMakeFiles/picow_tcpip_server_poll.dir/mnt/c/Users/mvppr/Desktop/Design/pico/pico-sdk/lib/lwip/src/core/tcp_out.c.obj
                0x0000000010007bc0                tcp_rexmit_rto_prepare
 .text.tcp_rexmit
                0x0000000010007c5c       0x9c CMakeFiles/picow_tcpip_server_poll.dir/mnt/c/Users/mvppr/Desktop/Design/pico/pico-sdk/lib/lwip/src/core/tcp_out.c.obj
                0x0000000010007c5c                tcp_rexmit
 .text.tcp_rexmit_fast
                0x0000000010007cf8       0x64 CMakeFiles/picow_tcpip_server_poll.dir/mnt/c/Users/mvppr/Desktop/Design/pico/pico-sdk/lib/lwip/src/core/tcp_out.c.obj
                0x0000000010007cf8                tcp_rexmit_fast
 .text.tcp_rst  0x0000000010007d5c       0xe8 CMakeFiles/picow_tcpip_server_poll.dir/mnt/c/Users/mvppr/Desktop/Design/pico/pico-sdk/lib/lwip/src/core/tcp_out.c.obj
                0x0000000010007d5c                tcp_rst
 .text.tcp_rst_netif
                0x0000000010007e44      0x130 CMakeFiles/picow_tcpip_server_poll.dir/mnt/c/Users/mvppr/Desktop/Design/pico/pico-sdk/lib/lwip/src/core/tcp_out.c.obj
                0x0000000010007e44                tcp_rst_netif
 .text.tcp_send_empty_ack
                0x0000000010007f74       0x54 CMakeFiles/picow_tcpip_server_poll.dir/mnt/c/Users/mvppr/Desktop/Design/pico/pico-sdk/lib/lwip/src/core/tcp_out.c.obj
                0x0000000010007f74                tcp_send_empty_ack
 .text.tcp_output
                0x0000000010007fc8      0x46c CMakeFiles/picow_tcpip_server_poll.dir/mnt/c/Users/mvppr/Desktop/Design/pico/pico-sdk/lib/lwip/src/core/tcp_out.c.obj
                0x0000000010007fc8                tcp_output
 .text.tcp_rexmit_rto_commit
                0x0000000010008434       0x24 CMakeFiles/picow_tcpip_server_poll.dir/mnt/c/Users/mvppr/Desktop/Design/pico/pico-sdk/lib/lwip/src/core/tcp_out.c.obj
                0x0000000010008434                tcp_rexmit_rto_commit
 .text.tcp_rexmit_rto
                0x0000000010008458       0xa4 CMakeFiles/picow_tcpip_server_poll.dir/mnt/c/Users/mvppr/Desktop/Design/pico/pico-sdk/lib/lwip/src/core/tcp_out.c.obj
                0x0000000010008458                tcp_rexmit_rto
 .text.tcp_keepalive
                0x00000000100084fc       0xe0 CMakeFiles/picow_tcpip_server_poll.dir/mnt/c/Users/mvppr/Desktop/Design/pico/pico-sdk/lib/lwip/src/core/tcp_out.c.obj
                0x00000000100084fc                tcp_keepalive
 .text.tcp_zero_window_probe
                0x00000000100085dc      0x108 CMakeFiles/picow_tcpip_server_poll.dir/mnt/c/Users/mvppr/Desktop/Design/pico/pico-sdk/lib/lwip/src/core/tcp_out.c.obj
                0x00000000100085dc                tcp_zero_window_probe
 .text.sys_timeout_abs
                0x00000000100086e4       0x48 CMakeFiles/picow_tcpip_server_poll.dir/mnt/c/Users/mvppr/Desktop/Design/pico/pico-sdk/lib/lwip/src/core/timeouts.c.obj
 .text.lwip_cyclic_timer
                0x000000001000872c       0x38 CMakeFiles/picow_tcpip_server_poll.dir/mnt/c/Users/mvppr/Desktop/Design/pico/pico-sdk/lib/lwip/src/core/timeouts.c.obj
 .text.tcpip_tcp_timer
                0x0000000010008764       0x3c CMakeFiles/picow_tcpip_server_poll.dir/mnt/c/Users/mvppr/Desktop/Design/pico/pico-sdk/lib/lwip/src/core/timeouts.c.obj
 .text.tcp_timer_needed
                0x00000000100087a0       0x40 CMakeFiles/picow_tcpip_server_poll.dir/mnt/c/Users/mvppr/Desktop/Design/pico/pico-sdk/lib/lwip/src/core/timeouts.c.obj
                0x00000000100087a0                tcp_timer_needed
 .text.sys_timeouts_init
                0x00000000100087e0       0x90 CMakeFiles/picow_tcpip_server_poll.dir/mnt/c/Users/mvppr/Desktop/Design/pico/pico-sdk/lib/lwip/src/core/timeouts.c.obj
                0x00000000100087e0                sys_timeouts_init
 .text.sys_check_timeouts
                0x0000000010008870       0x68 CMakeFiles/picow_tcpip_server_poll.dir/mnt/c/Users/mvppr/Desktop/Design/pico/pico-sdk/lib/lwip/src/core/timeouts.c.obj
                0x0000000010008870                sys_check_timeouts
 .text.sys_timeouts_sleeptime
                0x00000000100088d8       0x28 CMakeFiles/picow_tcpip_server_poll.dir/mnt/c/Users/mvppr/Desktop/Design/pico/pico-sdk/lib/lwip/src/core/timeouts.c.obj
                0x00000000100088d8                sys_timeouts_sleeptime
 .text.udp_init
                0x0000000010008900       0x20 CMakeFiles/picow_tcpip_server_poll.dir/mnt/c/Users/mvppr/Desktop/Design/pico/pico-sdk/lib/lwip/src/core/udp.c.obj
                0x0000000010008900                udp_init
 .text.udp_input
                0x0000000010008920      0x24c CMakeFiles/picow_tcpip_server_poll.dir/mnt/c/Users/mvppr/Desktop/Design/pico/pico-sdk/lib/lwip/src/core/udp.c.obj
                0x0000000010008920                udp_input
 .text.udp_bind
                0x0000000010008b6c      0x10c CMakeFiles/picow_tcpip_server_poll.dir/mnt/c/Users/mvppr/Desktop/Design/pico/pico-sdk/lib/lwip/src/core/udp.c.obj
                0x0000000010008b6c                udp_bind
 .text.udp_sendto_if_src
                0x0000000010008c78      0x130 CMakeFiles/picow_tcpip_server_poll.dir/mnt/c/Users/mvppr/Desktop/Design/pico/pico-sdk/lib/lwip/src/core/udp.c.obj
                0x0000000010008c78                udp_sendto_if_src
 .text.udp_sendto_if
                0x0000000010008da8       0x48 CMakeFiles/picow_tcpip_server_poll.dir/mnt/c/Users/mvppr/Desktop/Design/pico/pico-sdk/lib/lwip/src/core/udp.c.obj
                0x0000000010008da8                udp_sendto_if
 .text.udp_sendto
                0x0000000010008df0       0x7c CMakeFiles/picow_tcpip_server_poll.dir/mnt/c/Users/mvppr/Desktop/Design/pico/pico-sdk/lib/lwip/src/core/udp.c.obj
                0x0000000010008df0                udp_sendto
 .text.udp_connect
                0x0000000010008e6c       0x64 CMakeFiles/picow_tcpip_server_poll.dir/mnt/c/Users/mvppr/Desktop/Design/pico/pico-sdk/lib/lwip/src/core/udp.c.obj
                0x0000000010008e6c                udp_connect
 .text.udp_recv
                0x0000000010008ed0        0xc CMakeFiles/picow_tcpip_server_poll.dir/mnt/c/Users/mvppr/Desktop/Design/pico/pico-sdk/lib/lwip/src/core/udp.c.obj
                0x0000000010008ed0                udp_recv
 .text.udp_remove
                0x0000000010008edc       0x3c CMakeFiles/picow_tcpip_server_poll.dir/mnt/c/Users/mvppr/Desktop/Design/pico/pico-sdk/lib/lwip/src/core/udp.c.obj
                0x0000000010008edc                udp_remove
 .text.udp_new  0x0000000010008f18       0x1c CMakeFiles/picow_tcpip_server_poll.dir/mnt/c/Users/mvppr/Desktop/Design/pico/pico-sdk/lib/lwip/src/core/udp.c.obj
                0x0000000010008f18                udp_new
 .text.udp_netif_ip_addr_changed
                0x0000000010008f34       0x40 CMakeFiles/picow_tcpip_server_poll.dir/mnt/c/Users/mvppr/Desktop/Design/pico/pico-sdk/lib/lwip/src/core/udp.c.obj
                0x0000000010008f34                udp_netif_ip_addr_changed
 .text.dhcp_create_msg
                0x0000000010008f74      0x16c CMakeFiles/picow_tcpip_server_poll.dir/mnt/c/Users/mvppr/Desktop/Design/pico/pico-sdk/lib/lwip/src/core/ipv4/dhcp.c.obj
 .text.dhcp_inc_pcb_refcount
                0x00000000100090e0       0x6c CMakeFiles/picow_tcpip_server_poll.dir/mnt/c/Users/mvppr/Desktop/Design/pico/pico-sdk/lib/lwip/src/core/ipv4/dhcp.c.obj
 .text.dhcp_bind
                0x000000001000914c      0x140 CMakeFiles/picow_tcpip_server_poll.dir/mnt/c/Users/mvppr/Desktop/Design/pico/pico-sdk/lib/lwip/src/core/ipv4/dhcp.c.obj
 .text.dhcp_option_hostname.isra.0
                0x000000001000928c       0x8c CMakeFiles/picow_tcpip_server_poll.dir/mnt/c/Users/mvppr/Desktop/Design/pico/pico-sdk/lib/lwip/src/core/ipv4/dhcp.c.obj
 .text.dhcp_handle_ack.isra.0
                0x0000000010009318       0xcc CMakeFiles/picow_tcpip_server_poll.dir/mnt/c/Users/mvppr/Desktop/Design/pico/pico-sdk/lib/lwip/src/core/ipv4/dhcp.c.obj
 .text.dhcp_reboot.isra.0
                0x00000000100093e4      0x1e4 CMakeFiles/picow_tcpip_server_poll.dir/mnt/c/Users/mvppr/Desktop/Design/pico/pico-sdk/lib/lwip/src/core/ipv4/dhcp.c.obj
 .text.dhcp_discover
                0x00000000100095c8      0x198 CMakeFiles/picow_tcpip_server_poll.dir/mnt/c/Users/mvppr/Desktop/Design/pico/pico-sdk/lib/lwip/src/core/ipv4/dhcp.c.obj
 .text.dhcp_select.isra.0
                0x0000000010009760      0x268 CMakeFiles/picow_tcpip_server_poll.dir/mnt/c/Users/mvppr/Desktop/Design/pico/pico-sdk/lib/lwip/src/core/ipv4/dhcp.c.obj
 .text.dhcp_recv
                0x00000000100099c8      0x494 CMakeFiles/picow_tcpip_server_poll.dir/mnt/c/Users/mvppr/Desktop/Design/pico/pico-sdk/lib/lwip/src/core/ipv4/dhcp.c.obj
 .text.dhcp_set_struct
                0x0000000010009e5c       0x44 CMakeFiles/picow_tcpip_server_poll.dir/mnt/c/Users/mvppr/Desktop/Design/pico/pico-sdk/lib/lwip/src/core/ipv4/dhcp.c.obj
                0x0000000010009e5c                dhcp_set_struct
 .text.dhcp_network_changed_link_up
                0x0000000010009ea0       0x40 CMakeFiles/picow_tcpip_server_poll.dir/mnt/c/Users/mvppr/Desktop/Design/pico/pico-sdk/lib/lwip/src/core/ipv4/dhcp.c.obj
                0x0000000010009ea0                dhcp_network_changed_link_up
 .text.dhcp_renew
                0x0000000010009ee0      0x1b8 CMakeFiles/picow_tcpip_server_poll.dir/mnt/c/Users/mvppr/Desktop/Design/pico/pico-sdk/lib/lwip/src/core/ipv4/dhcp.c.obj
                0x0000000010009ee0                dhcp_renew
 .text.dhcp_release_and_stop
                0x000000001000a098      0x180 CMakeFiles/picow_tcpip_server_poll.dir/mnt/c/Users/mvppr/Desktop/Design/pico/pico-sdk/lib/lwip/src/core/ipv4/dhcp.c.obj
                0x000000001000a098                dhcp_release_and_stop
 .text.dhcp_start
                0x000000001000a218       0xb0 CMakeFiles/picow_tcpip_server_poll.dir/mnt/c/Users/mvppr/Desktop/Design/pico/pico-sdk/lib/lwip/src/core/ipv4/dhcp.c.obj
                0x000000001000a218                dhcp_start
 .text.dhcp_coarse_tmr
                0x000000001000a2c8      0x238 CMakeFiles/picow_tcpip_server_poll.dir/mnt/c/Users/mvppr/Desktop/Design/pico/pico-sdk/lib/lwip/src/core/ipv4/dhcp.c.obj
                0x000000001000a2c8                dhcp_coarse_tmr
 .text.dhcp_fine_tmr
                0x000000001000a500       0x78 CMakeFiles/picow_tcpip_server_poll.dir/mnt/c/Users/mvppr/Desktop/Design/pico/pico-sdk/lib/lwip/src/core/ipv4/dhcp.c.obj
                0x000000001000a500                dhcp_fine_tmr
 .text.dhcp_stop
                0x000000001000a578      0x180 CMakeFiles/picow_tcpip_server_poll.dir/mnt/c/Users/mvppr/Desktop/Design/pico/pico-sdk/lib/lwip/src/core/ipv4/dhcp.c.obj
                0x000000001000a578                dhcp_stop
 .text.etharp_find_entry
                0x000000001000a6f8     0x1fbc CMakeFiles/picow_tcpip_server_poll.dir/mnt/c/Users/mvppr/Desktop/Design/pico/pico-sdk/lib/lwip/src/core/ipv4/etharp.c.obj
 .text.etharp_raw
                0x000000001000c6b4       0xec CMakeFiles/picow_tcpip_server_poll.dir/mnt/c/Users/mvppr/Desktop/Design/pico/pico-sdk/lib/lwip/src/core/ipv4/etharp.c.obj
 .text.etharp_output_to_arp_index
                0x000000001000c7a0       0xe4 CMakeFiles/picow_tcpip_server_poll.dir/mnt/c/Users/mvppr/Desktop/Design/pico/pico-sdk/lib/lwip/src/core/ipv4/etharp.c.obj
 .text.etharp_tmr
                0x000000001000c884       0x94 CMakeFiles/picow_tcpip_server_poll.dir/mnt/c/Users/mvppr/Desktop/Design/pico/pico-sdk/lib/lwip/src/core/ipv4/etharp.c.obj
                0x000000001000c884                etharp_tmr
 .text.etharp_cleanup_netif
                0x000000001000c918      0x188 CMakeFiles/picow_tcpip_server_poll.dir/mnt/c/Users/mvppr/Desktop/Design/pico/pico-sdk/lib/lwip/src/core/ipv4/etharp.c.obj
                0x000000001000c918                etharp_cleanup_netif
 .text.etharp_input
                0x000000001000caa0      0x1b0 CMakeFiles/picow_tcpip_server_poll.dir/mnt/c/Users/mvppr/Desktop/Design/pico/pico-sdk/lib/lwip/src/core/ipv4/etharp.c.obj
                0x000000001000caa0                etharp_input
 .text.etharp_query
                0x000000001000cc50      0x1c0 CMakeFiles/picow_tcpip_server_poll.dir/mnt/c/Users/mvppr/Desktop/Design/pico/pico-sdk/lib/lwip/src/core/ipv4/etharp.c.obj
                0x000000001000cc50                etharp_query
 .text.etharp_output
                0x000000001000ce10      0x24c CMakeFiles/picow_tcpip_server_poll.dir/mnt/c/Users/mvppr/Desktop/Design/pico/pico-sdk/lib/lwip/src/core/ipv4/etharp.c.obj
                0x000000001000ce10                etharp_output
 .text.etharp_request
                0x000000001000d05c       0x2c CMakeFiles/picow_tcpip_server_poll.dir/mnt/c/Users/mvppr/Desktop/Design/pico/pico-sdk/lib/lwip/src/core/ipv4/etharp.c.obj
                0x000000001000d05c                etharp_request
 .text.icmp_input
                0x000000001000d088      0x1e8 CMakeFiles/picow_tcpip_server_poll.dir/mnt/c/Users/mvppr/Desktop/Design/pico/pico-sdk/lib/lwip/src/core/ipv4/icmp.c.obj
                0x000000001000d088                icmp_input
 .text.icmp_dest_unreach
                0x000000001000d270       0xd0 CMakeFiles/picow_tcpip_server_poll.dir/mnt/c/Users/mvppr/Desktop/Design/pico/pico-sdk/lib/lwip/src/core/ipv4/icmp.c.obj
                0x000000001000d270                icmp_dest_unreach
 .text.icmp_time_exceeded
                0x000000001000d340       0xd0 CMakeFiles/picow_tcpip_server_poll.dir/mnt/c/Users/mvppr/Desktop/Design/pico/pico-sdk/lib/lwip/src/core/ipv4/icmp.c.obj
                0x000000001000d340                icmp_time_exceeded
 .text.ip_reass_free_complete_datagram
                0x000000001000d410      0x114 CMakeFiles/picow_tcpip_server_poll.dir/mnt/c/Users/mvppr/Desktop/Design/pico/pico-sdk/lib/lwip/src/core/ipv4/ip4_frag.c.obj
 .text.ip_reass_remove_oldest_datagram
                0x000000001000d524       0xd8 CMakeFiles/picow_tcpip_server_poll.dir/mnt/c/Users/mvppr/Desktop/Design/pico/pico-sdk/lib/lwip/src/core/ipv4/ip4_frag.c.obj
 .text.ip_reass_tmr
                0x000000001000d5fc       0x38 CMakeFiles/picow_tcpip_server_poll.dir/mnt/c/Users/mvppr/Desktop/Design/pico/pico-sdk/lib/lwip/src/core/ipv4/ip4_frag.c.obj
                0x000000001000d5fc                ip_reass_tmr
 .text.ip4_reass
                0x000000001000d634      0x534 CMakeFiles/picow_tcpip_server_poll.dir/mnt/c/Users/mvppr/Desktop/Design/pico/pico-sdk/lib/lwip/src/core/ipv4/ip4_frag.c.obj
                0x000000001000d634                ip4_reass
 .text.ip4_frag
                0x000000001000db68      0x17c CMakeFiles/picow_tcpip_server_poll.dir/mnt/c/Users/mvppr/Desktop/Design/pico/pico-sdk/lib/lwip/src/core/ipv4/ip4_frag.c.obj
                0x000000001000db68                ip4_frag
 .text.ip4_route
                0x000000001000dce4       0x7c CMakeFiles/picow_tcpip_server_poll.dir/mnt/c/Users/mvppr/Desktop/Design/pico/pico-sdk/lib/lwip/src/core/ipv4/ip4.c.obj
                0x000000001000dce4                ip4_route
 .text.ip4_input
                0x000000001000dd60      0x2cc CMakeFiles/picow_tcpip_server_poll.dir/mnt/c/Users/mvppr/Desktop/Design/pico/pico-sdk/lib/lwip/src/core/ipv4/ip4.c.obj
                0x000000001000dd60                ip4_input
 .text.ip4_output_if
                0x000000001000e02c      0x190 CMakeFiles/picow_tcpip_server_poll.dir/mnt/c/Users/mvppr/Desktop/Design/pico/pico-sdk/lib/lwip/src/core/ipv4/ip4.c.obj
                0x000000001000e02c                ip4_output_if
 .text.ip4_output_if_src
                0x000000001000e1bc      0x17c CMakeFiles/picow_tcpip_server_poll.dir/mnt/c/Users/mvppr/Desktop/Design/pico/pico-sdk/lib/lwip/src/core/ipv4/ip4.c.obj
                0x000000001000e1bc                ip4_output_if_src
 .text.ip4_addr_isbroadcast_u32
                0x000000001000e338       0x3c CMakeFiles/picow_tcpip_server_poll.dir/mnt/c/Users/mvppr/Desktop/Design/pico/pico-sdk/lib/lwip/src/core/ipv4/ip4_addr.c.obj
                0x000000001000e338                ip4_addr_isbroadcast_u32
 .text.ip4addr_ntoa
                0x000000001000e374       0xdc CMakeFiles/picow_tcpip_server_poll.dir/mnt/c/Users/mvppr/Desktop/Design/pico/pico-sdk/lib/lwip/src/core/ipv4/ip4_addr.c.obj
                0x000000001000e374                ip4addr_ntoa
 .text.ethernet_input
                0x000000001000e450       0xd0 CMakeFiles/picow_tcpip_server_poll.dir/mnt/c/Users/mvppr/Desktop/Design/pico/pico-sdk/lib/lwip/src/netif/ethernet.c.obj
                0x000000001000e450                ethernet_input
 .text.ethernet_output
                0x000000001000e520       0x6c CMakeFiles/picow_tcpip_server_poll.dir/mnt/c/Users/mvppr/Desktop/Design/pico/pico-sdk/lib/lwip/src/netif/ethernet.c.obj
                0x000000001000e520                ethernet_output
 .text.cyw43_arch_wifi_connect_bssid_until.part.0
                0x000000001000e58c       0xd8 CMakeFiles/picow_tcpip_server_poll.dir/mnt/c/Users/mvppr/Desktop/Design/pico/pico-sdk/src/rp2_common/pico_cyw43_arch/cyw43_arch.c.obj
 .text.cyw43_arch_set_async_context
                0x000000001000e664        0xc CMakeFiles/picow_tcpip_server_poll.dir/mnt/c/Users/mvppr/Desktop/Design/pico/pico-sdk/src/rp2_common/pico_cyw43_arch/cyw43_arch.c.obj
                0x000000001000e664                cyw43_arch_set_async_context
 .text.cyw43_arch_enable_sta_mode
                0x000000001000e670       0x1c CMakeFiles/picow_tcpip_server_poll.dir/mnt/c/Users/mvppr/Desktop/Design/pico/pico-sdk/src/rp2_common/pico_cyw43_arch/cyw43_arch.c.obj
                0x000000001000e670                cyw43_arch_enable_sta_mode
 .text.cyw43_arch_wifi_connect_timeout_ms
                0x000000001000e68c       0x9c CMakeFiles/picow_tcpip_server_poll.dir/mnt/c/Users/mvppr/Desktop/Design/pico/pico-sdk/src/rp2_common/pico_cyw43_arch/cyw43_arch.c.obj
                0x000000001000e68c                cyw43_arch_wifi_connect_timeout_ms
 .text.cyw43_arch_async_context
                0x000000001000e728        0xc CMakeFiles/picow_tcpip_server_poll.dir/mnt/c/Users/mvppr/Desktop/Design/pico/pico-sdk/src/rp2_common/pico_cyw43_arch/cyw43_arch.c.obj
                0x000000001000e728                cyw43_arch_async_context
 .text.cyw43_arch_poll
                0x000000001000e734       0x18 CMakeFiles/picow_tcpip_server_poll.dir/mnt/c/Users/mvppr/Desktop/Design/pico/pico-sdk/src/rp2_common/pico_cyw43_arch/cyw43_arch.c.obj
                0x000000001000e734                cyw43_arch_poll
 .text.cyw43_arch_wait_for_work_until
                0x000000001000e74c       0x18 CMakeFiles/picow_tcpip_server_poll.dir/mnt/c/Users/mvppr/Desktop/Design/pico/pico-sdk/src/rp2_common/pico_cyw43_arch/cyw43_arch.c.obj
                0x000000001000e74c                cyw43_arch_wait_for_work_until
 .text.cyw43_arch_init
                0x000000001000e764       0x68 CMakeFiles/picow_tcpip_server_poll.dir/mnt/c/Users/mvppr/Desktop/Design/pico/pico-sdk/src/rp2_common/pico_cyw43_arch/cyw43_arch_poll.c.obj
                0x000000001000e764                cyw43_arch_init
 .text.cyw43_arch_deinit
                0x000000001000e7cc       0x30 CMakeFiles/picow_tcpip_server_poll.dir/mnt/c/Users/mvppr/Desktop/Design/pico/pico-sdk/src/rp2_common/pico_cyw43_arch/cyw43_arch_poll.c.obj
                0x000000001000e7cc                cyw43_arch_deinit
 .text.ns_delay.constprop.0
                0x000000001000e7fc       0x20 CMakeFiles/picow_tcpip_server_poll.dir/mnt/c/Users/mvppr/Desktop/Design/pico/pico-sdk/src/rp2_common/pico_cyw43_driver/cyw43_bus_pio_spi.c.obj
 .text.cyw43_spi_deinit
                0x000000001000e81c       0x7c CMakeFiles/picow_tcpip_server_poll.dir/mnt/c/Users/mvppr/Desktop/Design/pico/pico-sdk/src/rp2_common/pico_cyw43_driver/cyw43_bus_pio_spi.c.obj
                0x000000001000e81c                cyw43_spi_deinit
 .text.cyw43_spi_init
                0x000000001000e898      0x154 CMakeFiles/picow_tcpip_server_poll.dir/mnt/c/Users/mvppr/Desktop/Design/pico/pico-sdk/src/rp2_common/pico_cyw43_driver/cyw43_bus_pio_spi.c.obj
                0x000000001000e898                cyw43_spi_init
 .text.cyw43_spi_transfer
                0x000000001000e9ec      0x430 CMakeFiles/picow_tcpip_server_poll.dir/mnt/c/Users/mvppr/Desktop/Design/pico/pico-sdk/src/rp2_common/pico_cyw43_driver/cyw43_bus_pio_spi.c.obj
                0x000000001000e9ec                cyw43_spi_transfer
 .text.cyw43_spi_gpio_setup
                0x000000001000ee1c       0x3c CMakeFiles/picow_tcpip_server_poll.dir/mnt/c/Users/mvppr/Desktop/Design/pico/pico-sdk/src/rp2_common/pico_cyw43_driver/cyw43_bus_pio_spi.c.obj
                0x000000001000ee1c                cyw43_spi_gpio_setup
 .text.cyw43_spi_reset
                0x000000001000ee58       0x28 CMakeFiles/picow_tcpip_server_poll.dir/mnt/c/Users/mvppr/Desktop/Design/pico/pico-sdk/src/rp2_common/pico_cyw43_driver/cyw43_bus_pio_spi.c.obj
                0x000000001000ee58                cyw43_spi_reset
 .text.read_reg_u32_swap
                0x000000001000ee80       0x3c CMakeFiles/picow_tcpip_server_poll.dir/mnt/c/Users/mvppr/Desktop/Design/pico/pico-sdk/src/rp2_common/pico_cyw43_driver/cyw43_bus_pio_spi.c.obj
                0x000000001000ee80                read_reg_u32_swap
 .text.cyw43_read_reg_u32
                0x000000001000eebc       0x6c CMakeFiles/picow_tcpip_server_poll.dir/mnt/c/Users/mvppr/Desktop/Design/pico/pico-sdk/src/rp2_common/pico_cyw43_driver/cyw43_bus_pio_spi.c.obj
                0x000000001000eebc                cyw43_read_reg_u32
 .text.cyw43_read_reg_u16
                0x000000001000ef28       0x6c CMakeFiles/picow_tcpip_server_poll.dir/mnt/c/Users/mvppr/Desktop/Design/pico/pico-sdk/src/rp2_common/pico_cyw43_driver/cyw43_bus_pio_spi.c.obj
                0x000000001000ef28                cyw43_read_reg_u16
 .text.cyw43_read_reg_u8
                0x000000001000ef94       0x6c CMakeFiles/picow_tcpip_server_poll.dir/mnt/c/Users/mvppr/Desktop/Design/pico/pico-sdk/src/rp2_common/pico_cyw43_driver/cyw43_bus_pio_spi.c.obj
                0x000000001000ef94                cyw43_read_reg_u8
 .text.write_reg_u32_swap
                0x000000001000f000      0x1e0 CMakeFiles/picow_tcpip_server_poll.dir/mnt/c/Users/mvppr/Desktop/Design/pico/pico-sdk/src/rp2_common/pico_cyw43_driver/cyw43_bus_pio_spi.c.obj
                0x000000001000f000                write_reg_u32_swap
 .text.cyw43_write_reg_u32
                0x000000001000f1e0      0x200 CMakeFiles/picow_tcpip_server_poll.dir/mnt/c/Users/mvppr/Desktop/Design/pico/pico-sdk/src/rp2_common/pico_cyw43_driver/cyw43_bus_pio_spi.c.obj
                0x000000001000f1e0                cyw43_write_reg_u32
 .text.cyw43_write_reg_u16
                0x000000001000f3e0      0x200 CMakeFiles/picow_tcpip_server_poll.dir/mnt/c/Users/mvppr/Desktop/Design/pico/pico-sdk/src/rp2_common/pico_cyw43_driver/cyw43_bus_pio_spi.c.obj
                0x000000001000f3e0                cyw43_write_reg_u16
 .text.cyw43_write_reg_u8
                0x000000001000f5e0      0x200 CMakeFiles/picow_tcpip_server_poll.dir/mnt/c/Users/mvppr/Desktop/Design/pico/pico-sdk/src/rp2_common/pico_cyw43_driver/cyw43_bus_pio_spi.c.obj
                0x000000001000f5e0                cyw43_write_reg_u8
 .text.cyw43_read_bytes
                0x000000001000f7e0       0x78 CMakeFiles/picow_tcpip_server_poll.dir/mnt/c/Users/mvppr/Desktop/Design/pico/pico-sdk/src/rp2_common/pico_cyw43_driver/cyw43_bus_pio_spi.c.obj
                0x000000001000f7e0                cyw43_read_bytes
 .text.cyw43_write_bytes
                0x000000001000f858       0xec CMakeFiles/picow_tcpip_server_poll.dir/mnt/c/Users/mvppr/Desktop/Design/pico/pico-sdk/src/rp2_common/pico_cyw43_driver/cyw43_bus_pio_spi.c.obj
                0x000000001000f858                cyw43_write_bytes
 .text.cyw43_set_backplane_window
                0x000000001000f944       0x64 CMakeFiles/picow_tcpip_server_poll.dir/mnt/c/Users/mvppr/Desktop/Design/pico/pico-sdk/lib/cyw43-driver/src/cyw43_ll.c.obj
 .text.cyw43_ll_parse_async_event
                0x000000001000f9a8      0x13c CMakeFiles/picow_tcpip_server_poll.dir/mnt/c/Users/mvppr/Desktop/Design/pico/pico-sdk/lib/cyw43-driver/src/cyw43_ll.c.obj
 .text.cyw43_kso_set
                0x000000001000fae4       0xa0 CMakeFiles/picow_tcpip_server_poll.dir/mnt/c/Users/mvppr/Desktop/Design/pico/pico-sdk/lib/cyw43-driver/src/cyw43_ll.c.obj
 .text.cyw43_ll_sdpcm_poll_device
                0x000000001000fb84      0x238 CMakeFiles/picow_tcpip_server_poll.dir/mnt/c/Users/mvppr/Desktop/Design/pico/pico-sdk/lib/cyw43-driver/src/cyw43_ll.c.obj
 .text.cyw43_sdpcm_send_common
                0x000000001000fdbc       0xf0 CMakeFiles/picow_tcpip_server_poll.dir/mnt/c/Users/mvppr/Desktop/Design/pico/pico-sdk/lib/cyw43-driver/src/cyw43_ll.c.obj
 .text.cyw43_do_ioctl
                0x000000001000feac      0x110 CMakeFiles/picow_tcpip_server_poll.dir/mnt/c/Users/mvppr/Desktop/Design/pico/pico-sdk/lib/cyw43-driver/src/cyw43_ll.c.obj
 .text.cyw43_do_ioctl.constprop.0
                0x000000001000ffbc      0x108 CMakeFiles/picow_tcpip_server_poll.dir/mnt/c/Users/mvppr/Desktop/Design/pico/pico-sdk/lib/cyw43-driver/src/cyw43_ll.c.obj
 .text.cyw43_read_backplane.constprop.0
                0x00000000100100c4       0xdc CMakeFiles/picow_tcpip_server_poll.dir/mnt/c/Users/mvppr/Desktop/Design/pico/pico-sdk/lib/cyw43-driver/src/cyw43_ll.c.obj
 .text.reset_device_core.constprop.0
                0x00000000100101a0      0x3f0 CMakeFiles/picow_tcpip_server_poll.dir/mnt/c/Users/mvppr/Desktop/Design/pico/pico-sdk/lib/cyw43-driver/src/cyw43_ll.c.obj
 .text.cyw43_ll_init
                0x0000000010010590       0x1c CMakeFiles/picow_tcpip_server_poll.dir/mnt/c/Users/mvppr/Desktop/Design/pico/pico-sdk/lib/cyw43-driver/src/cyw43_ll.c.obj
                0x0000000010010590                cyw43_ll_init
 .text.cyw43_ll_deinit
                0x00000000100105ac        0x8 CMakeFiles/picow_tcpip_server_poll.dir/mnt/c/Users/mvppr/Desktop/Design/pico/pico-sdk/lib/cyw43-driver/src/cyw43_ll.c.obj
                0x00000000100105ac                cyw43_ll_deinit
 .text.cyw43_ll_send_ethernet
                0x00000000100105b4       0x60 CMakeFiles/picow_tcpip_server_poll.dir/mnt/c/Users/mvppr/Desktop/Design/pico/pico-sdk/lib/cyw43-driver/src/cyw43_ll.c.obj
                0x00000000100105b4                cyw43_ll_send_ethernet
 .text.cyw43_ll_process_packets
                0x0000000010010614       0x54 CMakeFiles/picow_tcpip_server_poll.dir/mnt/c/Users/mvppr/Desktop/Design/pico/pico-sdk/lib/cyw43-driver/src/cyw43_ll.c.obj
                0x0000000010010614                cyw43_ll_process_packets
 .text.cyw43_ll_ioctl
                0x0000000010010668       0x20 CMakeFiles/picow_tcpip_server_poll.dir/mnt/c/Users/mvppr/Desktop/Design/pico/pico-sdk/lib/cyw43-driver/src/cyw43_ll.c.obj
                0x0000000010010668                cyw43_ll_ioctl
 .text.cyw43_ll_bus_sleep
                0x0000000010010688       0x34 CMakeFiles/picow_tcpip_server_poll.dir/mnt/c/Users/mvppr/Desktop/Design/pico/pico-sdk/lib/cyw43-driver/src/cyw43_ll.c.obj
                0x0000000010010688                cyw43_ll_bus_sleep
 .text.cyw43_ll_bus_init
                0x00000000100106bc      0xbf0 CMakeFiles/picow_tcpip_server_poll.dir/mnt/c/Users/mvppr/Desktop/Design/pico/pico-sdk/lib/cyw43-driver/src/cyw43_ll.c.obj
                0x00000000100106bc                cyw43_ll_bus_init
 .text.cyw43_ll_wifi_on
                0x00000000100112ac      0x240 CMakeFiles/picow_tcpip_server_poll.dir/mnt/c/Users/mvppr/Desktop/Design/pico/pico-sdk/lib/cyw43-driver/src/cyw43_ll.c.obj
                0x00000000100112ac                cyw43_ll_wifi_on
 .text.cyw43_ll_wifi_get_mac
                0x00000000100114ec       0x44 CMakeFiles/picow_tcpip_server_poll.dir/mnt/c/Users/mvppr/Desktop/Design/pico/pico-sdk/lib/cyw43-driver/src/cyw43_ll.c.obj
                0x00000000100114ec                cyw43_ll_wifi_get_mac
 .text.cyw43_ll_wifi_pm
                0x0000000010011530      0x194 CMakeFiles/picow_tcpip_server_poll.dir/mnt/c/Users/mvppr/Desktop/Design/pico/pico-sdk/lib/cyw43-driver/src/cyw43_ll.c.obj
                0x0000000010011530                cyw43_ll_wifi_pm
 .text.cyw43_ll_wifi_join
                0x00000000100116c4      0x310 CMakeFiles/picow_tcpip_server_poll.dir/mnt/c/Users/mvppr/Desktop/Design/pico/pico-sdk/lib/cyw43-driver/src/cyw43_ll.c.obj
                0x00000000100116c4                cyw43_ll_wifi_join
 .text.cyw43_ll_wifi_set_wpa_auth
                0x00000000100119d4       0x2c CMakeFiles/picow_tcpip_server_poll.dir/mnt/c/Users/mvppr/Desktop/Design/pico/pico-sdk/lib/cyw43-driver/src/cyw43_ll.c.obj
                0x00000000100119d4                cyw43_ll_wifi_set_wpa_auth
 .text.cyw43_ll_wifi_rejoin
                0x0000000010011a00       0x1c CMakeFiles/picow_tcpip_server_poll.dir/mnt/c/Users/mvppr/Desktop/Design/pico/pico-sdk/lib/cyw43-driver/src/cyw43_ll.c.obj
                0x0000000010011a00                cyw43_ll_wifi_rejoin
 .text.cyw43_ll_wifi_ap_init
                0x0000000010011a1c      0x2c4 CMakeFiles/picow_tcpip_server_poll.dir/mnt/c/Users/mvppr/Desktop/Design/pico/pico-sdk/lib/cyw43-driver/src/cyw43_ll.c.obj
                0x0000000010011a1c                cyw43_ll_wifi_ap_init
 .text.cyw43_ll_wifi_ap_set_up
                0x0000000010011ce0       0x54 CMakeFiles/picow_tcpip_server_poll.dir/mnt/c/Users/mvppr/Desktop/Design/pico/pico-sdk/lib/cyw43-driver/src/cyw43_ll.c.obj
                0x0000000010011ce0                cyw43_ll_wifi_ap_set_up
 .text.cyw43_ll_has_work
                0x0000000010011d34       0x14 CMakeFiles/picow_tcpip_server_poll.dir/mnt/c/Users/mvppr/Desktop/Design/pico/pico-sdk/lib/cyw43-driver/src/cyw43_ll.c.obj
                0x0000000010011d34                cyw43_ll_has_work
 .text.cyw43_netif_init
                0x0000000010011d48       0x3c CMakeFiles/picow_tcpip_server_poll.dir/mnt/c/Users/mvppr/Desktop/Design/pico/pico-sdk/lib/cyw43-driver/src/cyw43_lwip.c.obj
 .text.cyw43_netif_output
                0x0000000010011d84       0x34 CMakeFiles/picow_tcpip_server_poll.dir/mnt/c/Users/mvppr/Desktop/Design/pico/pico-sdk/lib/cyw43-driver/src/cyw43_lwip.c.obj
 .text.cyw43_cb_tcpip_init
                0x0000000010011db8       0xfc CMakeFiles/picow_tcpip_server_poll.dir/mnt/c/Users/mvppr/Desktop/Design/pico/pico-sdk/lib/cyw43-driver/src/cyw43_lwip.c.obj
                0x0000000010011db8                cyw43_cb_tcpip_init
 .text.cyw43_cb_tcpip_deinit
                0x0000000010011eb4       0x4c CMakeFiles/picow_tcpip_server_poll.dir/mnt/c/Users/mvppr/Desktop/Design/pico/pico-sdk/lib/cyw43-driver/src/cyw43_lwip.c.obj
                0x0000000010011eb4                cyw43_cb_tcpip_deinit
 .text.cyw43_cb_process_ethernet
                0x0000000010011f00       0x68 CMakeFiles/picow_tcpip_server_poll.dir/mnt/c/Users/mvppr/Desktop/Design/pico/pico-sdk/lib/cyw43-driver/src/cyw43_lwip.c.obj
                0x0000000010011f00                cyw43_cb_process_ethernet
 .text.cyw43_cb_tcpip_set_link_up
                0x0000000010011f68       0x18 CMakeFiles/picow_tcpip_server_poll.dir/mnt/c/Users/mvppr/Desktop/Design/pico/pico-sdk/lib/cyw43-driver/src/cyw43_lwip.c.obj
                0x0000000010011f68                cyw43_cb_tcpip_set_link_up
 .text.cyw43_cb_tcpip_set_link_down
                0x0000000010011f80       0x18 CMakeFiles/picow_tcpip_server_poll.dir/mnt/c/Users/mvppr/Desktop/Design/pico/pico-sdk/lib/cyw43-driver/src/cyw43_lwip.c.obj
                0x0000000010011f80                cyw43_cb_tcpip_set_link_down
 .text.cyw43_tcpip_link_status
                0x0000000010011f98       0x34 CMakeFiles/picow_tcpip_server_poll.dir/mnt/c/Users/mvppr/Desktop/Design/pico/pico-sdk/lib/cyw43-driver/src/cyw43_lwip.c.obj
                0x0000000010011f98                cyw43_tcpip_link_status
 .text.cyw43_poll_func
                0x0000000010011fcc       0xc0 CMakeFiles/picow_tcpip_server_poll.dir/mnt/c/Users/mvppr/Desktop/Design/pico/pico-sdk/lib/cyw43-driver/src/cyw43_ctrl.c.obj
 .text.cyw43_init
                0x000000001001208c       0x6c CMakeFiles/picow_tcpip_server_poll.dir/mnt/c/Users/mvppr/Desktop/Design/pico/pico-sdk/lib/cyw43-driver/src/cyw43_ctrl.c.obj
                0x000000001001208c                cyw43_init
 .text.cyw43_deinit
                0x00000000100120f8       0x90 CMakeFiles/picow_tcpip_server_poll.dir/mnt/c/Users/mvppr/Desktop/Design/pico/pico-sdk/lib/cyw43-driver/src/cyw43_ctrl.c.obj
                0x00000000100120f8                cyw43_deinit
 .text.cyw43_cb_read_host_interrupt_pin
                0x0000000010012188        0xc CMakeFiles/picow_tcpip_server_poll.dir/mnt/c/Users/mvppr/Desktop/Design/pico/pico-sdk/lib/cyw43-driver/src/cyw43_ctrl.c.obj
                0x0000000010012188                cyw43_cb_read_host_interrupt_pin
 .text.cyw43_cb_ensure_awake
                0x0000000010012194        0xc CMakeFiles/picow_tcpip_server_poll.dir/mnt/c/Users/mvppr/Desktop/Design/pico/pico-sdk/lib/cyw43-driver/src/cyw43_ctrl.c.obj
                0x0000000010012194                cyw43_cb_ensure_awake
 .text.cyw43_cb_process_async_event
                0x00000000100121a0      0x228 CMakeFiles/picow_tcpip_server_poll.dir/mnt/c/Users/mvppr/Desktop/Design/pico/pico-sdk/lib/cyw43-driver/src/cyw43_ctrl.c.obj
                0x00000000100121a0                cyw43_cb_process_async_event
 .text.cyw43_send_ethernet
                0x00000000100123c8       0xc0 CMakeFiles/picow_tcpip_server_poll.dir/mnt/c/Users/mvppr/Desktop/Design/pico/pico-sdk/lib/cyw43-driver/src/cyw43_ctrl.c.obj
                0x00000000100123c8                cyw43_send_ethernet
 .text.cyw43_wifi_get_mac
                0x0000000010012488       0x10 CMakeFiles/picow_tcpip_server_poll.dir/mnt/c/Users/mvppr/Desktop/Design/pico/pico-sdk/lib/cyw43-driver/src/cyw43_ctrl.c.obj
                0x0000000010012488                cyw43_wifi_get_mac
 .text.cyw43_wifi_set_up
                0x0000000010012498      0x308 CMakeFiles/picow_tcpip_server_poll.dir/mnt/c/Users/mvppr/Desktop/Design/pico/pico-sdk/lib/cyw43-driver/src/cyw43_ctrl.c.obj
                0x0000000010012498                cyw43_wifi_set_up
 .text.cyw43_wifi_link_status
                0x00000000100127a0       0x3c CMakeFiles/picow_tcpip_server_poll.dir/mnt/c/Users/mvppr/Desktop/Design/pico/pico-sdk/lib/cyw43-driver/src/cyw43_ctrl.c.obj
                0x00000000100127a0                cyw43_wifi_link_status
 .text.cyw43_wifi_join
                0x00000000100127dc       0xf4 CMakeFiles/picow_tcpip_server_poll.dir/mnt/c/Users/mvppr/Desktop/Design/pico/pico-sdk/lib/cyw43-driver/src/cyw43_ctrl.c.obj
                0x00000000100127dc                cyw43_wifi_join
 .text.pio_sm_unclaim
                0x00000000100128d0       0x20 CMakeFiles/picow_tcpip_server_poll.dir/mnt/c/Users/mvppr/Desktop/Design/pico/pico-sdk/src/rp2_common/hardware_pio/pio.c.obj
                0x00000000100128d0                pio_sm_unclaim
 .text.pio_claim_unused_sm
                0x00000000100128f0       0x3c CMakeFiles/picow_tcpip_server_poll.dir/mnt/c/Users/mvppr/Desktop/Design/pico/pico-sdk/src/rp2_common/hardware_pio/pio.c.obj
                0x00000000100128f0                pio_claim_unused_sm
 .text.pio_can_add_program
                0x000000001001292c       0x68 CMakeFiles/picow_tcpip_server_poll.dir/mnt/c/Users/mvppr/Desktop/Design/pico/pico-sdk/src/rp2_common/hardware_pio/pio.c.obj
                0x000000001001292c                pio_can_add_program
 .text.pio_add_program
                0x0000000010012994       0xc8 CMakeFiles/picow_tcpip_server_poll.dir/mnt/c/Users/mvppr/Desktop/Design/pico/pico-sdk/src/rp2_common/hardware_pio/pio.c.obj
                0x0000000010012994                pio_add_program
 .text.pio_remove_program
                0x0000000010012a5c       0x34 CMakeFiles/picow_tcpip_server_poll.dir/mnt/c/Users/mvppr/Desktop/Design/pico/pico-sdk/src/rp2_common/hardware_pio/pio.c.obj
                0x0000000010012a5c                pio_remove_program
 .text.pio_sm_set_pindirs_with_mask
                0x0000000010012a90       0xa4 CMakeFiles/picow_tcpip_server_poll.dir/mnt/c/Users/mvppr/Desktop/Design/pico/pico-sdk/src/rp2_common/hardware_pio/pio.c.obj
                0x0000000010012a90                pio_sm_set_pindirs_with_mask
 .text.pio_sm_set_consecutive_pindirs
                0x0000000010012b34       0xb0 CMakeFiles/picow_tcpip_server_poll.dir/mnt/c/Users/mvppr/Desktop/Design/pico/pico-sdk/src/rp2_common/hardware_pio/pio.c.obj
                0x0000000010012b34                pio_sm_set_consecutive_pindirs
 .text.dma_channel_unclaim
                0x0000000010012be4       0x10 CMakeFiles/picow_tcpip_server_poll.dir/mnt/c/Users/mvppr/Desktop/Design/pico/pico-sdk/src/rp2_common/hardware_dma/dma.c.obj
                0x0000000010012be4                dma_channel_unclaim
 .text.dma_claim_unused_channel
                0x0000000010012bf4       0x20 CMakeFiles/picow_tcpip_server_poll.dir/mnt/c/Users/mvppr/Desktop/Design/pico/pico-sdk/src/rp2_common/hardware_dma/dma.c.obj
                0x0000000010012bf4                dma_claim_unused_channel
 .text.dma_channel_cleanup
                0x0000000010012c14       0x60 CMakeFiles/picow_tcpip_server_poll.dir/mnt/c/Users/mvppr/Desktop/Design/pico/pico-sdk/src/rp2_common/hardware_dma/dma.c.obj
                0x0000000010012c14                dma_channel_cleanup
 .text.cyw43_sleep_timeout_reached
                0x0000000010012c74       0x10 CMakeFiles/picow_tcpip_server_poll.dir/mnt/c/Users/mvppr/Desktop/Design/pico/pico-sdk/src/rp2_common/pico_cyw43_driver/cyw43_driver.c.obj
 .text.cyw43_irq_init
                0x0000000010012c84       0x28 CMakeFiles/picow_tcpip_server_poll.dir/mnt/c/Users/mvppr/Desktop/Design/pico/pico-sdk/src/rp2_common/pico_cyw43_driver/cyw43_driver.c.obj
                0x0000000010012c84                cyw43_irq_init
 .text.cyw43_irq_deinit
                0x0000000010012cac       0x20 CMakeFiles/picow_tcpip_server_poll.dir/mnt/c/Users/mvppr/Desktop/Design/pico/pico-sdk/src/rp2_common/pico_cyw43_driver/cyw43_driver.c.obj
                0x0000000010012cac                cyw43_irq_deinit
 .text.cyw43_gpio_irq_handler
                0x0000000010012ccc       0x44 CMakeFiles/picow_tcpip_server_poll.dir/mnt/c/Users/mvppr/Desktop/Design/pico/pico-sdk/src/rp2_common/pico_cyw43_driver/cyw43_driver.c.obj
 .text.cyw43_do_poll
                0x0000000010012d10       0x6c CMakeFiles/picow_tcpip_server_poll.dir/mnt/c/Users/mvppr/Desktop/Design/pico/pico-sdk/src/rp2_common/pico_cyw43_driver/cyw43_driver.c.obj
 .text.cyw43_post_poll_hook
                0x0000000010012d7c       0x10 CMakeFiles/picow_tcpip_server_poll.dir/mnt/c/Users/mvppr/Desktop/Design/pico/pico-sdk/src/rp2_common/pico_cyw43_driver/cyw43_driver.c.obj
                0x0000000010012d7c                cyw43_post_poll_hook
 .text.cyw43_schedule_internal_poll_dispatch
                0x0000000010012d8c       0x18 CMakeFiles/picow_tcpip_server_poll.dir/mnt/c/Users/mvppr/Desktop/Design/pico/pico-sdk/src/rp2_common/pico_cyw43_driver/cyw43_driver.c.obj
                0x0000000010012d8c                cyw43_schedule_internal_poll_dispatch
 .text.cyw43_driver_init
                0x0000000010012da4       0x38 CMakeFiles/picow_tcpip_server_poll.dir/mnt/c/Users/mvppr/Desktop/Design/pico/pico-sdk/src/rp2_common/pico_cyw43_driver/cyw43_driver.c.obj
                0x0000000010012da4                cyw43_driver_init
 .text.cyw43_driver_deinit
                0x0000000010012ddc       0x44 CMakeFiles/picow_tcpip_server_poll.dir/mnt/c/Users/mvppr/Desktop/Design/pico/pico-sdk/src/rp2_common/pico_cyw43_driver/cyw43_driver.c.obj
                0x0000000010012ddc                cyw43_driver_deinit
 .text.cyw43_hal_generate_laa_mac
                0x0000000010012e20       0x28 CMakeFiles/picow_tcpip_server_poll.dir/mnt/c/Users/mvppr/Desktop/Design/pico/pico-sdk/src/rp2_common/pico_cyw43_driver/cyw43_driver.c.obj
                0x0000000010012e20                cyw43_hal_generate_laa_mac
 .text.cyw43_hal_get_mac
                0x0000000010012e48       0x1c CMakeFiles/picow_tcpip_server_poll.dir/mnt/c/Users/mvppr/Desktop/Design/pico/pico-sdk/src/rp2_common/pico_cyw43_driver/cyw43_driver.c.obj
                0x0000000010012e48                cyw43_hal_get_mac
 .text.cyw43_thread_enter
                0x0000000010012e64       0x14 CMakeFiles/picow_tcpip_server_poll.dir/mnt/c/Users/mvppr/Desktop/Design/pico/pico-sdk/src/rp2_common/pico_cyw43_driver/cyw43_driver.c.obj
                0x0000000010012e64                cyw43_thread_enter
 .text.cyw43_thread_exit
                0x0000000010012e78       0x14 CMakeFiles/picow_tcpip_server_poll.dir/mnt/c/Users/mvppr/Desktop/Design/pico/pico-sdk/src/rp2_common/pico_cyw43_driver/cyw43_driver.c.obj
                0x0000000010012e78                cyw43_thread_exit
 .text.cyw43_await_background_or_timeout_us
                0x0000000010012e8c       0x34 CMakeFiles/picow_tcpip_server_poll.dir/mnt/c/Users/mvppr/Desktop/Design/pico/pico-sdk/src/rp2_common/pico_cyw43_driver/cyw43_driver.c.obj
                0x0000000010012e8c                cyw43_await_background_or_timeout_us
 .text.cyw43_delay_ms
                0x0000000010012ec0       0x44 CMakeFiles/picow_tcpip_server_poll.dir/mnt/c/Users/mvppr/Desktop/Design/pico/pico-sdk/src/rp2_common/pico_cyw43_driver/cyw43_driver.c.obj
                0x0000000010012ec0                cyw43_delay_ms
 .text.cyw43_delay_us
                0x0000000010012f04       0x34 CMakeFiles/picow_tcpip_server_poll.dir/mnt/c/Users/mvppr/Desktop/Design/pico/pico-sdk/src/rp2_common/pico_cyw43_driver/cyw43_driver.c.obj
                0x0000000010012f04                cyw43_delay_us
 .text.noop     0x0000000010012f38        0x4 CMakeFiles/picow_tcpip_server_poll.dir/mnt/c/Users/mvppr/Desktop/Design/pico/pico-sdk/src/rp2_common/pico_async_context/async_context_poll.c.obj
 .text.async_context_poll_execute_sync
                0x0000000010012f3c        0x8 CMakeFiles/picow_tcpip_server_poll.dir/mnt/c/Users/mvppr/Desktop/Design/pico/pico-sdk/src/rp2_common/pico_async_context/async_context_poll.c.obj
                0x0000000010012f3c                async_context_poll_execute_sync
 .text.async_context_poll_wait_for_work_until
                0x0000000010012f44       0x24 CMakeFiles/picow_tcpip_server_poll.dir/mnt/c/Users/mvppr/Desktop/Design/pico/pico-sdk/src/rp2_common/pico_async_context/async_context_poll.c.obj
 .text.async_context_poll_wait_until
                0x0000000010012f68        0xc CMakeFiles/picow_tcpip_server_poll.dir/mnt/c/Users/mvppr/Desktop/Design/pico/pico-sdk/src/rp2_common/pico_async_context/async_context_poll.c.obj
 .text.async_context_poll_poll
                0x0000000010012f74        0x8 CMakeFiles/picow_tcpip_server_poll.dir/mnt/c/Users/mvppr/Desktop/Design/pico/pico-sdk/src/rp2_common/pico_async_context/async_context_poll.c.obj
 .text.async_context_poll_requires_update
                0x0000000010012f7c       0x10 CMakeFiles/picow_tcpip_server_poll.dir/mnt/c/Users/mvppr/Desktop/Design/pico/pico-sdk/src/rp2_common/pico_async_context/async_context_poll.c.obj
 .text.async_context_poll_lock_check
                0x0000000010012f8c       0x24 CMakeFiles/picow_tcpip_server_poll.dir/mnt/c/Users/mvppr/Desktop/Design/pico/pico-sdk/src/rp2_common/pico_async_context/async_context_poll.c.obj
 .text.async_context_poll_init_with_defaults
                0x0000000010012fb0       0x30 CMakeFiles/picow_tcpip_server_poll.dir/mnt/c/Users/mvppr/Desktop/Design/pico/pico-sdk/src/rp2_common/pico_async_context/async_context_poll.c.obj
                0x0000000010012fb0                async_context_poll_init_with_defaults
 .text.uart_init
                0x0000000010012fe0      0x188 CMakeFiles/picow_tcpip_server_poll.dir/mnt/c/Users/mvppr/Desktop/Design/pico/pico-sdk/src/rp2_common/hardware_uart/uart.c.obj
                0x0000000010012fe0                uart_init
 .text.runtime_init
                0x0000000010013168       0xf0 CMakeFiles/picow_tcpip_server_poll.dir/mnt/c/Users/mvppr/Desktop/Design/pico/pico-sdk/src/rp2_common/pico_runtime/runtime.c.obj
                0x0000000010013168                runtime_init
 .text._exit    0x0000000010013258        0x4 CMakeFiles/picow_tcpip_server_poll.dir/mnt/c/Users/mvppr/Desktop/Design/pico/pico-sdk/src/rp2_common/pico_runtime/runtime.c.obj
                0x0000000010013258                _exit
 .text._sbrk    0x000000001001325c       0x34 CMakeFiles/picow_tcpip_server_poll.dir/mnt/c/Users/mvppr/Desktop/Design/pico/pico-sdk/src/rp2_common/pico_runtime/runtime.c.obj
                0x000000001001325c                _sbrk