Archive member included to satisfy reference by file (symbol)

/usr/lib/gcc/arm-none-eabi/10.3.1/thumb/v6-m/nofp/libgcc.a(_dvmd_tls.o)
                              CMakeFiles/picow_tcpip_server_background.dir/mnt/c/Users/mvppr/Desktop/Design/pico/pico-sdk/src/rp2_common/pico_divider/divider.S.obj (__aeabi_idiv0)
/usr/lib/gcc/arm-none-eabi/10.3.1/../../../arm-none-eabi/lib/thumb/v6-m/nofp/libc.a(lib_a-atexit.o)
                              /usr/lib/gcc/arm-none-eabi/10.3.1/../../../arm-none-eabi/lib/thumb/v6-m/nofp/crt0.o (atexit)
/usr/lib/gcc/arm-none-eabi/10.3.1/../../../arm-none-eabi/lib/thumb/v6-m/nofp/libc.a(lib_a-atoi.o)
                              CMakeFiles/picow_tcpip_server_background.dir/mnt/c/Users/mvppr/Desktop/Design/pico/pico-sdk/lib/lwip/src/core/netif.c.obj (atoi)
/usr/lib/gcc/arm-none-eabi/10.3.1/../../../arm-none-eabi/lib/thumb/v6-m/nofp/libc.a(lib_a-calloc.o)
                              CMakeFiles/picow_tcpip_server_background.dir/mnt/c/Users/mvppr/Desktop/Design/pico/pico-sdk/src/rp2_common/pico_malloc/pico_malloc.c.obj (calloc)
/usr/lib/gcc/arm-none-eabi/10.3.1/../../../arm-none-eabi/lib/thumb/v6-m/nofp/libc.a(lib_a-callocr.o)
                              /usr/lib/gcc/arm-none-eabi/10.3.1/../../../arm-none-eabi/lib/thumb/v6-m/nofp/libc.a(lib_a-calloc.o) (_calloc_r)
/usr/lib/gcc/arm-none-eabi/10.3.1/../../../arm-none-eabi/lib/thumb/v6-m/nofp/libc.a(lib_a-ctype_.o)
                              CMakeFiles/picow_tcpip_server_background.dir/mnt/c/Users/mvppr/Desktop/Design/pico/pico-sdk/lib/lwip/src/core/dns.c.obj (_ctype_)
/usr/lib/gcc/arm-none-eabi/10.3.1/../../../arm-none-eabi/lib/thumb/v6-m/nofp/libc.a(lib_a-fini.o)
                              /usr/lib/gcc/arm-none-eabi/10.3.1/../../../arm-none-eabi/lib/thumb/v6-m/nofp/crt0.o (__libc_fini_array)
/usr/lib/gcc/arm-none-eabi/10.3.1/../../../arm-none-eabi/lib/thumb/v6-m/nofp/libc.a(lib_a-impure.o)
                              /usr/lib/gcc/arm-none-eabi/10.3.1/../../../arm-none-eabi/lib/thumb/v6-m/nofp/libc.a(lib_a-calloc.o) (_impure_ptr)
/usr/lib/gcc/arm-none-eabi/10.3.1/../../../arm-none-eabi/lib/thumb/v6-m/nofp/libc.a(lib_a-init.o)
                              /usr/lib/gcc/arm-none-eabi/10.3.1/../../../arm-none-eabi/lib/thumb/v6-m/nofp/crt0.o (__libc_init_array)
/usr/lib/gcc/arm-none-eabi/10.3.1/../../../arm-none-eabi/lib/thumb/v6-m/nofp/libc.a(lib_a-malloc.o)
                              CMakeFiles/picow_tcpip_server_background.dir/mnt/c/Users/mvppr/Desktop/Design/pico/pico-sdk/src/rp2_common/pico_malloc/pico_malloc.c.obj (malloc)
/usr/lib/gcc/arm-none-eabi/10.3.1/../../../arm-none-eabi/lib/thumb/v6-m/nofp/libc.a(lib_a-mallocr.o)
                              /usr/lib/gcc/arm-none-eabi/10.3.1/../../../arm-none-eabi/lib/thumb/v6-m/nofp/libc.a(lib_a-callocr.o) (_malloc_r)
/usr/lib/gcc/arm-none-eabi/10.3.1/../../../arm-none-eabi/lib/thumb/v6-m/nofp/libc.a(lib_a-memcmp.o)
                              CMakeFiles/picow_tcpip_server_background.dir/picow_tcp_server.c.obj (memcmp)
/usr/lib/gcc/arm-none-eabi/10.3.1/../../../arm-none-eabi/lib/thumb/v6-m/nofp/libc.a(lib_a-memmove.o)
                              CMakeFiles/picow_tcpip_server_background.dir/mnt/c/Users/mvppr/Desktop/Design/pico/pico-sdk/lib/lwip/src/core/def.c.obj (memmove)
/usr/lib/gcc/arm-none-eabi/10.3.1/../../../arm-none-eabi/lib/thumb/v6-m/nofp/libc.a(lib_a-mlock.o)
                              /usr/lib/gcc/arm-none-eabi/10.3.1/../../../arm-none-eabi/lib/thumb/v6-m/nofp/libc.a(lib_a-mallocr.o) (__malloc_lock)
/usr/lib/gcc/arm-none-eabi/10.3.1/../../../arm-none-eabi/lib/thumb/v6-m/nofp/libc.a(lib_a-rand.o)
                              CMakeFiles/picow_tcpip_server_background.dir/picow_tcp_server.c.obj (rand)
/usr/lib/gcc/arm-none-eabi/10.3.1/../../../arm-none-eabi/lib/thumb/v6-m/nofp/libc.a(lib_a-realloc.o)
                              CMakeFiles/picow_tcpip_server_background.dir/mnt/c/Users/mvppr/Desktop/Design/pico/pico-sdk/src/rp2_common/pico_malloc/pico_malloc.c.obj (realloc)
/usr/lib/gcc/arm-none-eabi/10.3.1/../../../arm-none-eabi/lib/thumb/v6-m/nofp/libc.a(lib_a-reallocr.o)
                              /usr/lib/gcc/arm-none-eabi/10.3.1/../../../arm-none-eabi/lib/thumb/v6-m/nofp/libc.a(lib_a-realloc.o) (_realloc_r)
/usr/lib/gcc/arm-none-eabi/10.3.1/../../../arm-none-eabi/lib/thumb/v6-m/nofp/libc.a(lib_a-sbrkr.o)
                              /usr/lib/gcc/arm-none-eabi/10.3.1/../../../arm-none-eabi/lib/thumb/v6-m/nofp/libc.a(lib_a-mallocr.o) (_sbrk_r)
/usr/lib/gcc/arm-none-eabi/10.3.1/../../../arm-none-eabi/lib/thumb/v6-m/nofp/libc.a(lib_a-strlen-stub.o)
                              CMakeFiles/picow_tcpip_server_background.dir/mnt/c/Users/mvppr/Desktop/Design/pico/pico-sdk/lib/lwip/src/core/def.c.obj (strlen)
/usr/lib/gcc/arm-none-eabi/10.3.1/../../../arm-none-eabi/lib/thumb/v6-m/nofp/libc.a(lib_a-strncmp.o)
[...]
Memory Configuration

Name             Origin             Length             Attributes
FLASH            0x0000000010000000 0x0000000000200000 xr
RAM              0x0000000020000000 0x0000000000040000 xrw
SCRATCH_X        0x0000000020040000 0x0000000000001000 xrw
SCRATCH_Y        0x0000000020041000 0x0000000000001000 xrw
*default*        0x0000000000000000 0xffffffffffffffff

Linker script and memory map

LOAD /usr/lib/gcc/arm-none-eabi/10.3.1/thumb/v6-m/nofp/crti.o
LOAD /usr/lib/gcc/arm-none-eabi/10.3.1/thumb/v6-m/nofp/crtbegin.o
LOAD /usr/lib/gcc/arm-none-eabi/10.3.1/../../../arm-none-eabi/lib/thumb/v6-m/nofp/crt0.o

.flash_begin    0x0000000010000000        0x0
                0x0000000010000000                __flash_binary_start = .

.boot2          0x0000000010000000      0x100
                0x0000000010000000                __boot2_start__ = .
 *(.boot2)
 .boot2         0x0000000010000000      0x100 /tmp/ccRMjXqi.o
                0x0000000010000100                __boot2_end__ = .
                0x0000000000000001                ASSERT (((__boot2_end__ - __boot2_start__) == 0x100), ERROR: Pico second stage bootloader must be 256 bytes in size)

.text           0x0000000010000100    0x18b40
                0x0000000010000100                __logical_binary_start = .
 *(.vectors)
 .vectors       0x0000000010000100       0xd4 CMakeFiles/picow_tcpip_server_background.dir/mnt/c/Users/mvppr/Desktop/Design/pico/pico-sdk/src/rp2_common/pico_standard_link/crt0.S.obj
                0x0000000010000100                __vectors
                0x0000000010000100                __VECTOR_TABLE
                0x00000000100001c0                isr_invalid
                0x00000000100001c0                __default_isrs_start
                0x00000000100001c2                isr_nmi
                0x00000000100001c4                isr_hardfault
                0x00000000100001c6                isr_svcall
                0x00000000100001c8                isr_pendsv
                0x00000000100001ca                isr_systick
                0x00000000100001cc                isr_irq30
                0x00000000100001cc                __unhandled_user_irq
                0x00000000100001cc                isr_irq13
                0x00000000100001cc                isr_irq27
                0x00000000100001cc                isr_irq31
                0x00000000100001cc                isr_irq5
                0x00000000100001cc                isr_irq11
                0x00000000100001cc                isr_irq23
                0x00000000100001cc                isr_irq18
                0x00000000100001cc                isr_irq28
                0x00000000100001cc                isr_irq19
                0x00000000100001cc                isr_irq0
                0x00000000100001cc                isr_irq6
                0x00000000100001cc                isr_irq22
                0x00000000100001cc                isr_irq17
                0x00000000100001cc                isr_irq14
                0x00000000100001cc                isr_irq2
                0x00000000100001cc                isr_irq10
                0x00000000100001cc                isr_irq8
                0x00000000100001cc                isr_irq24
                0x00000000100001cc                isr_irq1
                0x00000000100001cc                isr_irq7
                0x00000000100001cc                isr_irq21
                0x00000000100001cc                isr_irq20
                0x00000000100001cc                isr_irq15
                0x00000000100001cc                isr_irq25
                0x00000000100001cc                isr_irq4
                0x00000000100001cc                isr_irq16
                0x00000000100001cc                isr_irq29
                0x00000000100001cc                isr_irq26
                0x00000000100001cc                __default_isrs_end
                0x00000000100001cc                isr_irq3
                0x00000000100001cc                isr_irq12
                0x00000000100001cc                isr_irq9
                0x00000000100001d2                unhandled_user_irq_num_in_r0
 *(.binary_info_header)
 .binary_info_header
                0x00000000100001d4       0x14 CMakeFiles/picow_tcpip_server_background.dir/mnt/c/Users/mvppr/Desktop/Design/pico/pico-sdk/src/rp2_common/pico_standard_link/crt0.S.obj
                0x00000000100001e8                __binary_info_header_end = .
 *(.reset)
 .reset         0x00000000100001e8       0xa0 CMakeFiles/picow_tcpip_server_background.dir/mnt/c/Users/mvppr/Desktop/Design/pico/pico-sdk/src/rp2_common/pico_standard_link/crt0.S.obj
                0x00000000100001e8                _entry_point
 .reset         0x0000000010000288       0x30 CMakeFiles/picow_tcpip_server_background.dir/mnt/c/Users/mvppr/Desktop/Design/pico/pico-sdk/src/rp2_common/pico_standard_link/binary_info.c.obj
 *(.init)
 .init          0x00000000100002b8        0x4 /usr/lib/gcc/arm-none-eabi/10.3.1/thumb/v6-m/nofp/crti.o
                0x00000000100002b8                _init
 *(EXCLUDE_FILE(*libm.a: *libc.a:*lib_a-mem*.o *libgcc.a:) .text*)
 .text          0x00000000100002bc       0x98 /usr/lib/gcc/arm-none-eabi/10.3.1/thumb/v6-m/nofp/crtbegin.o
 .text.tcp_server_sent
                0x0000000010000354       0x44 CMakeFiles/picow_tcpip_server_background.dir/picow_tcp_server.c.obj
 .text.tcp_server_close
                0x0000000010000398       0x74 CMakeFiles/picow_tcpip_server_background.dir/picow_tcp_server.c.obj
 .text.tcp_server_err
                0x000000001000040c       0x40 CMakeFiles/picow_tcpip_server_background.dir/picow_tcp_server.c.obj
 .text.tcp_server_accept
                0x000000001000044c      0x104 CMakeFiles/picow_tcpip_server_background.dir/picow_tcp_server.c.obj
 .text.tcp_server_recv
                0x0000000010000550      0x134 CMakeFiles/picow_tcpip_server_background.dir/picow_tcp_server.c.obj
                0x0000000010000550                tcp_server_recv
 .text.tcp_server_poll
                0x0000000010000684       0x90 CMakeFiles/picow_tcpip_server_background.dir/picow_tcp_server.c.obj
 .text.run_tcp_server_test
                0x0000000010000714       0xd4 CMakeFiles/picow_tcpip_server_background.dir/picow_tcp_server.c.obj
                0x0000000010000714                run_tcp_server_test
 .text.startup.main
                0x00000000100007e8       0x70 CMakeFiles/picow_tcpip_server_background.dir/picow_tcp_server.c.obj
                0x00000000100007e8                main
 .text.lwip_timeout_reached
                0x0000000010000858        0x8 CMakeFiles/picow_tcpip_server_background.dir/mnt/c/Users/mvppr/Desktop/Design/pico/pico-sdk/src/rp2_common/pico_lwip/lwip_nosys.c.obj
 .text.update_next_timeout
                0x0000000010000860       0x6c CMakeFiles/picow_tcpip_server_background.dir/mnt/c/Users/mvppr/Desktop/Design/pico/pico-sdk/src/rp2_common/pico_lwip/lwip_nosys.c.obj
 .text.lwip_nosys_init
                0x00000000100008cc       0x30 CMakeFiles/picow_tcpip_server_background.dir/mnt/c/Users/mvppr/Desktop/Design/pico/pico-sdk/src/rp2_common/pico_lwip/lwip_nosys.c.obj
                0x00000000100008cc                lwip_nosys_init
 .text.lwip_nosys_deinit
                0x00000000100008fc       0x20 CMakeFiles/picow_tcpip_server_background.dir/mnt/c/Users/mvppr/Desktop/Design/pico/pico-sdk/src/rp2_common/pico_lwip/lwip_nosys.c.obj
                0x00000000100008fc                lwip_nosys_deinit
 .text.sys_arch_protect
                0x000000001000091c        0x4 CMakeFiles/picow_tcpip_server_background.dir/mnt/c/Users/mvppr/Desktop/Design/pico/pico-sdk/src/rp2_common/pico_lwip/lwip_nosys.c.obj
                0x000000001000091c                sys_arch_protect
 .text.sys_arch_unprotect
                0x0000000010000920        0x4 CMakeFiles/picow_tcpip_server_background.dir/mnt/c/Users/mvppr/Desktop/Design/pico/pico-sdk/src/rp2_common/pico_lwip/lwip_nosys.c.obj
                0x0000000010000920                sys_arch_unprotect
 .text.sys_now  0x0000000010000924       0x20 CMakeFiles/picow_tcpip_server_background.dir/mnt/c/Users/mvppr/Desktop/Design/pico/pico-sdk/src/rp2_common/pico_lwip/lwip_nosys.c.obj
                0x0000000010000924                sys_now
 .text.async_context_base_add_at_time_worker
                0x0000000010000944       0x28 CMakeFiles/picow_tcpip_server_background.dir/mnt/c/Users/mvppr/Desktop/Design/pico/pico-sdk/src/rp2_common/pico_async_context/async_context_base.c.obj
                0x0000000010000944                async_context_base_add_at_time_worker
 .text.async_context_base_remove_at_time_worker
                0x000000001000096c       0x28 CMakeFiles/picow_tcpip_server_background.dir/mnt/c/Users/mvppr/Desktop/Design/pico/pico-sdk/src/rp2_common/pico_async_context/async_context_base.c.obj
                0x000000001000096c                async_context_base_remove_at_time_worker
 .text.async_context_base_add_when_pending_worker
                0x0000000010000994       0x24 CMakeFiles/picow_tcpip_server_background.dir/mnt/c/Users/mvppr/Desktop/Design/pico/pico-sdk/src/rp2_common/pico_async_context/async_context_base.c.obj
                0x0000000010000994                async_context_base_add_when_pending_worker
 .text.async_context_base_remove_when_pending_worker
                0x00000000100009b8       0x28 CMakeFiles/picow_tcpip_server_background.dir/mnt/c/Users/mvppr/Desktop/Design/pico/pico-sdk/src/rp2_common/pico_async_context/async_context_base.c.obj
                0x00000000100009b8                async_context_base_remove_when_pending_worker
 .text.async_context_base_execute_once
                0x00000000100009e0       0xe8 CMakeFiles/picow_tcpip_server_background.dir/mnt/c/Users/mvppr/Desktop/Design/pico/pico-sdk/src/rp2_common/pico_async_context/async_context_base.c.obj
                0x00000000100009e0                async_context_base_execute_once
 .text.running_on_fpga
                0x0000000010000ac8       0x10 CMakeFiles/picow_tcpip_server_background.dir/mnt/c/Users/mvppr/Desktop/Design/pico/pico-sdk/src/rp2_common/pico_platform/platform.c.obj
                0x0000000010000ac8                running_on_fpga
 .text.splitmix64
                0x0000000010000ad8       0x5c CMakeFiles/picow_tcpip_server_background.dir/mnt/c/Users/mvppr/Desktop/Design/pico/pico-sdk/src/rp2_common/pico_rand/rand.c.obj
 .text.xoroshiro128ss
                0x0000000010000b34       0x90 CMakeFiles/picow_tcpip_server_background.dir/mnt/c/Users/mvppr/Desktop/Design/pico/pico-sdk/src/rp2_common/pico_rand/rand.c.obj
 .text.get_rand_64
                0x0000000010000bc4      0x484 CMakeFiles/picow_tcpip_server_background.dir/mnt/c/Users/mvppr/Desktop/Design/pico/pico-sdk/src/rp2_common/pico_rand/rand.c.obj
                0x0000000010000bc4                get_rand_64
 .text.get_rand_32
                0x0000000010001048        0x8 CMakeFiles/picow_tcpip_server_background.dir/mnt/c/Users/mvppr/Desktop/Design/pico/pico-sdk/src/rp2_common/pico_rand/rand.c.obj
                0x0000000010001048                get_rand_32
 .text.startup._retrieve_unique_id_on_boot
                0x0000000010001050       0x10 CMakeFiles/picow_tcpip_server_background.dir/mnt/c/Users/mvppr/Desktop/Design/pico/pico-sdk/src/rp2_common/pico_unique_id/unique_id.c.obj
 .text.pico_get_unique_board_id
                0x0000000010001060       0x10 CMakeFiles/picow_tcpip_server_background.dir/mnt/c/Users/mvppr/Desktop/Design/pico/pico-sdk/src/rp2_common/pico_unique_id/unique_id.c.obj
                0x0000000010001060                pico_get_unique_board_id
 .text.pico_get_unique_board_id_string
                0x0000000010001070      0x1a8 CMakeFiles/picow_tcpip_server_background.dir/mnt/c/Users/mvppr/Desktop/Design/pico/pico-sdk/src/rp2_common/pico_unique_id/unique_id.c.obj
                0x0000000010001070                pico_get_unique_board_id_string
 .text.flash_get_unique_id
                0x0000000010001218       0x40 CMakeFiles/picow_tcpip_server_background.dir/mnt/c/Users/mvppr/Desktop/Design/pico/pico-sdk/src/rp2_common/hardware_flash/flash.c.obj
                0x0000000010001218                flash_get_unique_id
 .text.hw_claim_lock
                0x0000000010001258       0x18 CMakeFiles/picow_tcpip_server_background.dir/mnt/c/Users/mvppr/Desktop/Design/pico/pico-sdk/src/rp2_common/hardware_claim/claim.c.obj
                0x0000000010001258                hw_claim_lock
 .text.hw_claim_unlock
                0x0000000010001270       0x14 CMakeFiles/picow_tcpip_server_background.dir/mnt/c/Users/mvppr/Desktop/Design/pico/pico-sdk/src/rp2_common/hardware_claim/claim.c.obj
                0x0000000010001270                hw_claim_unlock
 .text.hw_claim_or_assert
                0x0000000010001284       0x44 CMakeFiles/picow_tcpip_server_background.dir/mnt/c/Users/mvppr/Desktop/Design/pico/pico-sdk/src/rp2_common/hardware_claim/claim.c.obj
                0x0000000010001284                hw_claim_or_assert
 .text.hw_claim_unused_from_range
                0x00000000100012c8       0x9c CMakeFiles/picow_tcpip_server_background.dir/mnt/c/Users/mvppr/Desktop/Design/pico/pico-sdk/src/rp2_common/hardware_claim/claim.c.obj
                0x00000000100012c8                hw_claim_unused_from_range
 .text.hw_claim_clear
                0x0000000010001364       0x38 CMakeFiles/picow_tcpip_server_background.dir/mnt/c/Users/mvppr/Desktop/Design/pico/pico-sdk/src/rp2_common/hardware_claim/claim.c.obj
                0x0000000010001364                hw_claim_clear
 .text.spin_locks_reset
                0x000000001000139c       0x1c CMakeFiles/picow_tcpip_server_background.dir/mnt/c/Users/mvppr/Desktop/Design/pico/pico-sdk/src/rp2_common/hardware_sync/sync.c.obj
                0x000000001000139c                spin_locks_reset
 .text.next_striped_spin_lock_num
                0x00000000100013b8       0x18 CMakeFiles/picow_tcpip_server_background.dir/mnt/c/Users/mvppr/Desktop/Design/pico/pico-sdk/src/rp2_common/hardware_sync/sync.c.obj
                0x00000000100013b8                next_striped_spin_lock_num
 .text.spin_lock_claim_unused
                0x00000000100013d0       0x20 CMakeFiles/picow_tcpip_server_background.dir/mnt/c/Users/mvppr/Desktop/Design/pico/pico-sdk/src/rp2_common/hardware_sync/sync.c.obj
                0x00000000100013d0                spin_lock_claim_unused
 .text.rom_func_lookup
                0x00000000100013f0       0x10 CMakeFiles/picow_tcpip_server_background.dir/mnt/c/Users/mvppr/Desktop/Design/pico/pico-sdk/src/rp2_common/pico_bootrom/bootrom.c.obj
                0x00000000100013f0                rom_func_lookup
 .text.rom_data_lookup
                0x0000000010001400       0x10 CMakeFiles/picow_tcpip_server_background.dir/mnt/c/Users/mvppr/Desktop/Design/pico/pico-sdk/src/rp2_common/pico_bootrom/bootrom.c.obj
                0x0000000010001400                rom_data_lookup
 .text.rom_funcs_lookup
                0x0000000010001410       0x44 CMakeFiles/picow_tcpip_server_background.dir/mnt/c/Users/mvppr/Desktop/Design/pico/pico-sdk/src/rp2_common/pico_bootrom/bootrom.c.obj
                0x0000000010001410                rom_funcs_lookup
 .text.clocks_init
                0x0000000010001454      0x2d0 CMakeFiles/picow_tcpip_server_background.dir/mnt/c/Users/mvppr/Desktop/Design/pico/pico-sdk/src/rp2_common/hardware_clocks/clocks.c.obj
                0x0000000010001454                clocks_init
 .text.clock_get_hz
                0x0000000010001724        0xc CMakeFiles/picow_tcpip_server_background.dir/mnt/c/Users/mvppr/Desktop/Design/pico/pico-sdk/src/rp2_common/hardware_clocks/clocks.c.obj
                0x0000000010001724                clock_get_hz
 .text.gpio_set_function
                0x0000000010001730       0x30 CMakeFiles/picow_tcpip_server_background.dir/mnt/c/Users/mvppr/Desktop/Design/pico/pico-sdk/src/rp2_common/hardware_gpio/gpio.c.obj
                0x0000000010001730                gpio_set_function
 .text.gpio_set_pulls
                0x0000000010001760       0x30 CMakeFiles/picow_tcpip_server_background.dir/mnt/c/Users/mvppr/Desktop/Design/pico/pico-sdk/src/rp2_common/hardware_gpio/gpio.c.obj
                0x0000000010001760                gpio_set_pulls
 .text.gpio_set_input_hysteresis_enabled
                0x0000000010001790       0x28 CMakeFiles/picow_tcpip_server_background.dir/mnt/c/Users/mvppr/Desktop/Design/pico/pico-sdk/src/rp2_common/hardware_gpio/gpio.c.obj
                0x0000000010001790                gpio_set_input_hysteresis_enabled
 .text.gpio_set_irq_enabled
                0x00000000100017b8       0x54 CMakeFiles/picow_tcpip_server_background.dir/mnt/c/Users/mvppr/Desktop/Design/pico/pico-sdk/src/rp2_common/hardware_gpio/gpio.c.obj
                0x00000000100017b8                gpio_set_irq_enabled
 .text.gpio_add_raw_irq_handler_with_order_priority_masked
                0x000000001000180c       0x44 CMakeFiles/picow_tcpip_server_background.dir/mnt/c/Users/mvppr/Desktop/Design/pico/pico-sdk/src/rp2_common/hardware_gpio/gpio.c.obj
                0x000000001000180c                gpio_add_raw_irq_handler_with_order_priority_masked
 .text.gpio_remove_raw_irq_handler_masked
                0x0000000010001850       0x20 CMakeFiles/picow_tcpip_server_background.dir/mnt/c/Users/mvppr/Desktop/Design/pico/pico-sdk/src/rp2_common/hardware_gpio/gpio.c.obj
                0x0000000010001850                gpio_remove_raw_irq_handler_masked
 .text.gpio_init
                0x0000000010001870       0x3c CMakeFiles/picow_tcpip_server_background.dir/mnt/c/Users/mvppr/Desktop/Design/pico/pico-sdk/src/rp2_common/hardware_gpio/gpio.c.obj
                0x0000000010001870                gpio_init
 .text.irq_set_enabled
                0x00000000100018ac       0x24 CMakeFiles/picow_tcpip_server_background.dir/mnt/c/Users/mvppr/Desktop/Design/pico/pico-sdk/src/rp2_common/hardware_irq/irq.c.obj
                0x00000000100018ac                irq_set_enabled
 .text.irq_set_pending
                0x00000000100018d0       0x10 CMakeFiles/picow_tcpip_server_background.dir/mnt/c/Users/mvppr/Desktop/Design/pico/pico-sdk/src/rp2_common/hardware_irq/irq.c.obj
                0x00000000100018d0                irq_set_pending
 .text.irq_has_shared_handler
                0x00000000100018e0       0x2c CMakeFiles/picow_tcpip_server_background.dir/mnt/c/Users/mvppr/Desktop/Design/pico/pico-sdk/src/rp2_common/hardware_irq/irq.c.obj
                0x00000000100018e0                irq_has_shared_handler
 .text.irq_get_vtable_handler
                0x000000001000190c       0x10 CMakeFiles/picow_tcpip_server_background.dir/mnt/c/Users/mvppr/Desktop/Design/pico/pico-sdk/src/rp2_common/hardware_irq/irq.c.obj
                0x000000001000190c                irq_get_vtable_handler
 .text.irq_set_exclusive_handler
                0x000000001000191c       0x54 CMakeFiles/picow_tcpip_server_background.dir/mnt/c/Users/mvppr/Desktop/Design/pico/pico-sdk/src/rp2_common/hardware_irq/irq.c.obj
                0x000000001000191c                irq_set_exclusive_handler
 .text.irq_add_shared_handler
                0x0000000010001970      0x1e8 CMakeFiles/picow_tcpip_server_background.dir/mnt/c/Users/mvppr/Desktop/Design/pico/pico-sdk/src/rp2_common/hardware_irq/irq.c.obj
                0x0000000010001970                irq_add_shared_handler
 .text.irq_remove_handler
                0x0000000010001b58      0x1b0 CMakeFiles/picow_tcpip_server_background.dir/mnt/c/Users/mvppr/Desktop/Design/pico/pico-sdk/src/rp2_common/hardware_irq/irq.c.obj
                0x0000000010001b58                irq_remove_handler
 .text.irq_set_priority
                0x0000000010001d08       0x28 CMakeFiles/picow_tcpip_server_background.dir/mnt/c/Users/mvppr/Desktop/Design/pico/pico-sdk/src/rp2_common/hardware_irq/irq.c.obj
                0x0000000010001d08                irq_set_priority
 .text.irq_add_tail_to_free_list
                0x0000000010001d30       0xb4 CMakeFiles/picow_tcpip_server_background.dir/mnt/c/Users/mvppr/Desktop/Design/pico/pico-sdk/src/rp2_common/hardware_irq/irq.c.obj
                0x0000000010001d30                irq_add_tail_to_free_list
 .text.irq_init_priorities
                0x0000000010001de4       0x24 CMakeFiles/picow_tcpip_server_background.dir/mnt/c/Users/mvppr/Desktop/Design/pico/pico-sdk/src/rp2_common/hardware_irq/irq.c.obj
                0x0000000010001de4                irq_init_priorities
 .text.user_irq_unclaim
                0x0000000010001e08       0x14 CMakeFiles/picow_tcpip_server_background.dir/mnt/c/Users/mvppr/Desktop/Design/pico/pico-sdk/src/rp2_common/hardware_irq/irq.c.obj
                0x0000000010001e08                user_irq_unclaim
 .text.user_irq_claim_unused
                0x0000000010001e1c       0x28 CMakeFiles/picow_tcpip_server_background.dir/mnt/c/Users/mvppr/Desktop/Design/pico/pico-sdk/src/rp2_common/hardware_irq/irq.c.obj
                0x0000000010001e1c                user_irq_claim_unused
 .text.sem_init
                0x0000000010001e44       0x20 CMakeFiles/picow_tcpip_server_background.dir/mnt/c/Users/mvppr/Desktop/Design/pico/pico-sdk/src/common/pico_sync/sem.c.obj
                0x0000000010001e44                sem_init
 .text.lock_init
                0x0000000010001e64       0x10 CMakeFiles/picow_tcpip_server_background.dir/mnt/c/Users/mvppr/Desktop/Design/pico/pico-sdk/src/common/pico_sync/lock_core.c.obj
                0x0000000010001e64                lock_init
 .text.mutex_init
                0x0000000010001e74       0x1c CMakeFiles/picow_tcpip_server_background.dir/mnt/c/Users/mvppr/Desktop/Design/pico/pico-sdk/src/common/pico_sync/mutex.c.obj
                0x0000000010001e74                mutex_init
 .text.recursive_mutex_init
                0x0000000010001e90       0x1c CMakeFiles/picow_tcpip_server_background.dir/mnt/c/Users/mvppr/Desktop/Design/pico/pico-sdk/src/common/pico_sync/mutex.c.obj
                0x0000000010001e90                recursive_mutex_init
 .text.critical_section_init
                0x0000000010001eac       0x20 CMakeFiles/picow_tcpip_server_background.dir/mnt/c/Users/mvppr/Desktop/Design/pico/pico-sdk/src/common/pico_sync/critical_section.c.obj
                0x0000000010001eac                critical_section_init
 .text.critical_section_init_with_lock_num
                0x0000000010001ecc       0x14 CMakeFiles/picow_tcpip_server_background.dir/mnt/c/Users/mvppr/Desktop/Design/pico/pico-sdk/src/common/pico_sync/critical_section.c.obj
                0x0000000010001ecc                critical_section_init_with_lock_num
 .text.timer_pool_entry_comparator
                0x0000000010001ee0       0x34 CMakeFiles/picow_tcpip_server_background.dir/mnt/c/Users/mvppr/Desktop/Design/pico/pico-sdk/src/common/pico_time/time.c.obj
                0x0000000010001ee0                timer_pool_entry_comparator
 .text.sleep_until_callback
                0x0000000010001f14       0x30 CMakeFiles/picow_tcpip_server_background.dir/mnt/c/Users/mvppr/Desktop/Design/pico/pico-sdk/src/common/pico_time/time.c.obj
 .text.add_alarm_under_lock.isra.0
                0x0000000010001f44      0x100 CMakeFiles/picow_tcpip_server_background.dir/mnt/c/Users/mvppr/Desktop/Design/pico/pico-sdk/src/common/pico_time/time.c.obj
 .text.alarm_pool_alarm_callback
                0x0000000010002044      0x1bc CMakeFiles/picow_tcpip_server_background.dir/mnt/c/Users/mvppr/Desktop/Design/pico/pico-sdk/src/common/pico_time/time.c.obj
 .text.alarm_pool_init_default
                0x0000000010002200       0x6c CMakeFiles/picow_tcpip_server_background.dir/mnt/c/Users/mvppr/Desktop/Design/pico/pico-sdk/src/common/pico_time/time.c.obj
                0x0000000010002200                alarm_pool_init_default
 .text.alarm_pool_get_default
                0x000000001000226c        0x8 CMakeFiles/picow_tcpip_server_background.dir/mnt/c/Users/mvppr/Desktop/Design/pico/pico-sdk/src/common/pico_time/time.c.obj
                0x000000001000226c                alarm_pool_get_default
 .text.alarm_pool_add_alarm_at
                0x0000000010002274      0x178 CMakeFiles/picow_tcpip_server_background.dir/mnt/c/Users/mvppr/Desktop/Design/pico/pico-sdk/src/common/pico_time/time.c.obj
                0x0000000010002274                alarm_pool_add_alarm_at
 .text.alarm_pool_cancel_alarm
                0x00000000100023ec       0x78 CMakeFiles/picow_tcpip_server_background.dir/mnt/c/Users/mvppr/Desktop/Design/pico/pico-sdk/src/common/pico_time/time.c.obj
                0x00000000100023ec                alarm_pool_cancel_alarm
 .text.alarm_pool_core_num
                0x0000000010002464        0x4 CMakeFiles/picow_tcpip_server_background.dir/mnt/c/Users/mvppr/Desktop/Design/pico/pico-sdk/src/common/pico_time/time.c.obj
                0x0000000010002464                alarm_pool_core_num
 .text.sleep_until
                0x0000000010002468       0xc4 CMakeFiles/picow_tcpip_server_background.dir/mnt/c/Users/mvppr/Desktop/Design/pico/pico-sdk/src/common/pico_time/time.c.obj
                0x0000000010002468                sleep_until
 .text.sleep_ms
                0x000000001000252c       0x34 CMakeFiles/picow_tcpip_server_background.dir/mnt/c/Users/mvppr/Desktop/Design/pico/pico-sdk/src/common/pico_time/time.c.obj
                0x000000001000252c                sleep_ms
 .text.best_effort_wfe_or_timeout
                0x0000000010002560       0xd4 CMakeFiles/picow_tcpip_server_background.dir/mnt/c/Users/mvppr/Desktop/Design/pico/pico-sdk/src/common/pico_time/time.c.obj
                0x0000000010002560                best_effort_wfe_or_timeout
 .text.hardware_alarm_irq_handler
                0x0000000010002634       0xbc CMakeFiles/picow_tcpip_server_background.dir/mnt/c/Users/mvppr/Desktop/Design/pico/pico-sdk/src/rp2_common/hardware_timer/timer.c.obj
 .text.hardware_alarm_claim
                0x00000000100026f0       0x18 CMakeFiles/picow_tcpip_server_background.dir/mnt/c/Users/mvppr/Desktop/Design/pico/pico-sdk/src/rp2_common/hardware_timer/timer.c.obj
                0x00000000100026f0                hardware_alarm_claim
 .text.time_us_64
                0x0000000010002708       0x14 CMakeFiles/picow_tcpip_server_background.dir/mnt/c/Users/mvppr/Desktop/Design/pico/pico-sdk/src/rp2_common/hardware_timer/timer.c.obj
                0x0000000010002708                time_us_64
 .text.busy_wait_us
                0x000000001000271c       0x54 CMakeFiles/picow_tcpip_server_background.dir/mnt/c/Users/mvppr/Desktop/Design/pico/pico-sdk/src/rp2_common/hardware_timer/timer.c.obj
                0x000000001000271c                busy_wait_us
 .text.busy_wait_until
                0x0000000010002770       0x20 CMakeFiles/picow_tcpip_server_background.dir/mnt/c/Users/mvppr/Desktop/Design/pico/pico-sdk/src/rp2_common/hardware_timer/timer.c.obj
                0x0000000010002770                busy_wait_until
 .text.hardware_alarm_set_callback
                0x0000000010002790       0x8c CMakeFiles/picow_tcpip_server_background.dir/mnt/c/Users/mvppr/Desktop/Design/pico/pico-sdk/src/rp2_common/hardware_timer/timer.c.obj
                0x0000000010002790                hardware_alarm_set_callback
 .text.hardware_alarm_set_target
                0x000000001000281c       0xd4 CMakeFiles/picow_tcpip_server_background.dir/mnt/c/Users/mvppr/Desktop/Design/pico/pico-sdk/src/rp2_common/hardware_timer/timer.c.obj
                0x000000001000281c                hardware_alarm_set_target
 .text.hardware_alarm_cancel
                0x00000000100028f0       0x3c CMakeFiles/picow_tcpip_server_background.dir/mnt/c/Users/mvppr/Desktop/Design/pico/pico-sdk/src/rp2_common/hardware_timer/timer.c.obj
                0x00000000100028f0                hardware_alarm_cancel
 .text.ph_merge_nodes
                0x000000001000292c       0x68 CMakeFiles/picow_tcpip_server_background.dir/mnt/c/Users/mvppr/Desktop/Design/pico/pico-sdk/src/common/pico_util/pheap.c.obj
 .text.ph_post_alloc_init
                0x0000000010002994       0x3c CMakeFiles/picow_tcpip_server_background.dir/mnt/c/Users/mvppr/Desktop/Design/pico/pico-sdk/src/common/pico_util/pheap.c.obj
                0x0000000010002994                ph_post_alloc_init
 .text.ph_merge_two_pass
                0x00000000100029d0       0x90 CMakeFiles/picow_tcpip_server_background.dir/mnt/c/Users/mvppr/Desktop/Design/pico/pico-sdk/src/common/pico_util/pheap.c.obj
                0x00000000100029d0                ph_merge_two_pass
 .text.ph_remove_any_head
                0x0000000010002a60      0x100 CMakeFiles/picow_tcpip_server_background.dir/mnt/c/Users/mvppr/Desktop/Design/pico/pico-sdk/src/common/pico_util/pheap.c.obj
 .text.ph_remove_head
                0x0000000010002b60      0x104 CMakeFiles/picow_tcpip_server_background.dir/mnt/c/Users/mvppr/Desktop/Design/pico/pico-sdk/src/common/pico_util/pheap.c.obj
                0x0000000010002b60                ph_remove_head
 .text.ph_remove_and_free_node
                0x0000000010002c64       0x7c CMakeFiles/picow_tcpip_server_background.dir/mnt/c/Users/mvppr/Desktop/Design/pico/pico-sdk/src/common/pico_util/pheap.c.obj
                0x0000000010002c64                ph_remove_and_free_node
 .text.pll_init
                0x0000000010002ce0       0xa0 CMakeFiles/picow_tcpip_server_background.dir/mnt/c/Users/mvppr/Desktop/Design/pico/pico-sdk/src/rp2_common/hardware_pll/pll.c.obj
                0x0000000010002ce0                pll_init
 .text.watchdog_start_tick
                0x0000000010002d80       0x10 CMakeFiles/picow_tcpip_server_background.dir/mnt/c/Users/mvppr/Desktop/Design/pico/pico-sdk/src/rp2_common/hardware_watchdog/watchdog.c.obj
                0x0000000010002d80                watchdog_start_tick
 .text.watchdog_reboot
                0x0000000010002d90       0x98 CMakeFiles/picow_tcpip_server_background.dir/mnt/c/Users/mvppr/Desktop/Design/pico/pico-sdk/src/rp2_common/hardware_watchdog/watchdog.c.obj
                0x0000000010002d90                watchdog_reboot
 .text.xosc_init
                0x0000000010002e28       0x28 CMakeFiles/picow_tcpip_server_background.dir/mnt/c/Users/mvppr/Desktop/Design/pico/pico-sdk/src/rp2_common/hardware_xosc/xosc.c.obj
                0x0000000010002e28                xosc_init
 .text.lwip_init
                0x0000000010002e50       0x24 CMakeFiles/picow_tcpip_server_background.dir/mnt/c/Users/mvppr/Desktop/Design/pico/pico-sdk/lib/lwip/src/core/init.c.obj
                0x0000000010002e50                lwip_init
 .text.lwip_htons
                0x0000000010002e74        0x8 CMakeFiles/picow_tcpip_server_background.dir/mnt/c/Users/mvppr/Desktop/Design/pico/pico-sdk/lib/lwip/src/core/def.c.obj
                0x0000000010002e74                lwip_htons
 .text.lwip_htonl
                0x0000000010002e7c        0x4 CMakeFiles/picow_tcpip_server_background.dir/mnt/c/Users/mvppr/Desktop/Design/pico/pico-sdk/lib/lwip/src/core/def.c.obj
                0x0000000010002e7c                lwip_htonl
 .text.dns_call_found
                0x0000000010002e80      0x134 CMakeFiles/picow_tcpip_server_background.dir/mnt/c/Users/mvppr/Desktop/Design/pico/pico-sdk/lib/lwip/src/core/dns.c.obj
 .text.dns_send.isra.0
                0x0000000010002fb4      0x168 CMakeFiles/picow_tcpip_server_background.dir/mnt/c/Users/mvppr/Desktop/Design/pico/pico-sdk/lib/lwip/src/core/dns.c.obj
 .text.dns_init
                0x000000001000311c        0x4 CMakeFiles/picow_tcpip_server_background.dir/mnt/c/Users/mvppr/Desktop/Design/pico/pico-sdk/lib/lwip/src/core/dns.c.obj
                0x000000001000311c                dns_init
 .text.dns_setserver
                0x0000000010003120       0x2c CMakeFiles/picow_tcpip_server_background.dir/mnt/c/Users/mvppr/Desktop/Design/pico/pico-sdk/lib/lwip/src/core/dns.c.obj
                0x0000000010003120                dns_setserver
 .text.dns_tmr  0x000000001000314c      0x138 CMakeFiles/picow_tcpip_server_background.dir/mnt/c/Users/mvppr/Desktop/Design/pico/pico-sdk/lib/lwip/src/core/dns.c.obj
                0x000000001000314c                dns_tmr
 .text.lwip_standard_chksum
                0x0000000010003284       0xd8 CMakeFiles/picow_tcpip_server_background.dir/mnt/c/Users/mvppr/Desktop/Design/pico/pico-sdk/lib/lwip/src/core/inet_chksum.c.obj
                0x0000000010003284                lwip_standard_chksum
 .text.inet_chksum_pseudo
                0x000000001000335c       0xb4 CMakeFiles/picow_tcpip_server_background.dir/mnt/c/Users/mvppr/Desktop/Design/pico/pico-sdk/lib/lwip/src/core/inet_chksum.c.obj
                0x000000001000335c                inet_chksum_pseudo
 .text.ip_chksum_pseudo
                0x0000000010003410       0x10 CMakeFiles/picow_tcpip_server_background.dir/mnt/c/Users/mvppr/Desktop/Design/pico/pico-sdk/lib/lwip/src/core/inet_chksum.c.obj
                0x0000000010003410                ip_chksum_pseudo
 .text.inet_chksum
                0x0000000010003420        0xc CMakeFiles/picow_tcpip_server_background.dir/mnt/c/Users/mvppr/Desktop/Design/pico/pico-sdk/lib/lwip/src/core/inet_chksum.c.obj
                0x0000000010003420                inet_chksum
 .text.inet_chksum_pbuf
                0x000000001000342c       0x6c CMakeFiles/picow_tcpip_server_background.dir/mnt/c/Users/mvppr/Desktop/Design/pico/pico-sdk/lib/lwip/src/core/inet_chksum.c.obj
                0x000000001000342c                inet_chksum_pbuf
 .text.mem_init
                0x0000000010003498       0x40 CMakeFiles/picow_tcpip_server_background.dir/mnt/c/Users/mvppr/Desktop/Design/pico/pico-sdk/lib/lwip/src/core/mem.c.obj
                0x0000000010003498                mem_init
 .text.mem_free
                0x00000000100034d8      0x11c CMakeFiles/picow_tcpip_server_background.dir/mnt/c/Users/mvppr/Desktop/Design/pico/pico-sdk/lib/lwip/src/core/mem.c.obj
                0x00000000100034d8                mem_free
 .text.mem_trim
                0x00000000100035f4      0x110 CMakeFiles/picow_tcpip_server_background.dir/mnt/c/Users/mvppr/Desktop/Design/pico/pico-sdk/lib/lwip/src/core/mem.c.obj
                0x00000000100035f4                mem_trim
 .text.mem_malloc
                0x0000000010003704      0x120 CMakeFiles/picow_tcpip_server_background.dir/mnt/c/Users/mvppr/Desktop/Design/pico/pico-sdk/lib/lwip/src/core/mem.c.obj
                0x0000000010003704                mem_malloc
 .text.memp_init
                0x0000000010003824       0x6c CMakeFiles/picow_tcpip_server_background.dir/mnt/c/Users/mvppr/Desktop/Design/pico/pico-sdk/lib/lwip/src/core/memp.c.obj
                0x0000000010003824                memp_init
 .text.memp_malloc
                0x0000000010003890       0x3c CMakeFiles/picow_tcpip_server_background.dir/mnt/c/Users/mvppr/Desktop/Design/pico/pico-sdk/lib/lwip/src/core/memp.c.obj
                0x0000000010003890                memp_malloc
 .text.memp_free
                0x00000000100038cc       0x38 CMakeFiles/picow_tcpip_server_background.dir/mnt/c/Users/mvppr/Desktop/Design/pico/pico-sdk/lib/lwip/src/core/memp.c.obj
                0x00000000100038cc                memp_free
 .text.netif_null_output_ip4
                0x0000000010003904        0x8 CMakeFiles/picow_tcpip_server_background.dir/mnt/c/Users/mvppr/Desktop/Design/pico/pico-sdk/lib/lwip/src/core/netif.c.obj
 .text.netif_do_set_ipaddr.isra.0
                0x000000001000390c       0x70 CMakeFiles/picow_tcpip_server_background.dir/mnt/c/Users/mvppr/Desktop/Design/pico/pico-sdk/lib/lwip/src/core/netif.c.obj
 .text.netif_init
                0x000000001000397c        0x4 CMakeFiles/picow_tcpip_server_background.dir/mnt/c/Users/mvppr/Desktop/Design/pico/pico-sdk/lib/lwip/src/core/netif.c.obj
                0x000000001000397c                netif_init
 .text.netif_add
                0x0000000010003980      0x144 CMakeFiles/picow_tcpip_server_background.dir/mnt/c/Users/mvppr/Desktop/Design/pico/pico-sdk/lib/lwip/src/core/netif.c.obj
                0x0000000010003980                netif_add
 .text.netif_set_addr
                0x0000000010003ac4       0xb8 CMakeFiles/picow_tcpip_server_background.dir/mnt/c/Users/mvppr/Desktop/Design/pico/pico-sdk/lib/lwip/src/core/netif.c.obj
                0x0000000010003ac4                netif_set_addr
 .text.netif_remove
                0x0000000010003b7c       0x94 CMakeFiles/picow_tcpip_server_background.dir/mnt/c/Users/mvppr/Desktop/Design/pico/pico-sdk/lib/lwip/src/core/netif.c.obj
                0x0000000010003b7c                netif_remove
 .text.netif_set_default
                0x0000000010003c10        0xc CMakeFiles/picow_tcpip_server_background.dir/mnt/c/Users/mvppr/Desktop/Design/pico/pico-sdk/lib/lwip/src/core/netif.c.obj
                0x0000000010003c10                netif_set_default
 .text.netif_set_up
                0x0000000010003c1c       0x40 CMakeFiles/picow_tcpip_server_background.dir/mnt/c/Users/mvppr/Desktop/Design/pico/pico-sdk/lib/lwip/src/core/netif.c.obj
                0x0000000010003c1c                netif_set_up
 .text.netif_set_link_up
                0x0000000010003c5c       0x44 CMakeFiles/picow_tcpip_server_background.dir/mnt/c/Users/mvppr/Desktop/Design/pico/pico-sdk/lib/lwip/src/core/netif.c.obj
                0x0000000010003c5c                netif_set_link_up
 .text.netif_set_link_down
                0x0000000010003ca0       0x20 CMakeFiles/picow_tcpip_server_background.dir/mnt/c/Users/mvppr/Desktop/Design/pico/pico-sdk/lib/lwip/src/core/netif.c.obj
                0x0000000010003ca0                netif_set_link_down
 .text.netif_get_by_index
                0x0000000010003cc0       0x2c CMakeFiles/picow_tcpip_server_background.dir/mnt/c/Users/mvppr/Desktop/Design/pico/pico-sdk/lib/lwip/src/core/netif.c.obj
                0x0000000010003cc0                netif_get_by_index
 .text.pbuf_free.part.0
                0x0000000010003cec       0x7c CMakeFiles/picow_tcpip_server_background.dir/mnt/c/Users/mvppr/Desktop/Design/pico/pico-sdk/lib/lwip/src/core/pbuf.c.obj
 .text.pbuf_free_ooseq
                0x0000000010003d68       0x34 CMakeFiles/picow_tcpip_server_background.dir/mnt/c/Users/mvppr/Desktop/Design/pico/pico-sdk/lib/lwip/src/core/pbuf.c.obj
                0x0000000010003d68                pbuf_free_ooseq
 .text.pbuf_alloc
                0x0000000010003d9c      0x130 CMakeFiles/picow_tcpip_server_background.dir/mnt/c/Users/mvppr/Desktop/Design/pico/pico-sdk/lib/lwip/src/core/pbuf.c.obj
                0x0000000010003d9c                pbuf_alloc
 .text.pbuf_realloc
                0x0000000010003ecc       0x88 CMakeFiles/picow_tcpip_server_background.dir/mnt/c/Users/mvppr/Desktop/Design/pico/pico-sdk/lib/lwip/src/core/pbuf.c.obj
                0x0000000010003ecc                pbuf_realloc
 .text.pbuf_add_header
                0x0000000010003f54       0x54 CMakeFiles/picow_tcpip_server_background.dir/mnt/c/Users/mvppr/Desktop/Design/pico/pico-sdk/lib/lwip/src/core/pbuf.c.obj
                0x0000000010003f54                pbuf_add_header
 .text.pbuf_remove_header
                0x0000000010003fa8       0x44 CMakeFiles/picow_tcpip_server_background.dir/mnt/c/Users/mvppr/Desktop/Design/pico/pico-sdk/lib/lwip/src/core/pbuf.c.obj
                0x0000000010003fa8                pbuf_remove_header
 .text.pbuf_header_force
                0x0000000010003fec       0x74 CMakeFiles/picow_tcpip_server_background.dir/mnt/c/Users/mvppr/Desktop/Design/pico/pico-sdk/lib/lwip/src/core/pbuf.c.obj
                0x0000000010003fec                pbuf_header_force
 .text.pbuf_free
                0x0000000010004060       0x18 CMakeFiles/picow_tcpip_server_background.dir/mnt/c/Users/mvppr/Desktop/Design/pico/pico-sdk/lib/lwip/src/core/pbuf.c.obj
                0x0000000010004060                pbuf_free
 .text.pbuf_clen
                0x0000000010004078       0x14 CMakeFiles/picow_tcpip_server_background.dir/mnt/c/Users/mvppr/Desktop/Design/pico/pico-sdk/lib/lwip/src/core/pbuf.c.obj
                0x0000000010004078                pbuf_clen
 .text.pbuf_ref
                0x000000001000408c       0x28 CMakeFiles/picow_tcpip_server_background.dir/mnt/c/Users/mvppr/Desktop/Design/pico/pico-sdk/lib/lwip/src/core/pbuf.c.obj
                0x000000001000408c                pbuf_ref
 .text.pbuf_cat
                0x00000000100040b4       0x3c CMakeFiles/picow_tcpip_server_background.dir/mnt/c/Users/mvppr/Desktop/Design/pico/pico-sdk/lib/lwip/src/core/pbuf.c.obj
                0x00000000100040b4                pbuf_cat
 .text.pbuf_chain
                0x00000000100040f0       0x64 CMakeFiles/picow_tcpip_server_background.dir/mnt/c/Users/mvppr/Desktop/Design/pico/pico-sdk/lib/lwip/src/core/pbuf.c.obj
                0x00000000100040f0                pbuf_chain
 .text.pbuf_copy_partial_pbuf
                0x0000000010004154      0x13c CMakeFiles/picow_tcpip_server_background.dir/mnt/c/Users/mvppr/Desktop/Design/pico/pico-sdk/lib/lwip/src/core/pbuf.c.obj
                0x0000000010004154                pbuf_copy_partial_pbuf
 .text.pbuf_copy
                0x0000000010004290       0x18 CMakeFiles/picow_tcpip_server_background.dir/mnt/c/Users/mvppr/Desktop/Design/pico/pico-sdk/lib/lwip/src/core/pbuf.c.obj
                0x0000000010004290                pbuf_copy
 .text.pbuf_copy_partial
                0x00000000100042a8       0x70 CMakeFiles/picow_tcpip_server_background.dir/mnt/c/Users/mvppr/Desktop/Design/pico/pico-sdk/lib/lwip/src/core/pbuf.c.obj
                0x00000000100042a8                pbuf_copy_partial
 .text.pbuf_take
                0x0000000010004318       0x78 CMakeFiles/picow_tcpip_server_background.dir/mnt/c/Users/mvppr/Desktop/Design/pico/pico-sdk/lib/lwip/src/core/pbuf.c.obj
                0x0000000010004318                pbuf_take
 .text.pbuf_take_at
                0x0000000010004390       0xc0 CMakeFiles/picow_tcpip_server_background.dir/mnt/c/Users/mvppr/Desktop/Design/pico/pico-sdk/lib/lwip/src/core/pbuf.c.obj
                0x0000000010004390                pbuf_take_at
 .text.pbuf_clone
                0x0000000010004450       0x30 CMakeFiles/picow_tcpip_server_background.dir/mnt/c/Users/mvppr/Desktop/Design/pico/pico-sdk/lib/lwip/src/core/pbuf.c.obj
                0x0000000010004450                pbuf_clone
 .text.pbuf_put_at
                0x0000000010004480       0x1c CMakeFiles/picow_tcpip_server_background.dir/mnt/c/Users/mvppr/Desktop/Design/pico/pico-sdk/lib/lwip/src/core/pbuf.c.obj
                0x0000000010004480                pbuf_put_at
 .text.raw_input
                0x000000001000449c       0xf0 CMakeFiles/picow_tcpip_server_background.dir/mnt/c/Users/mvppr/Desktop/Design/pico/pico-sdk/lib/lwip/src/core/raw.c.obj
                0x000000001000449c                raw_input
 .text.raw_netif_ip_addr_changed
                0x000000001000458c       0x40 CMakeFiles/picow_tcpip_server_background.dir/mnt/c/Users/mvppr/Desktop/Design/pico/pico-sdk/lib/lwip/src/core/raw.c.obj
                0x000000001000458c                raw_netif_ip_addr_changed
 .text.stats_init
                0x00000000100045cc        0x4 CMakeFiles/picow_tcpip_server_background.dir/mnt/c/Users/mvppr/Desktop/Design/pico/pico-sdk/lib/lwip/src/core/stats.c.obj
                0x00000000100045cc                stats_init
 .text.tcp_close_shutdown_fin
                0x00000000100045d0       0x58 CMakeFiles/picow_tcpip_server_background.dir/mnt/c/Users/mvppr/Desktop/Design/pico/pico-sdk/lib/lwip/src/core/tcp.c.obj
 .text.tcp_pcb_purge.part.0
                0x0000000010004628       0xc4 CMakeFiles/picow_tcpip_server_background.dir/mnt/c/Users/mvppr/Desktop/Design/pico/pico-sdk/lib/lwip/src/core/tcp.c.obj
 .text.tcp_init
                0x00000000100046ec       0x20 CMakeFiles/picow_tcpip_server_background.dir/mnt/c/Users/mvppr/Desktop/Design/pico/pico-sdk/lib/lwip/src/core/tcp.c.obj
                0x00000000100046ec                tcp_init
 .text.tcp_free
                0x000000001000470c       0x1c CMakeFiles/picow_tcpip_server_background.dir/mnt/c/Users/mvppr/Desktop/Design/pico/pico-sdk/lib/lwip/src/core/tcp.c.obj
                0x000000001000470c                tcp_free
 .text.tcp_bind
                0x0000000010004728       0xf8 CMakeFiles/picow_tcpip_server_background.dir/mnt/c/Users/mvppr/Desktop/Design/pico/pico-sdk/lib/lwip/src/core/tcp.c.obj
                0x0000000010004728                tcp_bind
 .text.tcp_listen_with_backlog
                0x0000000010004820       0x98 CMakeFiles/picow_tcpip_server_background.dir/mnt/c/Users/mvppr/Desktop/Design/pico/pico-sdk/lib/lwip/src/core/tcp.c.obj
                0x0000000010004820                tcp_listen_with_backlog
 .text.tcp_update_rcv_ann_wnd
                0x00000000100048b8       0x60 CMakeFiles/picow_tcpip_server_background.dir/mnt/c/Users/mvppr/Desktop/Design/pico/pico-sdk/lib/lwip/src/core/tcp.c.obj
                0x00000000100048b8                tcp_update_rcv_ann_wnd
 .text.tcp_recved
                0x0000000010004918       0x98 CMakeFiles/picow_tcpip_server_background.dir/mnt/c/Users/mvppr/Desktop/Design/pico/pico-sdk/lib/lwip/src/core/tcp.c.obj
                0x0000000010004918                tcp_recved
 .text.tcp_slowtmr
                0x00000000100049b0      0x4dc CMakeFiles/picow_tcpip_server_background.dir/mnt/c/Users/mvppr/Desktop/Design/pico/pico-sdk/lib/lwip/src/core/tcp.c.obj
                0x00000000100049b0                tcp_slowtmr
 .text.tcp_segs_free
                0x0000000010004e8c       0x38 CMakeFiles/picow_tcpip_server_background.dir/mnt/c/Users/mvppr/Desktop/Design/pico/pico-sdk/lib/lwip/src/core/tcp.c.obj
                0x0000000010004e8c                tcp_segs_free
 .text.tcp_seg_free
                0x0000000010004ec4       0x1c CMakeFiles/picow_tcpip_server_background.dir/mnt/c/Users/mvppr/Desktop/Design/pico/pico-sdk/lib/lwip/src/core/tcp.c.obj
                0x0000000010004ec4                tcp_seg_free
 .text.tcp_seg_copy
                0x0000000010004ee0       0x2c CMakeFiles/picow_tcpip_server_background.dir/mnt/c/Users/mvppr/Desktop/Design/pico/pico-sdk/lib/lwip/src/core/tcp.c.obj
                0x0000000010004ee0                tcp_seg_copy
 .text.tcp_arg  0x0000000010004f0c        0x8 CMakeFiles/picow_tcpip_server_background.dir/mnt/c/Users/mvppr/Desktop/Design/pico/pico-sdk/lib/lwip/src/core/tcp.c.obj
                0x0000000010004f0c                tcp_arg
 .text.tcp_recv
                0x0000000010004f14       0x1c CMakeFiles/picow_tcpip_server_background.dir/mnt/c/Users/mvppr/Desktop/Design/pico/pico-sdk/lib/lwip/src/core/tcp.c.obj
                0x0000000010004f14                tcp_recv
 .text.tcp_sent
                0x0000000010004f30       0x1c CMakeFiles/picow_tcpip_server_background.dir/mnt/c/Users/mvppr/Desktop/Design/pico/pico-sdk/lib/lwip/src/core/tcp.c.obj
                0x0000000010004f30                tcp_sent
 .text.tcp_err  0x0000000010004f4c       0x1c CMakeFiles/picow_tcpip_server_background.dir/mnt/c/Users/mvppr/Desktop/Design/pico/pico-sdk/lib/lwip/src/core/tcp.c.obj
                0x0000000010004f4c                tcp_err
 .text.tcp_accept
                0x0000000010004f68       0x10 CMakeFiles/picow_tcpip_server_background.dir/mnt/c/Users/mvppr/Desktop/Design/pico/pico-sdk/lib/lwip/src/core/tcp.c.obj
                0x0000000010004f68                tcp_accept
 .text.tcp_poll
                0x0000000010004f78       0x20 CMakeFiles/picow_tcpip_server_background.dir/mnt/c/Users/mvppr/Desktop/Design/pico/pico-sdk/lib/lwip/src/core/tcp.c.obj
                0x0000000010004f78                tcp_poll
 .text.tcp_pcb_purge
                0x0000000010004f98       0x18 CMakeFiles/picow_tcpip_server_background.dir/mnt/c/Users/mvppr/Desktop/Design/pico/pico-sdk/lib/lwip/src/core/tcp.c.obj
                0x0000000010004f98                tcp_pcb_purge
 .text.tcp_pcb_remove
                0x0000000010004fb0       0xc8 CMakeFiles/picow_tcpip_server_background.dir/mnt/c/Users/mvppr/Desktop/Design/pico/pico-sdk/lib/lwip/src/core/tcp.c.obj
                0x0000000010004fb0                tcp_pcb_remove
 .text.tcp_abandon
                0x0000000010005078      0x1ac CMakeFiles/picow_tcpip_server_background.dir/mnt/c/Users/mvppr/Desktop/Design/pico/pico-sdk/lib/lwip/src/core/tcp.c.obj
                0x0000000010005078                tcp_abandon
 .text.tcp_abort
                0x0000000010005224        0xc CMakeFiles/picow_tcpip_server_background.dir/mnt/c/Users/mvppr/Desktop/Design/pico/pico-sdk/lib/lwip/src/core/tcp.c.obj
                0x0000000010005224                tcp_abort
 .text.tcp_accept_null
                0x0000000010005230       0x20 CMakeFiles/picow_tcpip_server_background.dir/mnt/c/Users/mvppr/Desktop/Design/pico/pico-sdk/lib/lwip/src/core/tcp.c.obj
 .text.tcp_alloc
                0x0000000010005250      0x1cc CMakeFiles/picow_tcpip_server_background.dir/mnt/c/Users/mvppr/Desktop/Design/pico/pico-sdk/lib/lwip/src/core/tcp.c.obj
                0x0000000010005250                tcp_alloc
 .text.tcp_new_ip_type
                0x000000001000541c      0x1ac CMakeFiles/picow_tcpip_server_background.dir/mnt/c/Users/mvppr/Desktop/Design/pico/pico-sdk/lib/lwip/src/core/tcp.c.obj
                0x000000001000541c                tcp_new_ip_type
 .text.tcp_close_shutdown
                0x00000000100055c8      0x18c CMakeFiles/picow_tcpip_server_background.dir/mnt/c/Users/mvppr/Desktop/Design/pico/pico-sdk/lib/lwip/src/core/tcp.c.obj
 .text.tcp_recv_null
                0x0000000010005754       0xd4 CMakeFiles/picow_tcpip_server_background.dir/mnt/c/Users/mvppr/Desktop/Design/pico/pico-sdk/lib/lwip/src/core/tcp.c.obj
                0x0000000010005754                tcp_recv_null
 .text.tcp_process_refused_data
                0x0000000010005828       0x78 CMakeFiles/picow_tcpip_server_background.dir/mnt/c/Users/mvppr/Desktop/Design/pico/pico-sdk/lib/lwip/src/core/tcp.c.obj
                0x0000000010005828                tcp_process_refused_data
 .text.tcp_fasttmr
                0x00000000100058a0       0x98 CMakeFiles/picow_tcpip_server_background.dir/mnt/c/Users/mvppr/Desktop/Design/pico/pico-sdk/lib/lwip/src/core/tcp.c.obj
                0x00000000100058a0                tcp_fasttmr
 .text.tcp_tmr  0x0000000010005938       0x20 CMakeFiles/picow_tcpip_server_background.dir/mnt/c/Users/mvppr/Desktop/Design/pico/pico-sdk/lib/lwip/src/core/tcp.c.obj
                0x0000000010005938                tcp_tmr
 .text.tcp_close
                0x0000000010005958      0x174 CMakeFiles/picow_tcpip_server_background.dir/mnt/c/Users/mvppr/Desktop/Design/pico/pico-sdk/lib/lwip/src/core/tcp.c.obj
                0x0000000010005958                tcp_close
 .text.tcp_next_iss
                0x0000000010005acc       0x28 CMakeFiles/picow_tcpip_server_background.dir/mnt/c/Users/mvppr/Desktop/Design/pico/pico-sdk/lib/lwip/src/core/tcp.c.obj
                0x0000000010005acc                tcp_next_iss
 .text.tcp_eff_send_mss_netif
                0x0000000010005af4       0x38 CMakeFiles/picow_tcpip_server_background.dir/mnt/c/Users/mvppr/Desktop/Design/pico/pico-sdk/lib/lwip/src/core/tcp.c.obj
                0x0000000010005af4                tcp_eff_send_mss_netif
 .text.tcp_netif_ip_addr_changed
                0x0000000010005b2c       0x9c CMakeFiles/picow_tcpip_server_background.dir/mnt/c/Users/mvppr/Desktop/Design/pico/pico-sdk/lib/lwip/src/core/tcp.c.obj
                0x0000000010005b2c                tcp_netif_ip_addr_changed
 .text.tcp_free_ooseq
                0x0000000010005bc8       0x40 CMakeFiles/picow_tcpip_server_background.dir/mnt/c/Users/mvppr/Desktop/Design/pico/pico-sdk/lib/lwip/src/core/tcp.c.obj
                0x0000000010005bc8                tcp_free_ooseq
 .text.tcp_parseopt
                0x0000000010005c08      0x190 CMakeFiles/picow_tcpip_server_background.dir/mnt/c/Users/mvppr/Desktop/Design/pico/pico-sdk/lib/lwip/src/core/tcp_in.c.obj
 .text.tcp_oos_insert_segment
                0x0000000010005d98       0xe0 CMakeFiles/picow_tcpip_server_background.dir/mnt/c/Users/mvppr/Desktop/Design/pico/pico-sdk/lib/lwip/src/core/tcp_in.c.obj
 .text.tcp_free_acked_segments.constprop.0
                0x0000000010005e78       0xdc CMakeFiles/picow_tcpip_server_background.dir/mnt/c/Users/mvppr/Desktop/Design/pico/pico-sdk/lib/lwip/src/core/tcp_in.c.obj
 .text.tcp_receive
                0x0000000010005f54      0xa4c CMakeFiles/picow_tcpip_server_background.dir/mnt/c/Users/mvppr/Desktop/Design/pico/pico-sdk/lib/lwip/src/core/tcp_in.c.obj
 .text.tcp_input
                0x00000000100069a0      0xda4 CMakeFiles/picow_tcpip_server_background.dir/mnt/c/Users/mvppr/Desktop/Design/pico/pico-sdk/lib/lwip/src/core/tcp_in.c.obj
                0x00000000100069a0                tcp_input
 .text.tcp_trigger_input_pcb_close
                0x0000000010007744       0x10 CMakeFiles/picow_tcpip_server_background.dir/mnt/c/Users/mvppr/Desktop/Design/pico/pico-sdk/lib/lwip/src/core/tcp_in.c.obj
                0x0000000010007744                tcp_trigger_input_pcb_close
 .text.tcp_create_segment
                0x0000000010007754       0xf8 CMakeFiles/picow_tcpip_server_background.dir/mnt/c/Users/mvppr/Desktop/Design/pico/pico-sdk/lib/lwip/src/core/tcp_out.c.obj
 .text.tcp_output_control_segment
                0x000000001000784c       0xc0 CMakeFiles/picow_tcpip_server_background.dir/mnt/c/Users/mvppr/Desktop/Design/pico/pico-sdk/lib/lwip/src/core/tcp_out.c.obj
 .text.tcp_output_alloc_header.constprop.0
                0x000000001000790c       0xcc CMakeFiles/picow_tcpip_server_background.dir/mnt/c/Users/mvppr/Desktop/Design/pico/pico-sdk/lib/lwip/src/core/tcp_out.c.obj
 .text.tcp_write
                0x00000000100079d8      0x494 CMakeFiles/picow_tcpip_server_background.dir/mnt/c/Users/mvppr/Desktop/Design/pico/pico-sdk/lib/lwip/src/core/tcp_out.c.obj
                0x00000000100079d8                tcp_write
 .text.tcp_split_unsent_seg
                0x0000000010007e6c      0x1c4 CMakeFiles/picow_tcpip_server_background.dir/mnt/c/Users/mvppr/Desktop/Design/pico/pico-sdk/lib/lwip/src/core/tcp_out.c.obj
                0x0000000010007e6c                tcp_split_unsent_seg
 .text.tcp_send_fin
                0x0000000010008030      0x12c CMakeFiles/picow_tcpip_server_background.dir/mnt/c/Users/mvppr/Desktop/Design/pico/pico-sdk/lib/lwip/src/core/tcp_out.c.obj
                0x0000000010008030                tcp_send_fin
 .text.tcp_enqueue_flags
                0x000000001000815c      0x124 CMakeFiles/picow_tcpip_server_background.dir/mnt/c/Users/mvppr/Desktop/Design/pico/pico-sdk/lib/lwip/src/core/tcp_out.c.obj
                0x000000001000815c                tcp_enqueue_flags
 .text.tcp_rexmit_rto_prepare
                0x0000000010008280       0x9c CMakeFiles/picow_tcpip_server_background.dir/mnt/c/Users/mvppr/Desktop/Design/pico/pico-sdk/lib/lwip/src/core/tcp_out.c.obj
                0x0000000010008280                tcp_rexmit_rto_prepare
 .text.tcp_rexmit
                0x000000001000831c       0x9c CMakeFiles/picow_tcpip_server_background.dir/mnt/c/Users/mvppr/Desktop/Design/pico/pico-sdk/lib/lwip/src/core/tcp_out.c.obj
                0x000000001000831c                tcp_rexmit
 .text.tcp_rexmit_fast
                0x00000000100083b8       0x64 CMakeFiles/picow_tcpip_server_background.dir/mnt/c/Users/mvppr/Desktop/Design/pico/pico-sdk/lib/lwip/src/core/tcp_out.c.obj
                0x00000000100083b8                tcp_rexmit_fast
 .text.tcp_rst  0x000000001000841c       0xe8 CMakeFiles/picow_tcpip_server_background.dir/mnt/c/Users/mvppr/Desktop/Design/pico/pico-sdk/lib/lwip/src/core/tcp_out.c.obj
                0x000000001000841c                tcp_rst
 .text.tcp_rst_netif
                0x0000000010008504      0x130 CMakeFiles/picow_tcpip_server_background.dir/mnt/c/Users/mvppr/Desktop/Design/pico/pico-sdk/lib/lwip/src/core/tcp_out.c.obj
                0x0000000010008504                tcp_rst_netif
 .text.tcp_send_empty_ack
                0x0000000010008634       0x54 CMakeFiles/picow_tcpip_server_background.dir/mnt/c/Users/mvppr/Desktop/Design/pico/pico-sdk/lib/lwip/src/core/tcp_out.c.obj
                0x0000000010008634                tcp_send_empty_ack
 .text.tcp_output
                0x0000000010008688      0x46c CMakeFiles/picow_tcpip_server_background.dir/mnt/c/Users/mvppr/Desktop/Design/pico/pico-sdk/lib/lwip/src/core/tcp_out.c.obj
                0x0000000010008688                tcp_output
 .text.tcp_rexmit_rto_commit
                0x0000000010008af4       0x24 CMakeFiles/picow_tcpip_server_background.dir/mnt/c/Users/mvppr/Desktop/Design/pico/pico-sdk/lib/lwip/src/core/tcp_out.c.obj
                0x0000000010008af4                tcp_rexmit_rto_commit
 .text.tcp_rexmit_rto
                0x0000000010008b18       0xa4 CMakeFiles/picow_tcpip_server_background.dir/mnt/c/Users/mvppr/Desktop/Design/pico/pico-sdk/lib/lwip/src/core/tcp_out.c.obj
                0x0000000010008b18                tcp_rexmit_rto
 .text.tcp_keepalive
                0x0000000010008bbc       0xe0 CMakeFiles/picow_tcpip_server_background.dir/mnt/c/Users/mvppr/Desktop/Design/pico/pico-sdk/lib/lwip/src/core/tcp_out.c.obj
                0x0000000010008bbc                tcp_keepalive
 .text.tcp_zero_window_probe
                0x0000000010008c9c      0x108 CMakeFiles/picow_tcpip_server_background.dir/mnt/c/Users/mvppr/Desktop/Design/pico/pico-sdk/lib/lwip/src/core/tcp_out.c.obj
                0x0000000010008c9c                tcp_zero_window_probe
 .text.sys_timeout_abs
                0x0000000010008da4       0x48 CMakeFiles/picow_tcpip_server_background.dir/mnt/c/Users/mvppr/Desktop/Design/pico/pico-sdk/lib/lwip/src/core/timeouts.c.obj
 .text.lwip_cyclic_timer
                0x0000000010008dec       0x38 CMakeFiles/picow_tcpip_server_background.dir/mnt/c/Users/mvppr/Desktop/Design/pico/pico-sdk/lib/lwip/src/core/timeouts.c.obj
 .text.tcpip_tcp_timer
                0x0000000010008e24       0x3c CMakeFiles/picow_tcpip_server_background.dir/mnt/c/Users/mvppr/Desktop/Design/pico/pico-sdk/lib/lwip/src/core/timeouts.c.obj
 .text.tcp_timer_needed
                0x0000000010008e60       0x40 CMakeFiles/picow_tcpip_server_background.dir/mnt/c/Users/mvppr/Desktop/Design/pico/pico-sdk/lib/lwip/src/core/timeouts.c.obj
                0x0000000010008e60                tcp_timer_needed
 .text.sys_timeouts_init
                0x0000000010008ea0       0x90 CMakeFiles/picow_tcpip_server_background.dir/mnt/c/Users/mvppr/Desktop/Design/pico/pico-sdk/lib/lwip/src/core/timeouts.c.obj
                0x0000000010008ea0                sys_timeouts_init
 .text.sys_check_timeouts
                0x0000000010008f30       0x68 CMakeFiles/picow_tcpip_server_background.dir/mnt/c/Users/mvppr/Desktop/Design/pico/pico-sdk/lib/lwip/src/core/timeouts.c.obj
                0x0000000010008f30                sys_check_timeouts
 .text.sys_timeouts_sleeptime
                0x0000000010008f98       0x28 CMakeFiles/picow_tcpip_server_background.dir/mnt/c/Users/mvppr/Desktop/Design/pico/pico-sdk/lib/lwip/src/core/timeouts.c.obj
                0x0000000010008f98                sys_timeouts_sleeptime
 .text.udp_init
                0x0000000010008fc0       0x20 CMakeFiles/picow_tcpip_server_background.dir/mnt/c/Users/mvppr/Desktop/Design/pico/pico-sdk/lib/lwip/src/core/udp.c.obj
                0x0000000010008fc0                udp_init
 .text.udp_input
                0x0000000010008fe0      0x24c CMakeFiles/picow_tcpip_server_background.dir/mnt/c/Users/mvppr/Desktop/Design/pico/pico-sdk/lib/lwip/src/core/udp.c.obj
                0x0000000010008fe0                udp_input
 .text.udp_bind
                0x000000001000922c      0x10c CMakeFiles/picow_tcpip_server_background.dir/mnt/c/Users/mvppr/Desktop/Design/pico/pico-sdk/lib/lwip/src/core/udp.c.obj
                0x000000001000922c                udp_bind
 .text.udp_sendto_if_src
                0x0000000010009338      0x130 CMakeFiles/picow_tcpip_server_background.dir/mnt/c/Users/mvppr/Desktop/Design/pico/pico-sdk/lib/lwip/src/core/udp.c.obj
                0x0000000010009338                udp_sendto_if_src
 .text.udp_sendto_if
                0x0000000010009468       0x48 CMakeFiles/picow_tcpip_server_background.dir/mnt/c/Users/mvppr/Desktop/Design/pico/pico-sdk/lib/lwip/src/core/udp.c.obj
                0x0000000010009468                udp_sendto_if
 .text.udp_sendto
                0x00000000100094b0       0x7c CMakeFiles/picow_tcpip_server_background.dir/mnt/c/Users/mvppr/Desktop/Design/pico/pico-sdk/lib/lwip/src/core/udp.c.obj
                0x00000000100094b0                udp_sendto
 .text.udp_connect
                0x000000001000952c       0x64 CMakeFiles/picow_tcpip_server_background.dir/mnt/c/Users/mvppr/Desktop/Design/pico/pico-sdk/lib/lwip/src/core/udp.c.obj
                0x000000001000952c                udp_connect
 .text.udp_recv
                0x0000000010009590        0xc CMakeFiles/picow_tcpip_server_background.dir/mnt/c/Users/mvppr/Desktop/Design/pico/pico-sdk/lib/lwip/src/core/udp.c.obj
                0x0000000010009590                udp_recv
 .text.udp_remove
                0x000000001000959c       0x3c CMakeFiles/picow_tcpip_server_background.dir/mnt/c/Users/mvppr/Desktop/Design/pico/pico-sdk/lib/lwip/src/core/udp.c.obj
                0x000000001000959c                udp_remove
 .text.udp_new  0x00000000100095d8       0x1c CMakeFiles/picow_tcpip_server_background.dir/mnt/c/Users/mvppr/Desktop/Design/pico/pico-sdk/lib/lwip/src/core/udp.c.obj
                0x00000000100095d8                udp_new
 .text.udp_netif_ip_addr_changed
                0x00000000100095f4       0x40 CMakeFiles/picow_tcpip_server_background.dir/mnt/c/Users/mvppr/Desktop/Design/pico/pico-sdk/lib/lwip/src/core/udp.c.obj
                0x00000000100095f4                udp_netif_ip_addr_changed
 .text.dhcp_create_msg
                0x0000000010009634      0x16c CMakeFiles/picow_tcpip_server_background.dir/mnt/c/Users/mvppr/Desktop/Design/pico/pico-sdk/lib/lwip/src/core/ipv4/dhcp.c.obj
 .text.dhcp_inc_pcb_refcount
                0x00000000100097a0       0x6c CMakeFiles/picow_tcpip_server_background.dir/mnt/c/Users/mvppr/Desktop/Design/pico/pico-sdk/lib/lwip/src/core/ipv4/dhcp.c.obj
 .text.dhcp_bind
                0x000000001000980c      0x140 CMakeFiles/picow_tcpip_server_background.dir/mnt/c/Users/mvppr/Desktop/Design/pico/pico-sdk/lib/lwip/src/core/ipv4/dhcp.c.obj
 .text.dhcp_option_hostname.isra.0
                0x000000001000994c       0x8c CMakeFiles/picow_tcpip_server_background.dir/mnt/c/Users/mvppr/Desktop/Design/pico/pico-sdk/lib/lwip/src/core/ipv4/dhcp.c.obj
 .text.dhcp_handle_ack.isra.0
                0x00000000100099d8       0xcc CMakeFiles/picow_tcpip_server_background.dir/mnt/c/Users/mvppr/Desktop/Design/pico/pico-sdk/lib/lwip/src/core/ipv4/dhcp.c.obj
 .text.dhcp_reboot.isra.0
                0x0000000010009aa4      0x1e4 CMakeFiles/picow_tcpip_server_background.dir/mnt/c/Users/mvppr/Desktop/Design/pico/pico-sdk/lib/lwip/src/core/ipv4/dhcp.c.obj
 .text.dhcp_discover
                0x0000000010009c88      0x198 CMakeFiles/picow_tcpip_server_background.dir/mnt/c/Users/mvppr/Desktop/Design/pico/pico-sdk/lib/lwip/src/core/ipv4/dhcp.c.obj
 .text.dhcp_select.isra.0
                0x0000000010009e20      0x268 CMakeFiles/picow_tcpip_server_background.dir/mnt/c/Users/mvppr/Desktop/Design/pico/pico-sdk/lib/lwip/src/core/ipv4/dhcp.c.obj
 .text.dhcp_recv
                0x000000001000a088      0x494 CMakeFiles/picow_tcpip_server_background.dir/mnt/c/Users/mvppr/Desktop/Design/pico/pico-sdk/lib/lwip/src/core/ipv4/dhcp.c.obj
 .text.dhcp_set_struct
                0x000000001000a51c       0x44 CMakeFiles/picow_tcpip_server_background.dir/mnt/c/Users/mvppr/Desktop/Design/pico/pico-sdk/lib/lwip/src/core/ipv4/dhcp.c.obj
                0x000000001000a51c                dhcp_set_struct
 .text.dhcp_network_changed_link_up
                0x000000001000a560       0x40 CMakeFiles/picow_tcpip_server_background.dir/mnt/c/Users/mvppr/Desktop/Design/pico/pico-sdk/lib/lwip/src/core/ipv4/dhcp.c.obj
                0x000000001000a560                dhcp_network_changed_link_up
 .text.dhcp_renew
                0x000000001000a5a0      0x1b8 CMakeFiles/picow_tcpip_server_background.dir/mnt/c/Users/mvppr/Desktop/Design/pico/pico-sdk/lib/lwip/src/core/ipv4/dhcp.c.obj
                0x000000001000a5a0                dhcp_renew
 .text.dhcp_release_and_stop
                0x000000001000a758      0x180 CMakeFiles/picow_tcpip_server_background.dir/mnt/c/Users/mvppr/Desktop/Design/pico/pico-sdk/lib/lwip/src/core/ipv4/dhcp.c.obj
                0x000000001000a758                dhcp_release_and_stop
 .text.dhcp_start
                0x000000001000a8d8       0xb0 CMakeFiles/picow_tcpip_server_background.dir/mnt/c/Users/mvppr/Desktop/Design/pico/pico-sdk/lib/lwip/src/core/ipv4/dhcp.c.obj
                0x000000001000a8d8                dhcp_start
 .text.dhcp_coarse_tmr
                0x000000001000a988      0x238 CMakeFiles/picow_tcpip_server_background.dir/mnt/c/Users/mvppr/Desktop/Design/pico/pico-sdk/lib/lwip/src/core/ipv4/dhcp.c.obj
                0x000000001000a988                dhcp_coarse_tmr
 .text.dhcp_fine_tmr
                0x000000001000abc0       0x78 CMakeFiles/picow_tcpip_server_background.dir/mnt/c/Users/mvppr/Desktop/Design/pico/pico-sdk/lib/lwip/src/core/ipv4/dhcp.c.obj
                0x000000001000abc0                dhcp_fine_tmr
 .text.dhcp_stop
                0x000000001000ac38      0x180 CMakeFiles/picow_tcpip_server_background.dir/mnt/c/Users/mvppr/Desktop/Design/pico/pico-sdk/lib/lwip/src/core/ipv4/dhcp.c.obj
                0x000000001000ac38                dhcp_stop
 .text.etharp_find_entry
                0x000000001000adb8     0x1fbc CMakeFiles/picow_tcpip_server_background.dir/mnt/c/Users/mvppr/Desktop/Design/pico/pico-sdk/lib/lwip/src/core/ipv4/etharp.c.obj
 .text.etharp_raw
                0x000000001000cd74       0xec CMakeFiles/picow_tcpip_server_background.dir/mnt/c/Users/mvppr/Desktop/Design/pico/pico-sdk/lib/lwip/src/core/ipv4/etharp.c.obj
 .text.etharp_output_to_arp_index
                0x000000001000ce60       0xe4 CMakeFiles/picow_tcpip_server_background.dir/mnt/c/Users/mvppr/Desktop/Design/pico/pico-sdk/lib/lwip/src/core/ipv4/etharp.c.obj
 .text.etharp_tmr
                0x000000001000cf44       0x94 CMakeFiles/picow_tcpip_server_background.dir/mnt/c/Users/mvppr/Desktop/Design/pico/pico-sdk/lib/lwip/src/core/ipv4/etharp.c.obj
                0x000000001000cf44                etharp_tmr
 .text.etharp_cleanup_netif
                0x000000001000cfd8      0x188 CMakeFiles/picow_tcpip_server_background.dir/mnt/c/Users/mvppr/Desktop/Design/pico/pico-sdk/lib/lwip/src/core/ipv4/etharp.c.obj
                0x000000001000cfd8                etharp_cleanup_netif
 .text.etharp_input
                0x000000001000d160      0x1b0 CMakeFiles/picow_tcpip_server_background.dir/mnt/c/Users/mvppr/Desktop/Design/pico/pico-sdk/lib/lwip/src/core/ipv4/etharp.c.obj
                0x000000001000d160                etharp_input
 .text.etharp_query
                0x000000001000d310      0x1c0 CMakeFiles/picow_tcpip_server_background.dir/mnt/c/Users/mvppr/Desktop/Design/pico/pico-sdk/lib/lwip/src/core/ipv4/etharp.c.obj
                0x000000001000d310                etharp_query
 .text.etharp_output
                0x000000001000d4d0      0x24c CMakeFiles/picow_tcpip_server_background.dir/mnt/c/Users/mvppr/Desktop/Design/pico/pico-sdk/lib/lwip/src/core/ipv4/etharp.c.obj
                0x000000001000d4d0                etharp_output
 .text.etharp_request
                0x000000001000d71c       0x2c CMakeFiles/picow_tcpip_server_background.dir/mnt/c/Users/mvppr/Desktop/Design/pico/pico-sdk/lib/lwip/src/core/ipv4/etharp.c.obj
                0x000000001000d71c                etharp_request
 .text.icmp_input
                0x000000001000d748      0x1e8 CMakeFiles/picow_tcpip_server_background.dir/mnt/c/Users/mvppr/Desktop/Design/pico/pico-sdk/lib/lwip/src/core/ipv4/icmp.c.obj
                0x000000001000d748                icmp_input
 .text.icmp_dest_unreach
                0x000000001000d930       0xd0 CMakeFiles/picow_tcpip_server_background.dir/mnt/c/Users/mvppr/Desktop/Design/pico/pico-sdk/lib/lwip/src/core/ipv4/icmp.c.obj
                0x000000001000d930                icmp_dest_unreach
 .text.icmp_time_exceeded
                0x000000001000da00       0xd0 CMakeFiles/picow_tcpip_server_background.dir/mnt/c/Users/mvppr/Desktop/Design/pico/pico-sdk/lib/lwip/src/core/ipv4/icmp.c.obj
                0x000000001000da00                icmp_time_exceeded
 .text.ip_reass_free_complete_datagram
                0x000000001000dad0      0x114 CMakeFiles/picow_tcpip_server_background.dir/mnt/c/Users/mvppr/Desktop/Design/pico/pico-sdk/lib/lwip/src/core/ipv4/ip4_frag.c.obj
 .text.ip_reass_remove_oldest_datagram
                0x000000001000dbe4       0xd8 CMakeFiles/picow_tcpip_server_background.dir/mnt/c/Users/mvppr/Desktop/Design/pico/pico-sdk/lib/lwip/src/core/ipv4/ip4_frag.c.obj
 .text.ip_reass_tmr
                0x000000001000dcbc       0x38 CMakeFiles/picow_tcpip_server_background.dir/mnt/c/Users/mvppr/Desktop/Design/pico/pico-sdk/lib/lwip/src/core/ipv4/ip4_frag.c.obj
                0x000000001000dcbc                ip_reass_tmr
 .text.ip4_reass
                0x000000001000dcf4      0x534 CMakeFiles/picow_tcpip_server_background.dir/mnt/c/Users/mvppr/Desktop/Design/pico/pico-sdk/lib/lwip/src/core/ipv4/ip4_frag.c.obj
                0x000000001000dcf4                ip4_reass
 .text.ip4_frag
                0x000000001000e228      0x17c CMakeFiles/picow_tcpip_server_background.dir/mnt/c/Users/mvppr/Desktop/Design/pico/pico-sdk/lib/lwip/src/core/ipv4/ip4_frag.c.obj
                0x000000001000e228                ip4_frag
 .text.ip4_route
                0x000000001000e3a4       0x7c CMakeFiles/picow_tcpip_server_background.dir/mnt/c/Users/mvppr/Desktop/Design/pico/pico-sdk/lib/lwip/src/core/ipv4/ip4.c.obj
                0x000000001000e3a4                ip4_route
 .text.ip4_input
                0x000000001000e420      0x2cc CMakeFiles/picow_tcpip_server_background.dir/mnt/c/Users/mvppr/Desktop/Design/pico/pico-sdk/lib/lwip/src/core/ipv4/ip4.c.obj
                0x000000001000e420                ip4_input
 .text.ip4_output_if
                0x000000001000e6ec      0x190 CMakeFiles/picow_tcpip_server_background.dir/mnt/c/Users/mvppr/Desktop/Design/pico/pico-sdk/lib/lwip/src/core/ipv4/ip4.c.obj
                0x000000001000e6ec                ip4_output_if
 .text.ip4_output_if_src
                0x000000001000e87c      0x17c CMakeFiles/picow_tcpip_server_background.dir/mnt/c/Users/mvppr/Desktop/Design/pico/pico-sdk/lib/lwip/src/core/ipv4/ip4.c.obj
                0x000000001000e87c                ip4_output_if_src
 .text.ip4_addr_isbroadcast_u32
                0x000000001000e9f8       0x3c CMakeFiles/picow_tcpip_server_background.dir/mnt/c/Users/mvppr/Desktop/Design/pico/pico-sdk/lib/lwip/src/core/ipv4/ip4_addr.c.obj
                0x000000001000e9f8                ip4_addr_isbroadcast_u32
 .text.ip4addr_ntoa
                0x000000001000ea34       0xdc CMakeFiles/picow_tcpip_server_background.dir/mnt/c/Users/mvppr/Desktop/Design/pico/pico-sdk/lib/lwip/src/core/ipv4/ip4_addr.c.obj
                0x000000001000ea34                ip4addr_ntoa
 .text.ethernet_input
                0x000000001000eb10       0xd0 CMakeFiles/picow_tcpip_server_background.dir/mnt/c/Users/mvppr/Desktop/Design/pico/pico-sdk/lib/lwip/src/netif/ethernet.c.obj
                0x000000001000eb10                ethernet_input
 .text.ethernet_output
                0x000000001000ebe0       0x6c CMakeFiles/picow_tcpip_server_background.dir/mnt/c/Users/mvppr/Desktop/Design/pico/pico-sdk/lib/lwip/src/netif/ethernet.c.obj
                0x000000001000ebe0                ethernet_output
 .text.cyw43_arch_wifi_connect_bssid_until.part.0
                0x000000001000ec4c       0xd8 CMakeFiles/picow_tcpip_server_background.dir/mnt/c/Users/mvppr/Desktop/Design/pico/pico-sdk/src/rp2_common/pico_cyw43_arch/cyw43_arch.c.obj
 .text.cyw43_arch_set_async_context
                0x000000001000ed24        0xc CMakeFiles/picow_tcpip_server_background.dir/mnt/c/Users/mvppr/Desktop/Design/pico/pico-sdk/src/rp2_common/pico_cyw43_arch/cyw43_arch.c.obj
                0x000000001000ed24                cyw43_arch_set_async_context
 .text.cyw43_arch_enable_sta_mode
                0x000000001000ed30       0x1c CMakeFiles/picow_tcpip_server_background.dir/mnt/c/Users/mvppr/Desktop/Design/pico/pico-sdk/src/rp2_common/pico_cyw43_arch/cyw43_arch.c.obj
                0x000000001000ed30                cyw43_arch_enable_sta_mode
 .text.cyw43_arch_wifi_connect_timeout_ms
                0x000000001000ed4c       0x9c CMakeFiles/picow_tcpip_server_background.dir/mnt/c/Users/mvppr/Desktop/Design/pico/pico-sdk/src/rp2_common/pico_cyw43_arch/cyw43_arch.c.obj
                0x000000001000ed4c                cyw43_arch_wifi_connect_timeout_ms
 .text.cyw43_arch_async_context
                0x000000001000ede8        0xc CMakeFiles/picow_tcpip_server_background.dir/mnt/c/Users/mvppr/Desktop/Design/pico/pico-sdk/src/rp2_common/pico_cyw43_arch/cyw43_arch.c.obj
                0x000000001000ede8                cyw43_arch_async_context
 .text.cyw43_arch_init
                0x000000001000edf4       0x80 CMakeFiles/picow_tcpip_server_background.dir/mnt/c/Users/mvppr/Desktop/Design/pico/pico-sdk/src/rp2_common/pico_cyw43_arch/cyw43_arch_threadsafe_background.c.obj
                0x000000001000edf4                cyw43_arch_init
 .text.cyw43_arch_deinit
                0x000000001000ee74       0x30 CMakeFiles/picow_tcpip_server_background.dir/mnt/c/Users/mvppr/Desktop/Design/pico/pico-sdk/src/rp2_common/pico_cyw43_arch/cyw43_arch_threadsafe_background.c.obj
                0x000000001000ee74                cyw43_arch_deinit
 .text.ns_delay.constprop.0
                0x000000001000eea4       0x20 CMakeFiles/picow_tcpip_server_background.dir/mnt/c/Users/mvppr/Desktop/Design/pico/pico-sdk/src/rp2_common/pico_cyw43_driver/cyw43_bus_pio_spi.c.obj
 .text.cyw43_spi_deinit
                0x000000001000eec4       0x7c CMakeFiles/picow_tcpip_server_background.dir/mnt/c/Users/mvppr/Desktop/Design/pico/pico-sdk/src/rp2_common/pico_cyw43_driver/cyw43_bus_pio_spi.c.obj
                0x000000001000eec4                cyw43_spi_deinit
 .text.cyw43_spi_init
                0x000000001000ef40      0x154 CMakeFiles/picow_tcpip_server_background.dir/mnt/c/Users/mvppr/Desktop/Design/pico/pico-sdk/src/rp2_common/pico_cyw43_driver/cyw43_bus_pio_spi.c.obj
                0x000000001000ef40                cyw43_spi_init
 .text.cyw43_spi_transfer
                0x000000001000f094      0x430 CMakeFiles/picow_tcpip_server_background.dir/mnt/c/Users/mvppr/Desktop/Design/pico/pico-sdk/src/rp2_common/pico_cyw43_driver/cyw43_bus_pio_spi.c.obj
                0x000000001000f094                cyw43_spi_transfer
 .text.cyw43_spi_gpio_setup
                0x000000001000f4c4       0x3c CMakeFiles/picow_tcpip_server_background.dir/mnt/c/Users/mvppr/Desktop/Design/pico/pico-sdk/src/rp2_common/pico_cyw43_driver/cyw43_bus_pio_spi.c.obj
                0x000000001000f4c4                cyw43_spi_gpio_setup
 .text.cyw43_spi_reset
                0x000000001000f500       0x28 CMakeFiles/picow_tcpip_server_background.dir/mnt/c/Users/mvppr/Desktop/Design/pico/pico-sdk/src/rp2_common/pico_cyw43_driver/cyw43_bus_pio_spi.c.obj
                0x000000001000f500                cyw43_spi_reset
 .text.read_reg_u32_swap
                0x000000001000f528       0x3c CMakeFiles/picow_tcpip_server_background.dir/mnt/c/Users/mvppr/Desktop/Design/pico/pico-sdk/src/rp2_common/pico_cyw43_driver/cyw43_bus_pio_spi.c.obj
                0x000000001000f528                read_reg_u32_swap
 .text.cyw43_read_reg_u32
                0x000000001000f564       0x6c CMakeFiles/picow_tcpip_server_background.dir/mnt/c/Users/mvppr/Desktop/Design/pico/pico-sdk/src/rp2_common/pico_cyw43_driver/cyw43_bus_pio_spi.c.obj
                0x000000001000f564                cyw43_read_reg_u32
 .text.cyw43_read_reg_u16
                0x000000001000f5d0       0x6c CMakeFiles/picow_tcpip_server_background.dir/mnt/c/Users/mvppr/Desktop/Design/pico/pico-sdk/src/rp2_common/pico_cyw43_driver/cyw43_bus_pio_spi.c.obj
                0x000000001000f5d0                cyw43_read_reg_u16
 .text.cyw43_read_reg_u8
                0x000000001000f63c       0x6c CMakeFiles/picow_tcpip_server_background.dir/mnt/c/Users/mvppr/Desktop/Design/pico/pico-sdk/src/rp2_common/pico_cyw43_driver/cyw43_bus_pio_spi.c.obj
                0x000000001000f63c                cyw43_read_reg_u8
 .text.write_reg_u32_swap
                0x000000001000f6a8      0x1e0 CMakeFiles/picow_tcpip_server_background.dir/mnt/c/Users/mvppr/Desktop/Design/pico/pico-sdk/src/rp2_common/pico_cyw43_driver/cyw43_bus_pio_spi.c.obj
                0x000000001000f6a8                write_reg_u32_swap
 .text.cyw43_write_reg_u32
                0x000000001000f888      0x200 CMakeFiles/picow_tcpip_server_background.dir/mnt/c/Users/mvppr/Desktop/Design/pico/pico-sdk/src/rp2_common/pico_cyw43_driver/cyw43_bus_pio_spi.c.obj
                0x000000001000f888                cyw43_write_reg_u32
 .text.cyw43_write_reg_u16
                0x000000001000fa88      0x200 CMakeFiles/picow_tcpip_server_background.dir/mnt/c/Users/mvppr/Desktop/Design/pico/pico-sdk/src/rp2_common/pico_cyw43_driver/cyw43_bus_pio_spi.c.obj
                0x000000001000fa88                cyw43_write_reg_u16
 .text.cyw43_write_reg_u8
                0x000000001000fc88      0x200 CMakeFiles/picow_tcpip_server_background.dir/mnt/c/Users/mvppr/Desktop/Design/pico/pico-sdk/src/rp2_common/pico_cyw43_driver/cyw43_bus_pio_spi.c.obj
                0x000000001000fc88                cyw43_write_reg_u8
 .text.cyw43_read_bytes
                0x000000001000fe88       0x78 CMakeFiles/picow_tcpip_server_background.dir/mnt/c/Users/mvppr/Desktop/Design/pico/pico-sdk/src/rp2_common/pico_cyw43_driver/cyw43_bus_pio_spi.c.obj
                0x000000001000fe88                cyw43_read_bytes
 .text.cyw43_write_bytes
                0x000000001000ff00       0xec CMakeFiles/picow_tcpip_server_background.dir/mnt/c/Users/mvppr/Desktop/Design/pico/pico-sdk/src/rp2_common/pico_cyw43_driver/cyw43_bus_pio_spi.c.obj
                0x000000001000ff00                cyw43_write_bytes
 .text.cyw43_set_backplane_window
                0x000000001000ffec       0x64 CMakeFiles/picow_tcpip_server_background.dir/mnt/c/Users/mvppr/Desktop/Design/pico/pico-sdk/lib/cyw43-driver/src/cyw43_ll.c.obj
 .text.cyw43_ll_parse_async_event
                0x0000000010010050      0x13c CMakeFiles/picow_tcpip_server_background.dir/mnt/c/Users/mvppr/Desktop/Design/pico/pico-sdk/lib/cyw43-driver/src/cyw43_ll.c.obj
 .text.cyw43_kso_set
                0x000000001001018c       0xa0 CMakeFiles/picow_tcpip_server_background.dir/mnt/c/Users/mvppr/Desktop/Design/pico/pico-sdk/lib/cyw43-driver/src/cyw43_ll.c.obj
 .text.cyw43_ll_sdpcm_poll_device
                0x000000001001022c      0x238 CMakeFiles/picow_tcpip_server_background.dir/mnt/c/Users/mvppr/Desktop/Design/pico/pico-sdk/lib/cyw43-driver/src/cyw43_ll.c.obj
 .text.cyw43_sdpcm_send_common
                0x0000000010010464       0xf0 CMakeFiles/picow_tcpip_server_background.dir/mnt/c/Users/mvppr/Desktop/Design/pico/pico-sdk/lib/cyw43-driver/src/cyw43_ll.c.obj
 .text.cyw43_do_ioctl
                0x0000000010010554      0x110 CMakeFiles/picow_tcpip_server_background.dir/mnt/c/Users/mvppr/Desktop/Design/pico/pico-sdk/lib/cyw43-driver/src/cyw43_ll.c.obj
 .text.cyw43_do_ioctl.constprop.0
                0x0000000010010664      0x108 CMakeFiles/picow_tcpip_server_background.dir/mnt/c/Users/mvppr/Desktop/Design/pico/pico-sdk/lib/cyw43-driver/src/cyw43_ll.c.obj
 .text.cyw43_read_backplane.constprop.0
                0x000000001001076c       0xdc CMakeFiles/picow_tcpip_server_background.dir/mnt/c/Users/mvppr/Desktop/Design/pico/pico-sdk/lib/cyw43-driver/src/cyw43_ll.c.obj
 .text.reset_device_core.constprop.0
                0x0000000010010848      0x3f0 CMakeFiles/picow_tcpip_server_background.dir/mnt/c/Users/mvppr/Desktop/Design/pico/pico-sdk/lib/cyw43-driver/src/cyw43_ll.c.obj
 .text.cyw43_ll_init
                0x0000000010010c38       0x1c CMakeFiles/picow_tcpip_server_background.dir/mnt/c/Users/mvppr/Desktop/Design/pico/pico-sdk/lib/cyw43-driver/src/cyw43_ll.c.obj
                0x0000000010010c38                cyw43_ll_init
 .text.cyw43_ll_deinit
                0x0000000010010c54        0x8 CMakeFiles/picow_tcpip_server_background.dir/mnt/c/Users/mvppr/Desktop/Design/pico/pico-sdk/lib/cyw43-driver/src/cyw43_ll.c.obj
                0x0000000010010c54                cyw43_ll_deinit
 .text.cyw43_ll_send_ethernet
                0x0000000010010c5c       0x60 CMakeFiles/picow_tcpip_server_background.dir/mnt/c/Users/mvppr/Desktop/Design/pico/pico-sdk/lib/cyw43-driver/src/cyw43_ll.c.obj
                0x0000000010010c5c                cyw43_ll_send_ethernet
 .text.cyw43_ll_process_packets
                0x0000000010010cbc       0x54 CMakeFiles/picow_tcpip_server_background.dir/mnt/c/Users/mvppr/Desktop/Design/pico/pico-sdk/lib/cyw43-driver/src/cyw43_ll.c.obj
                0x0000000010010cbc                cyw43_ll_process_packets
 .text.cyw43_ll_ioctl
                0x0000000010010d10       0x20 CMakeFiles/picow_tcpip_server_background.dir/mnt/c/Users/mvppr/Desktop/Design/pico/pico-sdk/lib/cyw43-driver/src/cyw43_ll.c.obj
                0x0000000010010d10                cyw43_ll_ioctl
 .text.cyw43_ll_bus_sleep
                0x0000000010010d30       0x34 CMakeFiles/picow_tcpip_server_background.dir/mnt/c/Users/mvppr/Desktop/Design/pico/pico-sdk/lib/cyw43-driver/src/cyw43_ll.c.obj
                0x0000000010010d30                cyw43_ll_bus_sleep
 .text.cyw43_ll_bus_init
                0x0000000010010d64      0xbf0 CMakeFiles/picow_tcpip_server_background.dir/mnt/c/Users/mvppr/Desktop/Design/pico/pico-sdk/lib/cyw43-driver/src/cyw43_ll.c.obj
                0x0000000010010d64                cyw43_ll_bus_init
 .text.cyw43_ll_wifi_on
                0x0000000010011954      0x240 CMakeFiles/picow_tcpip_server_background.dir/mnt/c/Users/mvppr/Desktop/Design/pico/pico-sdk/lib/cyw43-driver/src/cyw43_ll.c.obj
                0x0000000010011954                cyw43_ll_wifi_on
 .text.cyw43_ll_wifi_get_mac
                0x0000000010011b94       0x44 CMakeFiles/picow_tcpip_server_background.dir/mnt/c/Users/mvppr/Desktop/Design/pico/pico-sdk/lib/cyw43-driver/src/cyw43_ll.c.obj
                0x0000000010011b94                cyw43_ll_wifi_get_mac
 .text.cyw43_ll_wifi_pm
                0x0000000010011bd8      0x194 CMakeFiles/picow_tcpip_server_background.dir/mnt/c/Users/mvppr/Desktop/Design/pico/pico-sdk/lib/cyw43-driver/src/cyw43_ll.c.obj
                0x0000000010011bd8                cyw43_ll_wifi_pm
 .text.cyw43_ll_wifi_join
                0x0000000010011d6c      0x310 CMakeFiles/picow_tcpip_server_background.dir/mnt/c/Users/mvppr/Desktop/Design/pico/pico-sdk/lib/cyw43-driver/src/cyw43_ll.c.obj
                0x0000000010011d6c                cyw43_ll_wifi_join
 .text.cyw43_ll_wifi_set_wpa_auth
                0x000000001001207c       0x2c CMakeFiles/picow_tcpip_server_background.dir/mnt/c/Users/mvppr/Desktop/Design/pico/pico-sdk/lib/cyw43-driver/src/cyw43_ll.c.obj
                0x000000001001207c                cyw43_ll_wifi_set_wpa_auth
 .text.cyw43_ll_wifi_rejoin
                0x00000000100120a8       0x1c CMakeFiles/picow_tcpip_server_background.dir/mnt/c/Users/mvppr/Desktop/Design/pico/pico-sdk/lib/cyw43-driver/src/cyw43_ll.c.obj
                0x00000000100120a8                cyw43_ll_wifi_rejoin
 .text.cyw43_ll_wifi_ap_init
                0x00000000100120c4      0x2c4 CMakeFiles/picow_tcpip_server_background.dir/mnt/c/Users/mvppr/Desktop/Design/pico/pico-sdk/lib/cyw43-driver/src/cyw43_ll.c.obj
                0x00000000100120c4                cyw43_ll_wifi_ap_init
 .text.cyw43_ll_wifi_ap_set_up
                0x0000000010012388       0x54 CMakeFiles/picow_tcpip_server_background.dir/mnt/c/Users/mvppr/Desktop/Design/pico/pico-sdk/lib/cyw43-driver/src/cyw43_ll.c.obj
                0x0000000010012388                cyw43_ll_wifi_ap_set_up
 .text.cyw43_ll_has_work
                0x00000000100123dc       0x14 CMakeFiles/picow_tcpip_server_background.dir/mnt/c/Users/mvppr/Desktop/Design/pico/pico-sdk/lib/cyw43-driver/src/cyw43_ll.c.obj
                0x00000000100123dc                cyw43_ll_has_work
 .text.cyw43_netif_init
                0x00000000100123f0       0x3c CMakeFiles/picow_tcpip_server_background.dir/mnt/c/Users/mvppr/Desktop/Design/pico/pico-sdk/lib/cyw43-driver/src/cyw43_lwip.c.obj
 .text.cyw43_netif_output
                0x000000001001242c       0x34 CMakeFiles/picow_tcpip_server_background.dir/mnt/c/Users/mvppr/Desktop/Design/pico/pico-sdk/lib/cyw43-driver/src/cyw43_lwip.c.obj
 .text.cyw43_cb_tcpip_init
                0x0000000010012460       0xfc CMakeFiles/picow_tcpip_server_background.dir/mnt/c/Users/mvppr/Desktop/Design/pico/pico-sdk/lib/cyw43-driver/src/cyw43_lwip.c.obj
                0x0000000010012460                cyw43_cb_tcpip_init
 .text.cyw43_cb_tcpip_deinit
                0x000000001001255c       0x4c CMakeFiles/picow_tcpip_server_background.dir/mnt/c/Users/mvppr/Desktop/Design/pico/pico-sdk/lib/cyw43-driver/src/cyw43_lwip.c.obj
                0x000000001001255c                cyw43_cb_tcpip_deinit
 .text.cyw43_cb_process_ethernet
                0x00000000100125a8       0x68 CMakeFiles/picow_tcpip_server_background.dir/mnt/c/Users/mvppr/Desktop/Design/pico/pico-sdk/lib/cyw43-driver/src/cyw43_lwip.c.obj
                0x00000000100125a8                cyw43_cb_process_ethernet
 .text.cyw43_cb_tcpip_set_link_up
                0x0000000010012610       0x18 CMakeFiles/picow_tcpip_server_background.dir/mnt/c/Users/mvppr/Desktop/Design/pico/pico-sdk/lib/cyw43-driver/src/cyw43_lwip.c.obj
                0x0000000010012610                cyw43_cb_tcpip_set_link_up
 .text.cyw43_cb_tcpip_set_link_down
                0x0000000010012628       0x18 CMakeFiles/picow_tcpip_server_background.dir/mnt/c/Users/mvppr/Desktop/Design/pico/pico-sdk/lib/cyw43-driver/src/cyw43_lwip.c.obj
                0x0000000010012628                cyw43_cb_tcpip_set_link_down
 .text.cyw43_tcpip_link_status
                0x0000000010012640       0x34 CMakeFiles/picow_tcpip_server_background.dir/mnt/c/Users/mvppr/Desktop/Design/pico/pico-sdk/lib/cyw43-driver/src/cyw43_lwip.c.obj
                0x0000000010012640                cyw43_tcpip_link_status
 .text.cyw43_poll_func
                0x0000000010012674       0xc0 CMakeFiles/picow_tcpip_server_background.dir/mnt/c/Users/mvppr/Desktop/Design/pico/pico-sdk/lib/cyw43-driver/src/cyw43_ctrl.c.obj
 .text.cyw43_init
                0x0000000010012734       0x6c CMakeFiles/picow_tcpip_server_background.dir/mnt/c/Users/mvppr/Desktop/Design/pico/pico-sdk/lib/cyw43-driver/src/cyw43_ctrl.c.obj
                0x0000000010012734                cyw43_init
 .text.cyw43_deinit
                0x00000000100127a0       0x90 CMakeFiles/picow_tcpip_server_background.dir/mnt/c/Users/mvppr/Desktop/Design/pico/pico-sdk/lib/cyw43-driver/src/cyw43_ctrl.c.obj
                0x00000000100127a0                cyw43_deinit
 .text.cyw43_cb_read_host_interrupt_pin
                0x0000000010012830        0xc CMakeFiles/picow_tcpip_server_background.dir/mnt/c/Users/mvppr/Desktop/Design/pico/pico-sdk/lib/cyw43-driver/src/cyw43_ctrl.c.obj
                0x0000000010012830                cyw43_cb_read_host_interrupt_pin
 .text.cyw43_cb_ensure_awake
                0x000000001001283c        0xc CMakeFiles/picow_tcpip_server_background.dir/mnt/c/Users/mvppr/Desktop/Design/pico/pico-sdk/lib/cyw43-driver/src/cyw43_ctrl.c.obj
                0x000000001001283c                cyw43_cb_ensure_awake
 .text.cyw43_cb_process_async_event
                0x0000000010012848      0x228 CMakeFiles/picow_tcpip_server_background.dir/mnt/c/Users/mvppr/Desktop/Design/pico/pico-sdk/lib/cyw43-driver/src/cyw43_ctrl.c.obj
                0x0000000010012848                cyw43_cb_process_async_event
 .text.cyw43_send_ethernet
                0x0000000010012a70       0xc0 CMakeFiles/picow_tcpip_server_background.dir/mnt/c/Users/mvppr/Desktop/Design/pico/pico-sdk/lib/cyw43-driver/src/cyw43_ctrl.c.obj
                0x0000000010012a70                cyw43_send_ethernet
 .text.cyw43_wifi_get_mac
                0x0000000010012b30       0x10 CMakeFiles/picow_tcpip_server_background.dir/mnt/c/Users/mvppr/Desktop/Design/pico/pico-sdk/lib/cyw43-driver/src/cyw43_ctrl.c.obj
                0x0000000010012b30                cyw43_wifi_get_mac
 .text.cyw43_wifi_set_up
                0x0000000010012b40      0x308 CMakeFiles/picow_tcpip_server_background.dir/mnt/c/Users/mvppr/Desktop/Design/pico/pico-sdk/lib/cyw43-driver/src/cyw43_ctrl.c.obj
                0x0000000010012b40                cyw43_wifi_set_up
 .text.cyw43_wifi_link_status
                0x0000000010012e48       0x3c CMakeFiles/picow_tcpip_server_background.dir/mnt/c/Users/mvppr/Desktop/Design/pico/pico-sdk/lib/cyw43-driver/src/cyw43_ctrl.c.obj
                0x0000000010012e48                cyw43_wifi_link_status
 .text.cyw43_wifi_join
                0x0000000010012e84       0xf4 CMakeFiles/picow_tcpip_server_background.dir/mnt/c/Users/mvppr/Desktop/Design/pico/pico-sdk/lib/cyw43-driver/src/cyw43_ctrl.c.obj
                0x0000000010012e84                cyw43_wifi_join
 .text.pio_sm_unclaim
                0x0000000010012f78       0x20 CMakeFiles/picow_tcpip_server_background.dir/mnt/c/Users/mvppr/Desktop/Design/pico/pico-sdk/src/rp2_common/hardware_pio/pio.c.obj
                0x0000000010012f78                pio_sm_unclaim
 .text.pio_claim_unused_sm
                0x0000000010012f98       0x3c CMakeFiles/picow_tcpip_server_background.dir/mnt/c/Users/mvppr/Desktop/Design/pico/pico-sdk/src/rp2_common/hardware_pio/pio.c.obj
                0x0000000010012f98                pio_claim_unused_sm
 .text.pio_can_add_program
                0x0000000010012fd4       0x68 CMakeFiles/picow_tcpip_server_background.dir/mnt/c/Users/mvppr/Desktop/Design/pico/pico-sdk/src/rp2_common/hardware_pio/pio.c.obj
                0x0000000010012fd4                pio_can_add_program
 .text.pio_add_program
                0x000000001001303c       0xc8 CMakeFiles/picow_tcpip_server_background.dir/mnt/c/Users/mvppr/Desktop/Design/pico/pico-sdk/src/rp2_common/hardware_pio/pio.c.obj
                0x000000001001303c                pio_add_program
 .text.pio_remove_program
                0x0000000010013104       0x34 CMakeFiles/picow_tcpip_server_background.dir/mnt/c/Users/mvppr/Desktop/Design/pico/pico-sdk/src/rp2_common/hardware_pio/pio.c.obj
                0x0000000010013104                pio_remove_program
 .text.pio_sm_set_pindirs_with_mask
                0x0000000010013138       0xa4 CMakeFiles/picow_tcpip_server_background.dir/mnt/c/Users/mvppr/Desktop/Design/pico/pico-sdk/src/rp2_common/hardware_pio/pio.c.obj
                0x0000000010013138                pio_sm_set_pindirs_with_mask
 .text.pio_sm_set_consecutive_pindirs
                0x00000000100131dc       0xb0 CMakeFiles/picow_tcpip_server_background.dir/mnt/c/Users/mvppr/Desktop/Design/pico/pico-sdk/src/rp2_common/hardware_pio/pio.c.obj
                0x00000000100131dc                pio_sm_set_consecutive_pindirs
 .text.dma_channel_unclaim
                0x000000001001328c       0x10 CMakeFiles/picow_tcpip_server_background.dir/mnt/c/Users/mvppr/Desktop/Design/pico/pico-sdk/src/rp2_common/hardware_dma/dma.c.obj
                0x000000001001328c                dma_channel_unclaim
 .text.dma_claim_unused_channel
                0x000000001001329c       0x20 CMakeFiles/picow_tcpip_server_background.dir/mnt/c/Users/mvppr/Desktop/Design/pico/pico-sdk/src/rp2_common/hardware_dma/dma.c.obj
                0x000000001001329c                dma_claim_unused_channel
 .text.dma_channel_cleanup
                0x00000000100132bc       0x60 CMakeFiles/picow_tcpip_server_background.dir/mnt/c/Users/mvppr/Desktop/Design/pico/pico-sdk/src/rp2_common/hardware_dma/dma.c.obj
                0x00000000100132bc                dma_channel_cleanup
 .text.cyw43_sleep_timeout_reached
                0x000000001001331c       0x10 CMakeFiles/picow_tcpip_server_background.dir/mnt/c/Users/mvppr/Desktop/Design/pico/pico-sdk/src/rp2_common/pico_cyw43_driver/cyw43_driver.c.obj
 .text.cyw43_irq_init
                0x000000001001332c       0x28 CMakeFiles/picow_tcpip_server_background.dir/mnt/c/Users/mvppr/Desktop/Design/pico/pico-sdk/src/rp2_common/pico_cyw43_driver/cyw43_driver.c.obj
                0x000000001001332c                cyw43_irq_init
 .text.cyw43_irq_deinit
                0x0000000010013354       0x20 CMakeFiles/picow_tcpip_server_background.dir/mnt/c/Users/mvppr/Desktop/Design/pico/pico-sdk/src/rp2_common/pico_cyw43_driver/cyw43_driver.c.obj
                0x0000000010013354                cyw43_irq_deinit
 .text.cyw43_gpio_irq_handler
                0x0000000010013374       0x44 CMakeFiles/picow_tcpip_server_background.dir/mnt/c/Users/mvppr/Desktop/Design/pico/pico-sdk/src/rp2_common/pico_cyw43_driver/cyw43_driver.c.obj
 .text.cyw43_do_poll
                0x00000000100133b8       0x6c CMakeFiles/picow_tcpip_server_background.dir/mnt/c/Users/mvppr/Desktop/Design/pico/pico-sdk/src/rp2_common/pico_cyw43_driver/cyw43_driver.c.obj
 .text.cyw43_post_poll_hook
                0x0000000010013424       0x10 CMakeFiles/picow_tcpip_server_background.dir/mnt/c/Users/mvppr/Desktop/Design/pico/pico-sdk/src/rp2_common/pico_cyw43_driver/cyw43_driver.c.obj
                0x0000000010013424                cyw43_post_poll_hook
 .text.cyw43_schedule_internal_poll_dispatch
                0x0000000010013434       0x18 CMakeFiles/picow_tcpip_server_background.dir/mnt/c/Users/mvppr/Desktop/Design/pico/pico-sdk/src/rp2_common/pico_cyw43_driver/cyw43_driver.c.obj
                0x0000000010013434                cyw43_schedule_internal_poll_dispatch
 .text.cyw43_driver_init
                0x000000001001344c       0x38 CMakeFiles/picow_tcpip_server_background.dir/mnt/c/Users/mvppr/Desktop/Design/pico/pico-sdk/src/rp2_common/pico_cyw43_driver/cyw43_driver.c.obj
                0x000000001001344c                cyw43_driver_init
 .text.cyw43_driver_deinit