Archive member included to satisfy reference by file (symbol)

/usr/lib/gcc/arm-none-eabi/10.3.1/thumb/v6-m/nofp/libgcc.a(_dvmd_tls.o)
                              CMakeFiles/picow_udp_beacon_poll.dir/mnt/c/Users/mvppr/Desktop/Design/pico/pico-sdk/src/rp2_common/pico_divider/divider.S.obj (__aeabi_idiv0)
/usr/lib/gcc/arm-none-eabi/10.3.1/../../../arm-none-eabi/lib/thumb/v6-m/nofp/libc.a(lib_a-atexit.o)
                              /usr/lib/gcc/arm-none-eabi/10.3.1/../../../arm-none-eabi/lib/thumb/v6-m/nofp/crt0.o (atexit)
/usr/lib/gcc/arm-none-eabi/10.3.1/../../../arm-none-eabi/lib/thumb/v6-m/nofp/libc.a(lib_a-atoi.o)
                              CMakeFiles/picow_udp_beacon_poll.dir/mnt/c/Users/mvppr/Desktop/Design/pico/pico-sdk/lib/lwip/src/core/netif.c.obj (atoi)
/usr/lib/gcc/arm-none-eabi/10.3.1/../../../arm-none-eabi/lib/thumb/v6-m/nofp/libc.a(lib_a-calloc.o)
                              CMakeFiles/picow_udp_beacon_poll.dir/mnt/c/Users/mvppr/Desktop/Design/pico/pico-sdk/src/rp2_common/pico_malloc/pico_malloc.c.obj (calloc)
/usr/lib/gcc/arm-none-eabi/10.3.1/../../../arm-none-eabi/lib/thumb/v6-m/nofp/libc.a(lib_a-callocr.o)
                              /usr/lib/gcc/arm-none-eabi/10.3.1/../../../arm-none-eabi/lib/thumb/v6-m/nofp/libc.a(lib_a-calloc.o) (_calloc_r)
/usr/lib/gcc/arm-none-eabi/10.3.1/../../../arm-none-eabi/lib/thumb/v6-m/nofp/libc.a(lib_a-ctype_.o)
                              CMakeFiles/picow_udp_beacon_poll.dir/mnt/c/Users/mvppr/Desktop/Design/pico/pico-sdk/lib/lwip/src/core/dns.c.obj (_ctype_)
/usr/lib/gcc/arm-none-eabi/10.3.1/../../../arm-none-eabi/lib/thumb/v6-m/nofp/libc.a(lib_a-fini.o)
                              /usr/lib/gcc/arm-none-eabi/10.3.1/../../../arm-none-eabi/lib/thumb/v6-m/nofp/crt0.o (__libc_fini_array)
/usr/lib/gcc/arm-none-eabi/10.3.1/../../../arm-none-eabi/lib/thumb/v6-m/nofp/libc.a(lib_a-impure.o)
                              /usr/lib/gcc/arm-none-eabi/10.3.1/../../../arm-none-eabi/lib/thumb/v6-m/nofp/libc.a(lib_a-calloc.o) (_impure_ptr)
/usr/lib/gcc/arm-none-eabi/10.3.1/../../../arm-none-eabi/lib/thumb/v6-m/nofp/libc.a(lib_a-init.o)
                              /usr/lib/gcc/arm-none-eabi/10.3.1/../../../arm-none-eabi/lib/thumb/v6-m/nofp/crt0.o (__libc_init_array)
/usr/lib/gcc/arm-none-eabi/10.3.1/../../../arm-none-eabi/lib/thumb/v6-m/nofp/libc.a(lib_a-malloc.o)
                              CMakeFiles/picow_udp_beacon_poll.dir/mnt/c/Users/mvppr/Desktop/Design/pico/pico-sdk/src/rp2_common/pico_malloc/pico_malloc.c.obj (malloc)
/usr/lib/gcc/arm-none-eabi/10.3.1/../../../arm-none-eabi/lib/thumb/v6-m/nofp/libc.a(lib_a-mallocr.o)
                              /usr/lib/gcc/arm-none-eabi/10.3.1/../../../arm-none-eabi/lib/thumb/v6-m/nofp/libc.a(lib_a-callocr.o) (_malloc_r)
/usr/lib/gcc/arm-none-eabi/10.3.1/../../../arm-none-eabi/lib/thumb/v6-m/nofp/libc.a(lib_a-memcmp.o)
                              CMakeFiles/picow_udp_beacon_poll.dir/mnt/c/Users/mvppr/Desktop/Design/pico/pico-sdk/lib/lwip/src/netif/ethernet.c.obj (memcmp)
/usr/lib/gcc/arm-none-eabi/10.3.1/../../../arm-none-eabi/lib/thumb/v6-m/nofp/libc.a(lib_a-memmove.o)
                              CMakeFiles/picow_udp_beacon_poll.dir/mnt/c/Users/mvppr/Desktop/Design/pico/pico-sdk/lib/lwip/src/core/def.c.obj (memmove)
/usr/lib/gcc/arm-none-eabi/10.3.1/../../../arm-none-eabi/lib/thumb/v6-m/nofp/libc.a(lib_a-mlock.o)
                              /usr/lib/gcc/arm-none-eabi/10.3.1/../../../arm-none-eabi/lib/thumb/v6-m/nofp/libc.a(lib_a-mallocr.o) (__malloc_lock)
/usr/lib/gcc/arm-none-eabi/10.3.1/../../../arm-none-eabi/lib/thumb/v6-m/nofp/libc.a(lib_a-realloc.o)
                              CMakeFiles/picow_udp_beacon_poll.dir/mnt/c/Users/mvppr/Desktop/Design/pico/pico-sdk/src/rp2_common/pico_malloc/pico_malloc.c.obj (realloc)
/usr/lib/gcc/arm-none-eabi/10.3.1/../../../arm-none-eabi/lib/thumb/v6-m/nofp/libc.a(lib_a-reallocr.o)
                              /usr/lib/gcc/arm-none-eabi/10.3.1/../../../arm-none-eabi/lib/thumb/v6-m/nofp/libc.a(lib_a-realloc.o) (_realloc_r)
/usr/lib/gcc/arm-none-eabi/10.3.1/../../../arm-none-eabi/lib/thumb/v6-m/nofp/libc.a(lib_a-sbrkr.o)
                              /usr/lib/gcc/arm-none-eabi/10.3.1/../../../arm-none-eabi/lib/thumb/v6-m/nofp/libc.a(lib_a-mallocr.o) (_sbrk_r)
/usr/lib/gcc/arm-none-eabi/10.3.1/../../../arm-none-eabi/lib/thumb/v6-m/nofp/libc.a(lib_a-strlen-stub.o)
                              CMakeFiles/picow_udp_beacon_poll.dir/mnt/c/Users/mvppr/Desktop/Design/pico/pico-sdk/lib/lwip/src/core/def.c.obj (strlen)
/usr/lib/gcc/arm-none-eabi/10.3.1/../../../arm-none-eabi/lib/thumb/v6-m/nofp/libc.a(lib_a-strncmp.o)
                              CMakeFiles/picow_udp_beacon_poll.dir/mnt/c/Users/mvppr/Desktop/Design/pico/pico-sdk/lib/lwip/src/core/def.c.obj (strncmp)
/usr/lib/gcc/arm-none-eabi/10.3.1/../../../arm-none-eabi/lib/thumb/v6-m/nofp/libc.a(lib_a-strtol.o)
[...]
Memory Configuration

Name             Origin             Length             Attributes
FLASH            0x0000000010000000 0x0000000000200000 xr
RAM              0x0000000020000000 0x0000000000040000 xrw
SCRATCH_X        0x0000000020040000 0x0000000000001000 xrw
SCRATCH_Y        0x0000000020041000 0x0000000000001000 xrw
*default*        0x0000000000000000 0xffffffffffffffff

Linker script and memory map

LOAD /usr/lib/gcc/arm-none-eabi/10.3.1/thumb/v6-m/nofp/crti.o
LOAD /usr/lib/gcc/arm-none-eabi/10.3.1/thumb/v6-m/nofp/crtbegin.o
LOAD /usr/lib/gcc/arm-none-eabi/10.3.1/../../../arm-none-eabi/lib/thumb/v6-m/nofp/crt0.o

.flash_begin    0x0000000010000000        0x0
                0x0000000010000000                __flash_binary_start = .

.boot2          0x0000000010000000      0x100
                0x0000000010000000                __boot2_start__ = .
 *(.boot2)
 .boot2         0x0000000010000000      0x100 /tmp/ccWd9BOa.o
                0x0000000010000100                __boot2_end__ = .
                0x0000000000000001                ASSERT (((__boot2_end__ - __boot2_start__) == 0x100), ERROR: Pico second stage bootloader must be 256 bytes in size)

.text           0x0000000010000100    0x151d8
                0x0000000010000100                __logical_binary_start = .
 *(.vectors)
 .vectors       0x0000000010000100       0xd4 CMakeFiles/picow_udp_beacon_poll.dir/mnt/c/Users/mvppr/Desktop/Design/pico/pico-sdk/src/rp2_common/pico_standard_link/crt0.S.obj
                0x0000000010000100                __vectors
                0x0000000010000100                __VECTOR_TABLE
                0x00000000100001c0                isr_invalid
                0x00000000100001c0                __default_isrs_start
                0x00000000100001c2                isr_nmi
                0x00000000100001c4                isr_hardfault
                0x00000000100001c6                isr_svcall
                0x00000000100001c8                isr_pendsv
                0x00000000100001ca                isr_systick
                0x00000000100001cc                isr_irq30
                0x00000000100001cc                __unhandled_user_irq
                0x00000000100001cc                isr_irq13
                0x00000000100001cc                isr_irq27
                0x00000000100001cc                isr_irq31
                0x00000000100001cc                isr_irq5
                0x00000000100001cc                isr_irq11
                0x00000000100001cc                isr_irq23
                0x00000000100001cc                isr_irq18
                0x00000000100001cc                isr_irq28
                0x00000000100001cc                isr_irq19
                0x00000000100001cc                isr_irq0
                0x00000000100001cc                isr_irq6
                0x00000000100001cc                isr_irq22
                0x00000000100001cc                isr_irq17
                0x00000000100001cc                isr_irq14
                0x00000000100001cc                isr_irq2
                0x00000000100001cc                isr_irq10
                0x00000000100001cc                isr_irq8
                0x00000000100001cc                isr_irq24
                0x00000000100001cc                isr_irq1
                0x00000000100001cc                isr_irq7
                0x00000000100001cc                isr_irq21
                0x00000000100001cc                isr_irq20
                0x00000000100001cc                isr_irq15
                0x00000000100001cc                isr_irq25
                0x00000000100001cc                isr_irq4
                0x00000000100001cc                isr_irq16
                0x00000000100001cc                isr_irq29
                0x00000000100001cc                isr_irq26
                0x00000000100001cc                __default_isrs_end
                0x00000000100001cc                isr_irq3
                0x00000000100001cc                isr_irq12
                0x00000000100001cc                isr_irq9
                0x00000000100001d2                unhandled_user_irq_num_in_r0
 *(.binary_info_header)
 .binary_info_header
                0x00000000100001d4       0x14 CMakeFiles/picow_udp_beacon_poll.dir/mnt/c/Users/mvppr/Desktop/Design/pico/pico-sdk/src/rp2_common/pico_standard_link/crt0.S.obj
                0x00000000100001e8                __binary_info_header_end = .
 *(.reset)
 .reset         0x00000000100001e8       0xa0 CMakeFiles/picow_udp_beacon_poll.dir/mnt/c/Users/mvppr/Desktop/Design/pico/pico-sdk/src/rp2_common/pico_standard_link/crt0.S.obj
                0x00000000100001e8                _entry_point
 .reset         0x0000000010000288       0x30 CMakeFiles/picow_udp_beacon_poll.dir/mnt/c/Users/mvppr/Desktop/Design/pico/pico-sdk/src/rp2_common/pico_standard_link/binary_info.c.obj
 *(.init)
 .init          0x00000000100002b8        0x4 /usr/lib/gcc/arm-none-eabi/10.3.1/thumb/v6-m/nofp/crti.o
                0x00000000100002b8                _init
 *(EXCLUDE_FILE(*libm.a: *libc.a:*lib_a-mem*.o *libgcc.a:) .text*)
 .text          0x00000000100002bc       0x98 /usr/lib/gcc/arm-none-eabi/10.3.1/thumb/v6-m/nofp/crtbegin.o
 .text.run_udp_beacon
                0x0000000010000354       0x9c CMakeFiles/picow_udp_beacon_poll.dir/picow_udp_beacon.c.obj
                0x0000000010000354                run_udp_beacon
 .text.startup.main
                0x00000000100003f0       0x64 CMakeFiles/picow_udp_beacon_poll.dir/picow_udp_beacon.c.obj
                0x00000000100003f0                main
 .text.lwip_timeout_reached
                0x0000000010000454        0x8 CMakeFiles/picow_udp_beacon_poll.dir/mnt/c/Users/mvppr/Desktop/Design/pico/pico-sdk/src/rp2_common/pico_lwip/lwip_nosys.c.obj
 .text.update_next_timeout
                0x000000001000045c       0x6c CMakeFiles/picow_udp_beacon_poll.dir/mnt/c/Users/mvppr/Desktop/Design/pico/pico-sdk/src/rp2_common/pico_lwip/lwip_nosys.c.obj
 .text.lwip_nosys_init
                0x00000000100004c8       0x30 CMakeFiles/picow_udp_beacon_poll.dir/mnt/c/Users/mvppr/Desktop/Design/pico/pico-sdk/src/rp2_common/pico_lwip/lwip_nosys.c.obj
                0x00000000100004c8                lwip_nosys_init
 .text.lwip_nosys_deinit
                0x00000000100004f8       0x20 CMakeFiles/picow_udp_beacon_poll.dir/mnt/c/Users/mvppr/Desktop/Design/pico/pico-sdk/src/rp2_common/pico_lwip/lwip_nosys.c.obj
                0x00000000100004f8                lwip_nosys_deinit
 .text.sys_arch_protect
                0x0000000010000518        0x4 CMakeFiles/picow_udp_beacon_poll.dir/mnt/c/Users/mvppr/Desktop/Design/pico/pico-sdk/src/rp2_common/pico_lwip/lwip_nosys.c.obj
                0x0000000010000518                sys_arch_protect
 .text.sys_arch_unprotect
                0x000000001000051c        0x4 CMakeFiles/picow_udp_beacon_poll.dir/mnt/c/Users/mvppr/Desktop/Design/pico/pico-sdk/src/rp2_common/pico_lwip/lwip_nosys.c.obj
                0x000000001000051c                sys_arch_unprotect
 .text.sys_now  0x0000000010000520       0x20 CMakeFiles/picow_udp_beacon_poll.dir/mnt/c/Users/mvppr/Desktop/Design/pico/pico-sdk/src/rp2_common/pico_lwip/lwip_nosys.c.obj
                0x0000000010000520                sys_now
 .text.async_context_base_add_at_time_worker
                0x0000000010000540       0x28 CMakeFiles/picow_udp_beacon_poll.dir/mnt/c/Users/mvppr/Desktop/Design/pico/pico-sdk/src/rp2_common/pico_async_context/async_context_base.c.obj
                0x0000000010000540                async_context_base_add_at_time_worker
 .text.async_context_base_remove_at_time_worker
                0x0000000010000568       0x28 CMakeFiles/picow_udp_beacon_poll.dir/mnt/c/Users/mvppr/Desktop/Design/pico/pico-sdk/src/rp2_common/pico_async_context/async_context_base.c.obj
                0x0000000010000568                async_context_base_remove_at_time_worker
 .text.async_context_base_add_when_pending_worker
                0x0000000010000590       0x24 CMakeFiles/picow_udp_beacon_poll.dir/mnt/c/Users/mvppr/Desktop/Design/pico/pico-sdk/src/rp2_common/pico_async_context/async_context_base.c.obj
                0x0000000010000590                async_context_base_add_when_pending_worker
 .text.async_context_base_remove_when_pending_worker
                0x00000000100005b4       0x28 CMakeFiles/picow_udp_beacon_poll.dir/mnt/c/Users/mvppr/Desktop/Design/pico/pico-sdk/src/rp2_common/pico_async_context/async_context_base.c.obj
                0x00000000100005b4                async_context_base_remove_when_pending_worker
 .text.async_context_base_execute_once
                0x00000000100005dc       0xe8 CMakeFiles/picow_udp_beacon_poll.dir/mnt/c/Users/mvppr/Desktop/Design/pico/pico-sdk/src/rp2_common/pico_async_context/async_context_base.c.obj
                0x00000000100005dc                async_context_base_execute_once
 .text.running_on_fpga
                0x00000000100006c4       0x10 CMakeFiles/picow_udp_beacon_poll.dir/mnt/c/Users/mvppr/Desktop/Design/pico/pico-sdk/src/rp2_common/pico_platform/platform.c.obj
                0x00000000100006c4                running_on_fpga
 .text.splitmix64
                0x00000000100006d4       0x5c CMakeFiles/picow_udp_beacon_poll.dir/mnt/c/Users/mvppr/Desktop/Design/pico/pico-sdk/src/rp2_common/pico_rand/rand.c.obj
 .text.xoroshiro128ss
                0x0000000010000730       0x90 CMakeFiles/picow_udp_beacon_poll.dir/mnt/c/Users/mvppr/Desktop/Design/pico/pico-sdk/src/rp2_common/pico_rand/rand.c.obj
 .text.get_rand_64
                0x00000000100007c0      0x484 CMakeFiles/picow_udp_beacon_poll.dir/mnt/c/Users/mvppr/Desktop/Design/pico/pico-sdk/src/rp2_common/pico_rand/rand.c.obj
                0x00000000100007c0                get_rand_64
 .text.get_rand_32
                0x0000000010000c44        0x8 CMakeFiles/picow_udp_beacon_poll.dir/mnt/c/Users/mvppr/Desktop/Design/pico/pico-sdk/src/rp2_common/pico_rand/rand.c.obj
                0x0000000010000c44                get_rand_32
 .text.startup._retrieve_unique_id_on_boot
                0x0000000010000c4c       0x10 CMakeFiles/picow_udp_beacon_poll.dir/mnt/c/Users/mvppr/Desktop/Design/pico/pico-sdk/src/rp2_common/pico_unique_id/unique_id.c.obj
 .text.pico_get_unique_board_id
                0x0000000010000c5c       0x10 CMakeFiles/picow_udp_beacon_poll.dir/mnt/c/Users/mvppr/Desktop/Design/pico/pico-sdk/src/rp2_common/pico_unique_id/unique_id.c.obj
                0x0000000010000c5c                pico_get_unique_board_id
 .text.flash_get_unique_id
                0x0000000010000c6c       0x40 CMakeFiles/picow_udp_beacon_poll.dir/mnt/c/Users/mvppr/Desktop/Design/pico/pico-sdk/src/rp2_common/hardware_flash/flash.c.obj
                0x0000000010000c6c                flash_get_unique_id
 .text.hw_claim_lock
                0x0000000010000cac       0x18 CMakeFiles/picow_udp_beacon_poll.dir/mnt/c/Users/mvppr/Desktop/Design/pico/pico-sdk/src/rp2_common/hardware_claim/claim.c.obj
                0x0000000010000cac                hw_claim_lock
 .text.hw_claim_unlock
                0x0000000010000cc4       0x14 CMakeFiles/picow_udp_beacon_poll.dir/mnt/c/Users/mvppr/Desktop/Design/pico/pico-sdk/src/rp2_common/hardware_claim/claim.c.obj
                0x0000000010000cc4                hw_claim_unlock
 .text.hw_claim_or_assert
                0x0000000010000cd8       0x44 CMakeFiles/picow_udp_beacon_poll.dir/mnt/c/Users/mvppr/Desktop/Design/pico/pico-sdk/src/rp2_common/hardware_claim/claim.c.obj
                0x0000000010000cd8                hw_claim_or_assert
 .text.hw_claim_unused_from_range
                0x0000000010000d1c       0x9c CMakeFiles/picow_udp_beacon_poll.dir/mnt/c/Users/mvppr/Desktop/Design/pico/pico-sdk/src/rp2_common/hardware_claim/claim.c.obj
                0x0000000010000d1c                hw_claim_unused_from_range
 .text.hw_claim_clear
                0x0000000010000db8       0x38 CMakeFiles/picow_udp_beacon_poll.dir/mnt/c/Users/mvppr/Desktop/Design/pico/pico-sdk/src/rp2_common/hardware_claim/claim.c.obj
                0x0000000010000db8                hw_claim_clear
 .text.spin_locks_reset
                0x0000000010000df0       0x1c CMakeFiles/picow_udp_beacon_poll.dir/mnt/c/Users/mvppr/Desktop/Design/pico/pico-sdk/src/rp2_common/hardware_sync/sync.c.obj
                0x0000000010000df0                spin_locks_reset
 .text.next_striped_spin_lock_num
                0x0000000010000e0c       0x18 CMakeFiles/picow_udp_beacon_poll.dir/mnt/c/Users/mvppr/Desktop/Design/pico/pico-sdk/src/rp2_common/hardware_sync/sync.c.obj
                0x0000000010000e0c                next_striped_spin_lock_num
 .text.rom_func_lookup
                0x0000000010000e24       0x10 CMakeFiles/picow_udp_beacon_poll.dir/mnt/c/Users/mvppr/Desktop/Design/pico/pico-sdk/src/rp2_common/pico_bootrom/bootrom.c.obj
                0x0000000010000e24                rom_func_lookup
 .text.rom_data_lookup
                0x0000000010000e34       0x10 CMakeFiles/picow_udp_beacon_poll.dir/mnt/c/Users/mvppr/Desktop/Design/pico/pico-sdk/src/rp2_common/pico_bootrom/bootrom.c.obj
                0x0000000010000e34                rom_data_lookup
 .text.rom_funcs_lookup
                0x0000000010000e44       0x44 CMakeFiles/picow_udp_beacon_poll.dir/mnt/c/Users/mvppr/Desktop/Design/pico/pico-sdk/src/rp2_common/pico_bootrom/bootrom.c.obj
                0x0000000010000e44                rom_funcs_lookup
 .text.clocks_init
                0x0000000010000e88      0x2d0 CMakeFiles/picow_udp_beacon_poll.dir/mnt/c/Users/mvppr/Desktop/Design/pico/pico-sdk/src/rp2_common/hardware_clocks/clocks.c.obj
                0x0000000010000e88                clocks_init
 .text.clock_get_hz
                0x0000000010001158        0xc CMakeFiles/picow_udp_beacon_poll.dir/mnt/c/Users/mvppr/Desktop/Design/pico/pico-sdk/src/rp2_common/hardware_clocks/clocks.c.obj
                0x0000000010001158                clock_get_hz
 .text.gpio_set_function
                0x0000000010001164       0x30 CMakeFiles/picow_udp_beacon_poll.dir/mnt/c/Users/mvppr/Desktop/Design/pico/pico-sdk/src/rp2_common/hardware_gpio/gpio.c.obj
                0x0000000010001164                gpio_set_function
 .text.gpio_set_pulls
                0x0000000010001194       0x30 CMakeFiles/picow_udp_beacon_poll.dir/mnt/c/Users/mvppr/Desktop/Design/pico/pico-sdk/src/rp2_common/hardware_gpio/gpio.c.obj
                0x0000000010001194                gpio_set_pulls
 .text.gpio_set_input_hysteresis_enabled
                0x00000000100011c4       0x28 CMakeFiles/picow_udp_beacon_poll.dir/mnt/c/Users/mvppr/Desktop/Design/pico/pico-sdk/src/rp2_common/hardware_gpio/gpio.c.obj
                0x00000000100011c4                gpio_set_input_hysteresis_enabled
 .text.gpio_set_irq_enabled
                0x00000000100011ec       0x54 CMakeFiles/picow_udp_beacon_poll.dir/mnt/c/Users/mvppr/Desktop/Design/pico/pico-sdk/src/rp2_common/hardware_gpio/gpio.c.obj
                0x00000000100011ec                gpio_set_irq_enabled
 .text.gpio_add_raw_irq_handler_with_order_priority_masked
                0x0000000010001240       0x44 CMakeFiles/picow_udp_beacon_poll.dir/mnt/c/Users/mvppr/Desktop/Design/pico/pico-sdk/src/rp2_common/hardware_gpio/gpio.c.obj
                0x0000000010001240                gpio_add_raw_irq_handler_with_order_priority_masked
 .text.gpio_remove_raw_irq_handler_masked
                0x0000000010001284       0x20 CMakeFiles/picow_udp_beacon_poll.dir/mnt/c/Users/mvppr/Desktop/Design/pico/pico-sdk/src/rp2_common/hardware_gpio/gpio.c.obj
                0x0000000010001284                gpio_remove_raw_irq_handler_masked
 .text.gpio_init
                0x00000000100012a4       0x3c CMakeFiles/picow_udp_beacon_poll.dir/mnt/c/Users/mvppr/Desktop/Design/pico/pico-sdk/src/rp2_common/hardware_gpio/gpio.c.obj
                0x00000000100012a4                gpio_init
 .text.irq_set_enabled
                0x00000000100012e0       0x24 CMakeFiles/picow_udp_beacon_poll.dir/mnt/c/Users/mvppr/Desktop/Design/pico/pico-sdk/src/rp2_common/hardware_irq/irq.c.obj
                0x00000000100012e0                irq_set_enabled
 .text.irq_get_vtable_handler
                0x0000000010001304       0x10 CMakeFiles/picow_udp_beacon_poll.dir/mnt/c/Users/mvppr/Desktop/Design/pico/pico-sdk/src/rp2_common/hardware_irq/irq.c.obj
                0x0000000010001304                irq_get_vtable_handler
 .text.irq_set_exclusive_handler
                0x0000000010001314       0x54 CMakeFiles/picow_udp_beacon_poll.dir/mnt/c/Users/mvppr/Desktop/Design/pico/pico-sdk/src/rp2_common/hardware_irq/irq.c.obj
                0x0000000010001314                irq_set_exclusive_handler
 .text.irq_add_shared_handler
                0x0000000010001368      0x1e8 CMakeFiles/picow_udp_beacon_poll.dir/mnt/c/Users/mvppr/Desktop/Design/pico/pico-sdk/src/rp2_common/hardware_irq/irq.c.obj
                0x0000000010001368                irq_add_shared_handler
 .text.irq_remove_handler
                0x0000000010001550      0x1b0 CMakeFiles/picow_udp_beacon_poll.dir/mnt/c/Users/mvppr/Desktop/Design/pico/pico-sdk/src/rp2_common/hardware_irq/irq.c.obj
                0x0000000010001550                irq_remove_handler
 .text.irq_add_tail_to_free_list
                0x0000000010001700       0xb4 CMakeFiles/picow_udp_beacon_poll.dir/mnt/c/Users/mvppr/Desktop/Design/pico/pico-sdk/src/rp2_common/hardware_irq/irq.c.obj
                0x0000000010001700                irq_add_tail_to_free_list
 .text.irq_init_priorities
                0x00000000100017b4       0x24 CMakeFiles/picow_udp_beacon_poll.dir/mnt/c/Users/mvppr/Desktop/Design/pico/pico-sdk/src/rp2_common/hardware_irq/irq.c.obj
                0x00000000100017b4                irq_init_priorities
 .text.sem_init
                0x00000000100017d8       0x20 CMakeFiles/picow_udp_beacon_poll.dir/mnt/c/Users/mvppr/Desktop/Design/pico/pico-sdk/src/common/pico_sync/sem.c.obj
                0x00000000100017d8                sem_init
 .text.lock_init
                0x00000000100017f8       0x10 CMakeFiles/picow_udp_beacon_poll.dir/mnt/c/Users/mvppr/Desktop/Design/pico/pico-sdk/src/common/pico_sync/lock_core.c.obj
                0x00000000100017f8                lock_init
 .text.mutex_init
                0x0000000010001808       0x1c CMakeFiles/picow_udp_beacon_poll.dir/mnt/c/Users/mvppr/Desktop/Design/pico/pico-sdk/src/common/pico_sync/mutex.c.obj
                0x0000000010001808                mutex_init
 .text.recursive_mutex_init
                0x0000000010001824       0x1c CMakeFiles/picow_udp_beacon_poll.dir/mnt/c/Users/mvppr/Desktop/Design/pico/pico-sdk/src/common/pico_sync/mutex.c.obj
                0x0000000010001824                recursive_mutex_init
 .text.timer_pool_entry_comparator
                0x0000000010001840       0x34 CMakeFiles/picow_udp_beacon_poll.dir/mnt/c/Users/mvppr/Desktop/Design/pico/pico-sdk/src/common/pico_time/time.c.obj
                0x0000000010001840                timer_pool_entry_comparator
 .text.sleep_until_callback
                0x0000000010001874       0x30 CMakeFiles/picow_udp_beacon_poll.dir/mnt/c/Users/mvppr/Desktop/Design/pico/pico-sdk/src/common/pico_time/time.c.obj
 .text.add_alarm_under_lock.isra.0
                0x00000000100018a4      0x100 CMakeFiles/picow_udp_beacon_poll.dir/mnt/c/Users/mvppr/Desktop/Design/pico/pico-sdk/src/common/pico_time/time.c.obj
 .text.alarm_pool_alarm_callback
                0x00000000100019a4      0x1bc CMakeFiles/picow_udp_beacon_poll.dir/mnt/c/Users/mvppr/Desktop/Design/pico/pico-sdk/src/common/pico_time/time.c.obj
 .text.alarm_pool_init_default
                0x0000000010001b60       0x6c CMakeFiles/picow_udp_beacon_poll.dir/mnt/c/Users/mvppr/Desktop/Design/pico/pico-sdk/src/common/pico_time/time.c.obj
                0x0000000010001b60                alarm_pool_init_default
 .text.alarm_pool_add_alarm_at
                0x0000000010001bcc      0x178 CMakeFiles/picow_udp_beacon_poll.dir/mnt/c/Users/mvppr/Desktop/Design/pico/pico-sdk/src/common/pico_time/time.c.obj
                0x0000000010001bcc                alarm_pool_add_alarm_at
 .text.sleep_until
                0x0000000010001d44       0xc4 CMakeFiles/picow_udp_beacon_poll.dir/mnt/c/Users/mvppr/Desktop/Design/pico/pico-sdk/src/common/pico_time/time.c.obj
                0x0000000010001d44                sleep_until
 .text.sleep_ms
                0x0000000010001e08       0x34 CMakeFiles/picow_udp_beacon_poll.dir/mnt/c/Users/mvppr/Desktop/Design/pico/pico-sdk/src/common/pico_time/time.c.obj
                0x0000000010001e08                sleep_ms
 .text.best_effort_wfe_or_timeout
                0x0000000010001e3c       0xd4 CMakeFiles/picow_udp_beacon_poll.dir/mnt/c/Users/mvppr/Desktop/Design/pico/pico-sdk/src/common/pico_time/time.c.obj
                0x0000000010001e3c                best_effort_wfe_or_timeout
 .text.hardware_alarm_irq_handler
                0x0000000010001f10       0xbc CMakeFiles/picow_udp_beacon_poll.dir/mnt/c/Users/mvppr/Desktop/Design/pico/pico-sdk/src/rp2_common/hardware_timer/timer.c.obj
 .text.hardware_alarm_claim
                0x0000000010001fcc       0x18 CMakeFiles/picow_udp_beacon_poll.dir/mnt/c/Users/mvppr/Desktop/Design/pico/pico-sdk/src/rp2_common/hardware_timer/timer.c.obj
                0x0000000010001fcc                hardware_alarm_claim
 .text.time_us_64
                0x0000000010001fe4       0x14 CMakeFiles/picow_udp_beacon_poll.dir/mnt/c/Users/mvppr/Desktop/Design/pico/pico-sdk/src/rp2_common/hardware_timer/timer.c.obj
                0x0000000010001fe4                time_us_64
 .text.busy_wait_us
                0x0000000010001ff8       0x54 CMakeFiles/picow_udp_beacon_poll.dir/mnt/c/Users/mvppr/Desktop/Design/pico/pico-sdk/src/rp2_common/hardware_timer/timer.c.obj
                0x0000000010001ff8                busy_wait_us
 .text.busy_wait_until
                0x000000001000204c       0x20 CMakeFiles/picow_udp_beacon_poll.dir/mnt/c/Users/mvppr/Desktop/Design/pico/pico-sdk/src/rp2_common/hardware_timer/timer.c.obj
                0x000000001000204c                busy_wait_until
 .text.hardware_alarm_set_callback
                0x000000001000206c       0x8c CMakeFiles/picow_udp_beacon_poll.dir/mnt/c/Users/mvppr/Desktop/Design/pico/pico-sdk/src/rp2_common/hardware_timer/timer.c.obj
                0x000000001000206c                hardware_alarm_set_callback
 .text.hardware_alarm_set_target
                0x00000000100020f8       0xd4 CMakeFiles/picow_udp_beacon_poll.dir/mnt/c/Users/mvppr/Desktop/Design/pico/pico-sdk/src/rp2_common/hardware_timer/timer.c.obj
                0x00000000100020f8                hardware_alarm_set_target
 .text.hardware_alarm_cancel
                0x00000000100021cc       0x3c CMakeFiles/picow_udp_beacon_poll.dir/mnt/c/Users/mvppr/Desktop/Design/pico/pico-sdk/src/rp2_common/hardware_timer/timer.c.obj
                0x00000000100021cc                hardware_alarm_cancel
 .text.ph_merge_nodes
                0x0000000010002208       0x68 CMakeFiles/picow_udp_beacon_poll.dir/mnt/c/Users/mvppr/Desktop/Design/pico/pico-sdk/src/common/pico_util/pheap.c.obj
 .text.ph_post_alloc_init
                0x0000000010002270       0x3c CMakeFiles/picow_udp_beacon_poll.dir/mnt/c/Users/mvppr/Desktop/Design/pico/pico-sdk/src/common/pico_util/pheap.c.obj
                0x0000000010002270                ph_post_alloc_init
 .text.ph_merge_two_pass
                0x00000000100022ac       0x90 CMakeFiles/picow_udp_beacon_poll.dir/mnt/c/Users/mvppr/Desktop/Design/pico/pico-sdk/src/common/pico_util/pheap.c.obj
                0x00000000100022ac                ph_merge_two_pass
 .text.ph_remove_any_head
                0x000000001000233c      0x100 CMakeFiles/picow_udp_beacon_poll.dir/mnt/c/Users/mvppr/Desktop/Design/pico/pico-sdk/src/common/pico_util/pheap.c.obj
 .text.ph_remove_head
                0x000000001000243c      0x104 CMakeFiles/picow_udp_beacon_poll.dir/mnt/c/Users/mvppr/Desktop/Design/pico/pico-sdk/src/common/pico_util/pheap.c.obj
                0x000000001000243c                ph_remove_head
 .text.ph_remove_and_free_node
                0x0000000010002540       0x7c CMakeFiles/picow_udp_beacon_poll.dir/mnt/c/Users/mvppr/Desktop/Design/pico/pico-sdk/src/common/pico_util/pheap.c.obj
                0x0000000010002540                ph_remove_and_free_node
 .text.pll_init
                0x00000000100025bc       0xa0 CMakeFiles/picow_udp_beacon_poll.dir/mnt/c/Users/mvppr/Desktop/Design/pico/pico-sdk/src/rp2_common/hardware_pll/pll.c.obj
                0x00000000100025bc                pll_init
 .text.watchdog_start_tick
                0x000000001000265c       0x10 CMakeFiles/picow_udp_beacon_poll.dir/mnt/c/Users/mvppr/Desktop/Design/pico/pico-sdk/src/rp2_common/hardware_watchdog/watchdog.c.obj
                0x000000001000265c                watchdog_start_tick
 .text.xosc_init
                0x000000001000266c       0x28 CMakeFiles/picow_udp_beacon_poll.dir/mnt/c/Users/mvppr/Desktop/Design/pico/pico-sdk/src/rp2_common/hardware_xosc/xosc.c.obj
                0x000000001000266c                xosc_init
 .text.lwip_init
                0x0000000010002694       0x24 CMakeFiles/picow_udp_beacon_poll.dir/mnt/c/Users/mvppr/Desktop/Design/pico/pico-sdk/lib/lwip/src/core/init.c.obj
                0x0000000010002694                lwip_init
 .text.lwip_htons
                0x00000000100026b8        0x8 CMakeFiles/picow_udp_beacon_poll.dir/mnt/c/Users/mvppr/Desktop/Design/pico/pico-sdk/lib/lwip/src/core/def.c.obj
                0x00000000100026b8                lwip_htons
 .text.lwip_htonl
                0x00000000100026c0        0x4 CMakeFiles/picow_udp_beacon_poll.dir/mnt/c/Users/mvppr/Desktop/Design/pico/pico-sdk/lib/lwip/src/core/def.c.obj
                0x00000000100026c0                lwip_htonl
 .text.dns_call_found
                0x00000000100026c4      0x134 CMakeFiles/picow_udp_beacon_poll.dir/mnt/c/Users/mvppr/Desktop/Design/pico/pico-sdk/lib/lwip/src/core/dns.c.obj
 .text.dns_send.isra.0
                0x00000000100027f8      0x168 CMakeFiles/picow_udp_beacon_poll.dir/mnt/c/Users/mvppr/Desktop/Design/pico/pico-sdk/lib/lwip/src/core/dns.c.obj
 .text.dns_init
                0x0000000010002960        0x4 CMakeFiles/picow_udp_beacon_poll.dir/mnt/c/Users/mvppr/Desktop/Design/pico/pico-sdk/lib/lwip/src/core/dns.c.obj
                0x0000000010002960                dns_init
 .text.dns_setserver
                0x0000000010002964       0x2c CMakeFiles/picow_udp_beacon_poll.dir/mnt/c/Users/mvppr/Desktop/Design/pico/pico-sdk/lib/lwip/src/core/dns.c.obj
                0x0000000010002964                dns_setserver
 .text.dns_tmr  0x0000000010002990      0x138 CMakeFiles/picow_udp_beacon_poll.dir/mnt/c/Users/mvppr/Desktop/Design/pico/pico-sdk/lib/lwip/src/core/dns.c.obj
                0x0000000010002990                dns_tmr
 .text.lwip_standard_chksum
                0x0000000010002ac8       0xd8 CMakeFiles/picow_udp_beacon_poll.dir/mnt/c/Users/mvppr/Desktop/Design/pico/pico-sdk/lib/lwip/src/core/inet_chksum.c.obj
                0x0000000010002ac8                lwip_standard_chksum
 .text.inet_chksum_pseudo
                0x0000000010002ba0       0xb4 CMakeFiles/picow_udp_beacon_poll.dir/mnt/c/Users/mvppr/Desktop/Design/pico/pico-sdk/lib/lwip/src/core/inet_chksum.c.obj
                0x0000000010002ba0                inet_chksum_pseudo
 .text.ip_chksum_pseudo
                0x0000000010002c54       0x10 CMakeFiles/picow_udp_beacon_poll.dir/mnt/c/Users/mvppr/Desktop/Design/pico/pico-sdk/lib/lwip/src/core/inet_chksum.c.obj
                0x0000000010002c54                ip_chksum_pseudo
 .text.inet_chksum
                0x0000000010002c64        0xc CMakeFiles/picow_udp_beacon_poll.dir/mnt/c/Users/mvppr/Desktop/Design/pico/pico-sdk/lib/lwip/src/core/inet_chksum.c.obj
                0x0000000010002c64                inet_chksum
 .text.inet_chksum_pbuf
                0x0000000010002c70       0x6c CMakeFiles/picow_udp_beacon_poll.dir/mnt/c/Users/mvppr/Desktop/Design/pico/pico-sdk/lib/lwip/src/core/inet_chksum.c.obj
                0x0000000010002c70                inet_chksum_pbuf
 .text.mem_init
                0x0000000010002cdc        0x4 CMakeFiles/picow_udp_beacon_poll.dir/mnt/c/Users/mvppr/Desktop/Design/pico/pico-sdk/lib/lwip/src/core/mem.c.obj
                0x0000000010002cdc                mem_init
 .text.mem_trim
                0x0000000010002ce0        0x4 CMakeFiles/picow_udp_beacon_poll.dir/mnt/c/Users/mvppr/Desktop/Design/pico/pico-sdk/lib/lwip/src/core/mem.c.obj
                0x0000000010002ce0                mem_trim
 .text.mem_malloc
                0x0000000010002ce4       0x2c CMakeFiles/picow_udp_beacon_poll.dir/mnt/c/Users/mvppr/Desktop/Design/pico/pico-sdk/lib/lwip/src/core/mem.c.obj
                0x0000000010002ce4                mem_malloc
 .text.mem_free
                0x0000000010002d10       0x2c CMakeFiles/picow_udp_beacon_poll.dir/mnt/c/Users/mvppr/Desktop/Design/pico/pico-sdk/lib/lwip/src/core/mem.c.obj
                0x0000000010002d10                mem_free
 .text.memp_init
                0x0000000010002d3c       0x6c CMakeFiles/picow_udp_beacon_poll.dir/mnt/c/Users/mvppr/Desktop/Design/pico/pico-sdk/lib/lwip/src/core/memp.c.obj
                0x0000000010002d3c                memp_init
 .text.memp_malloc
                0x0000000010002da8       0x3c CMakeFiles/picow_udp_beacon_poll.dir/mnt/c/Users/mvppr/Desktop/Design/pico/pico-sdk/lib/lwip/src/core/memp.c.obj
                0x0000000010002da8                memp_malloc
 .text.memp_free
                0x0000000010002de4       0x38 CMakeFiles/picow_udp_beacon_poll.dir/mnt/c/Users/mvppr/Desktop/Design/pico/pico-sdk/lib/lwip/src/core/memp.c.obj
                0x0000000010002de4                memp_free
 .text.netif_null_output_ip4
                0x0000000010002e1c        0x8 CMakeFiles/picow_udp_beacon_poll.dir/mnt/c/Users/mvppr/Desktop/Design/pico/pico-sdk/lib/lwip/src/core/netif.c.obj
 .text.netif_do_set_ipaddr.isra.0
                0x0000000010002e24       0x70 CMakeFiles/picow_udp_beacon_poll.dir/mnt/c/Users/mvppr/Desktop/Design/pico/pico-sdk/lib/lwip/src/core/netif.c.obj
 .text.netif_init
                0x0000000010002e94        0x4 CMakeFiles/picow_udp_beacon_poll.dir/mnt/c/Users/mvppr/Desktop/Design/pico/pico-sdk/lib/lwip/src/core/netif.c.obj
                0x0000000010002e94                netif_init
 .text.netif_add
                0x0000000010002e98      0x144 CMakeFiles/picow_udp_beacon_poll.dir/mnt/c/Users/mvppr/Desktop/Design/pico/pico-sdk/lib/lwip/src/core/netif.c.obj
                0x0000000010002e98                netif_add
 .text.netif_set_addr
                0x0000000010002fdc       0xb8 CMakeFiles/picow_udp_beacon_poll.dir/mnt/c/Users/mvppr/Desktop/Design/pico/pico-sdk/lib/lwip/src/core/netif.c.obj
                0x0000000010002fdc                netif_set_addr
 .text.netif_remove
                0x0000000010003094       0x94 CMakeFiles/picow_udp_beacon_poll.dir/mnt/c/Users/mvppr/Desktop/Design/pico/pico-sdk/lib/lwip/src/core/netif.c.obj
                0x0000000010003094                netif_remove
 .text.netif_set_default
                0x0000000010003128        0xc CMakeFiles/picow_udp_beacon_poll.dir/mnt/c/Users/mvppr/Desktop/Design/pico/pico-sdk/lib/lwip/src/core/netif.c.obj
                0x0000000010003128                netif_set_default
 .text.netif_set_up
                0x0000000010003134       0x40 CMakeFiles/picow_udp_beacon_poll.dir/mnt/c/Users/mvppr/Desktop/Design/pico/pico-sdk/lib/lwip/src/core/netif.c.obj
                0x0000000010003134                netif_set_up
 .text.netif_set_link_up
                0x0000000010003174       0x44 CMakeFiles/picow_udp_beacon_poll.dir/mnt/c/Users/mvppr/Desktop/Design/pico/pico-sdk/lib/lwip/src/core/netif.c.obj
                0x0000000010003174                netif_set_link_up
 .text.netif_set_link_down
                0x00000000100031b8       0x20 CMakeFiles/picow_udp_beacon_poll.dir/mnt/c/Users/mvppr/Desktop/Design/pico/pico-sdk/lib/lwip/src/core/netif.c.obj
                0x00000000100031b8                netif_set_link_down
 .text.netif_get_by_index
                0x00000000100031d8       0x2c CMakeFiles/picow_udp_beacon_poll.dir/mnt/c/Users/mvppr/Desktop/Design/pico/pico-sdk/lib/lwip/src/core/netif.c.obj
                0x00000000100031d8                netif_get_by_index
 .text.pbuf_free.part.0
                0x0000000010003204       0x7c CMakeFiles/picow_udp_beacon_poll.dir/mnt/c/Users/mvppr/Desktop/Design/pico/pico-sdk/lib/lwip/src/core/pbuf.c.obj
 .text.pbuf_free_ooseq
                0x0000000010003280       0x34 CMakeFiles/picow_udp_beacon_poll.dir/mnt/c/Users/mvppr/Desktop/Design/pico/pico-sdk/lib/lwip/src/core/pbuf.c.obj
                0x0000000010003280                pbuf_free_ooseq
 .text.pbuf_alloc
                0x00000000100032b4      0x12c CMakeFiles/picow_udp_beacon_poll.dir/mnt/c/Users/mvppr/Desktop/Design/pico/pico-sdk/lib/lwip/src/core/pbuf.c.obj
                0x00000000100032b4                pbuf_alloc
 .text.pbuf_realloc
                0x00000000100033e0       0x84 CMakeFiles/picow_udp_beacon_poll.dir/mnt/c/Users/mvppr/Desktop/Design/pico/pico-sdk/lib/lwip/src/core/pbuf.c.obj
                0x00000000100033e0                pbuf_realloc
 .text.pbuf_add_header
                0x0000000010003464       0x54 CMakeFiles/picow_udp_beacon_poll.dir/mnt/c/Users/mvppr/Desktop/Design/pico/pico-sdk/lib/lwip/src/core/pbuf.c.obj
                0x0000000010003464                pbuf_add_header
 .text.pbuf_remove_header
                0x00000000100034b8       0x44 CMakeFiles/picow_udp_beacon_poll.dir/mnt/c/Users/mvppr/Desktop/Design/pico/pico-sdk/lib/lwip/src/core/pbuf.c.obj
                0x00000000100034b8                pbuf_remove_header
 .text.pbuf_header_force
                0x00000000100034fc       0x74 CMakeFiles/picow_udp_beacon_poll.dir/mnt/c/Users/mvppr/Desktop/Design/pico/pico-sdk/lib/lwip/src/core/pbuf.c.obj
                0x00000000100034fc                pbuf_header_force
 .text.pbuf_free
                0x0000000010003570       0x18 CMakeFiles/picow_udp_beacon_poll.dir/mnt/c/Users/mvppr/Desktop/Design/pico/pico-sdk/lib/lwip/src/core/pbuf.c.obj
                0x0000000010003570                pbuf_free
 .text.pbuf_clen
                0x0000000010003588       0x14 CMakeFiles/picow_udp_beacon_poll.dir/mnt/c/Users/mvppr/Desktop/Design/pico/pico-sdk/lib/lwip/src/core/pbuf.c.obj
                0x0000000010003588                pbuf_clen
 .text.pbuf_ref
                0x000000001000359c       0x28 CMakeFiles/picow_udp_beacon_poll.dir/mnt/c/Users/mvppr/Desktop/Design/pico/pico-sdk/lib/lwip/src/core/pbuf.c.obj
                0x000000001000359c                pbuf_ref
 .text.pbuf_cat
                0x00000000100035c4       0x3c CMakeFiles/picow_udp_beacon_poll.dir/mnt/c/Users/mvppr/Desktop/Design/pico/pico-sdk/lib/lwip/src/core/pbuf.c.obj
                0x00000000100035c4                pbuf_cat
 .text.pbuf_chain
                0x0000000010003600       0x64 CMakeFiles/picow_udp_beacon_poll.dir/mnt/c/Users/mvppr/Desktop/Design/pico/pico-sdk/lib/lwip/src/core/pbuf.c.obj
                0x0000000010003600                pbuf_chain
 .text.pbuf_copy_partial_pbuf
                0x0000000010003664      0x13c CMakeFiles/picow_udp_beacon_poll.dir/mnt/c/Users/mvppr/Desktop/Design/pico/pico-sdk/lib/lwip/src/core/pbuf.c.obj
                0x0000000010003664                pbuf_copy_partial_pbuf
 .text.pbuf_copy
                0x00000000100037a0       0x18 CMakeFiles/picow_udp_beacon_poll.dir/mnt/c/Users/mvppr/Desktop/Design/pico/pico-sdk/lib/lwip/src/core/pbuf.c.obj
                0x00000000100037a0                pbuf_copy
 .text.pbuf_copy_partial
                0x00000000100037b8       0x70 CMakeFiles/picow_udp_beacon_poll.dir/mnt/c/Users/mvppr/Desktop/Design/pico/pico-sdk/lib/lwip/src/core/pbuf.c.obj
                0x00000000100037b8                pbuf_copy_partial
 .text.pbuf_take
                0x0000000010003828       0x78 CMakeFiles/picow_udp_beacon_poll.dir/mnt/c/Users/mvppr/Desktop/Design/pico/pico-sdk/lib/lwip/src/core/pbuf.c.obj
                0x0000000010003828                pbuf_take
 .text.pbuf_take_at
                0x00000000100038a0       0xc0 CMakeFiles/picow_udp_beacon_poll.dir/mnt/c/Users/mvppr/Desktop/Design/pico/pico-sdk/lib/lwip/src/core/pbuf.c.obj
                0x00000000100038a0                pbuf_take_at
 .text.pbuf_clone
                0x0000000010003960       0x30 CMakeFiles/picow_udp_beacon_poll.dir/mnt/c/Users/mvppr/Desktop/Design/pico/pico-sdk/lib/lwip/src/core/pbuf.c.obj
                0x0000000010003960                pbuf_clone
 .text.pbuf_put_at
                0x0000000010003990       0x1c CMakeFiles/picow_udp_beacon_poll.dir/mnt/c/Users/mvppr/Desktop/Design/pico/pico-sdk/lib/lwip/src/core/pbuf.c.obj
                0x0000000010003990                pbuf_put_at
 .text.raw_input
                0x00000000100039ac       0xf0 CMakeFiles/picow_udp_beacon_poll.dir/mnt/c/Users/mvppr/Desktop/Design/pico/pico-sdk/lib/lwip/src/core/raw.c.obj
                0x00000000100039ac                raw_input
 .text.raw_netif_ip_addr_changed
                0x0000000010003a9c       0x40 CMakeFiles/picow_udp_beacon_poll.dir/mnt/c/Users/mvppr/Desktop/Design/pico/pico-sdk/lib/lwip/src/core/raw.c.obj
                0x0000000010003a9c                raw_netif_ip_addr_changed
 .text.stats_init
                0x0000000010003adc        0x4 CMakeFiles/picow_udp_beacon_poll.dir/mnt/c/Users/mvppr/Desktop/Design/pico/pico-sdk/lib/lwip/src/core/stats.c.obj
                0x0000000010003adc                stats_init
 .text.tcp_close_shutdown_fin
                0x0000000010003ae0       0x58 CMakeFiles/picow_udp_beacon_poll.dir/mnt/c/Users/mvppr/Desktop/Design/pico/pico-sdk/lib/lwip/src/core/tcp.c.obj
 .text.tcp_pcb_purge.part.0
                0x0000000010003b38       0xc4 CMakeFiles/picow_udp_beacon_poll.dir/mnt/c/Users/mvppr/Desktop/Design/pico/pico-sdk/lib/lwip/src/core/tcp.c.obj
 .text.tcp_init
                0x0000000010003bfc       0x20 CMakeFiles/picow_udp_beacon_poll.dir/mnt/c/Users/mvppr/Desktop/Design/pico/pico-sdk/lib/lwip/src/core/tcp.c.obj
                0x0000000010003bfc                tcp_init
 .text.tcp_free
                0x0000000010003c1c       0x1c CMakeFiles/picow_udp_beacon_poll.dir/mnt/c/Users/mvppr/Desktop/Design/pico/pico-sdk/lib/lwip/src/core/tcp.c.obj
                0x0000000010003c1c                tcp_free
 .text.tcp_update_rcv_ann_wnd
                0x0000000010003c38       0x60 CMakeFiles/picow_udp_beacon_poll.dir/mnt/c/Users/mvppr/Desktop/Design/pico/pico-sdk/lib/lwip/src/core/tcp.c.obj
                0x0000000010003c38                tcp_update_rcv_ann_wnd
 .text.tcp_recved
                0x0000000010003c98       0x98 CMakeFiles/picow_udp_beacon_poll.dir/mnt/c/Users/mvppr/Desktop/Design/pico/pico-sdk/lib/lwip/src/core/tcp.c.obj
                0x0000000010003c98                tcp_recved
 .text.tcp_slowtmr
                0x0000000010003d30      0x4dc CMakeFiles/picow_udp_beacon_poll.dir/mnt/c/Users/mvppr/Desktop/Design/pico/pico-sdk/lib/lwip/src/core/tcp.c.obj
                0x0000000010003d30                tcp_slowtmr
 .text.tcp_segs_free
                0x000000001000420c       0x38 CMakeFiles/picow_udp_beacon_poll.dir/mnt/c/Users/mvppr/Desktop/Design/pico/pico-sdk/lib/lwip/src/core/tcp.c.obj
                0x000000001000420c                tcp_segs_free
 .text.tcp_seg_free
                0x0000000010004244       0x1c CMakeFiles/picow_udp_beacon_poll.dir/mnt/c/Users/mvppr/Desktop/Design/pico/pico-sdk/lib/lwip/src/core/tcp.c.obj
                0x0000000010004244                tcp_seg_free
 .text.tcp_seg_copy
                0x0000000010004260       0x2c CMakeFiles/picow_udp_beacon_poll.dir/mnt/c/Users/mvppr/Desktop/Design/pico/pico-sdk/lib/lwip/src/core/tcp.c.obj
                0x0000000010004260                tcp_seg_copy
 .text.tcp_pcb_purge
                0x000000001000428c       0x18 CMakeFiles/picow_udp_beacon_poll.dir/mnt/c/Users/mvppr/Desktop/Design/pico/pico-sdk/lib/lwip/src/core/tcp.c.obj
                0x000000001000428c                tcp_pcb_purge
 .text.tcp_pcb_remove
                0x00000000100042a4       0xc8 CMakeFiles/picow_udp_beacon_poll.dir/mnt/c/Users/mvppr/Desktop/Design/pico/pico-sdk/lib/lwip/src/core/tcp.c.obj
                0x00000000100042a4                tcp_pcb_remove
 .text.tcp_abandon
                0x000000001000436c      0x1ac CMakeFiles/picow_udp_beacon_poll.dir/mnt/c/Users/mvppr/Desktop/Design/pico/pico-sdk/lib/lwip/src/core/tcp.c.obj
                0x000000001000436c                tcp_abandon
 .text.tcp_abort
                0x0000000010004518        0xc CMakeFiles/picow_udp_beacon_poll.dir/mnt/c/Users/mvppr/Desktop/Design/pico/pico-sdk/lib/lwip/src/core/tcp.c.obj
                0x0000000010004518                tcp_abort
 .text.tcp_alloc
                0x0000000010004524      0x1cc CMakeFiles/picow_udp_beacon_poll.dir/mnt/c/Users/mvppr/Desktop/Design/pico/pico-sdk/lib/lwip/src/core/tcp.c.obj
                0x0000000010004524                tcp_alloc
 .text.tcp_close_shutdown
                0x00000000100046f0      0x18c CMakeFiles/picow_udp_beacon_poll.dir/mnt/c/Users/mvppr/Desktop/Design/pico/pico-sdk/lib/lwip/src/core/tcp.c.obj
 .text.tcp_recv_null
                0x000000001000487c       0xd4 CMakeFiles/picow_udp_beacon_poll.dir/mnt/c/Users/mvppr/Desktop/Design/pico/pico-sdk/lib/lwip/src/core/tcp.c.obj
                0x000000001000487c                tcp_recv_null
 .text.tcp_process_refused_data
                0x0000000010004950       0x78 CMakeFiles/picow_udp_beacon_poll.dir/mnt/c/Users/mvppr/Desktop/Design/pico/pico-sdk/lib/lwip/src/core/tcp.c.obj
                0x0000000010004950                tcp_process_refused_data
 .text.tcp_fasttmr
                0x00000000100049c8       0x98 CMakeFiles/picow_udp_beacon_poll.dir/mnt/c/Users/mvppr/Desktop/Design/pico/pico-sdk/lib/lwip/src/core/tcp.c.obj
                0x00000000100049c8                tcp_fasttmr
 .text.tcp_tmr  0x0000000010004a60       0x20 CMakeFiles/picow_udp_beacon_poll.dir/mnt/c/Users/mvppr/Desktop/Design/pico/pico-sdk/lib/lwip/src/core/tcp.c.obj
                0x0000000010004a60                tcp_tmr
 .text.tcp_next_iss
                0x0000000010004a80       0x28 CMakeFiles/picow_udp_beacon_poll.dir/mnt/c/Users/mvppr/Desktop/Design/pico/pico-sdk/lib/lwip/src/core/tcp.c.obj
                0x0000000010004a80                tcp_next_iss
 .text.tcp_eff_send_mss_netif
                0x0000000010004aa8       0x38 CMakeFiles/picow_udp_beacon_poll.dir/mnt/c/Users/mvppr/Desktop/Design/pico/pico-sdk/lib/lwip/src/core/tcp.c.obj
                0x0000000010004aa8                tcp_eff_send_mss_netif
 .text.tcp_netif_ip_addr_changed
                0x0000000010004ae0       0x9c CMakeFiles/picow_udp_beacon_poll.dir/mnt/c/Users/mvppr/Desktop/Design/pico/pico-sdk/lib/lwip/src/core/tcp.c.obj
                0x0000000010004ae0                tcp_netif_ip_addr_changed
 .text.tcp_free_ooseq
                0x0000000010004b7c       0x40 CMakeFiles/picow_udp_beacon_poll.dir/mnt/c/Users/mvppr/Desktop/Design/pico/pico-sdk/lib/lwip/src/core/tcp.c.obj
                0x0000000010004b7c                tcp_free_ooseq
 .text.tcp_parseopt
                0x0000000010004bbc      0x190 CMakeFiles/picow_udp_beacon_poll.dir/mnt/c/Users/mvppr/Desktop/Design/pico/pico-sdk/lib/lwip/src/core/tcp_in.c.obj
 .text.tcp_oos_insert_segment
                0x0000000010004d4c       0xe0 CMakeFiles/picow_udp_beacon_poll.dir/mnt/c/Users/mvppr/Desktop/Design/pico/pico-sdk/lib/lwip/src/core/tcp_in.c.obj
 .text.tcp_free_acked_segments.constprop.0
                0x0000000010004e2c       0xdc CMakeFiles/picow_udp_beacon_poll.dir/mnt/c/Users/mvppr/Desktop/Design/pico/pico-sdk/lib/lwip/src/core/tcp_in.c.obj
 .text.tcp_receive
                0x0000000010004f08      0xa4c CMakeFiles/picow_udp_beacon_poll.dir/mnt/c/Users/mvppr/Desktop/Design/pico/pico-sdk/lib/lwip/src/core/tcp_in.c.obj
 .text.tcp_input
                0x0000000010005954      0xda4 CMakeFiles/picow_udp_beacon_poll.dir/mnt/c/Users/mvppr/Desktop/Design/pico/pico-sdk/lib/lwip/src/core/tcp_in.c.obj
                0x0000000010005954                tcp_input
 .text.tcp_trigger_input_pcb_close
                0x00000000100066f8       0x10 CMakeFiles/picow_udp_beacon_poll.dir/mnt/c/Users/mvppr/Desktop/Design/pico/pico-sdk/lib/lwip/src/core/tcp_in.c.obj
                0x00000000100066f8                tcp_trigger_input_pcb_close
 .text.tcp_create_segment
                0x0000000010006708       0xf8 CMakeFiles/picow_udp_beacon_poll.dir/mnt/c/Users/mvppr/Desktop/Design/pico/pico-sdk/lib/lwip/src/core/tcp_out.c.obj
 .text.tcp_output_control_segment
                0x0000000010006800       0xc0 CMakeFiles/picow_udp_beacon_poll.dir/mnt/c/Users/mvppr/Desktop/Design/pico/pico-sdk/lib/lwip/src/core/tcp_out.c.obj
 .text.tcp_output_alloc_header.constprop.0
                0x00000000100068c0       0xcc CMakeFiles/picow_udp_beacon_poll.dir/mnt/c/Users/mvppr/Desktop/Design/pico/pico-sdk/lib/lwip/src/core/tcp_out.c.obj
 .text.tcp_split_unsent_seg
                0x000000001000698c      0x1c4 CMakeFiles/picow_udp_beacon_poll.dir/mnt/c/Users/mvppr/Desktop/Design/pico/pico-sdk/lib/lwip/src/core/tcp_out.c.obj
                0x000000001000698c                tcp_split_unsent_seg
 .text.tcp_send_fin
                0x0000000010006b50      0x12c CMakeFiles/picow_udp_beacon_poll.dir/mnt/c/Users/mvppr/Desktop/Design/pico/pico-sdk/lib/lwip/src/core/tcp_out.c.obj
                0x0000000010006b50                tcp_send_fin
 .text.tcp_enqueue_flags
                0x0000000010006c7c      0x124 CMakeFiles/picow_udp_beacon_poll.dir/mnt/c/Users/mvppr/Desktop/Design/pico/pico-sdk/lib/lwip/src/core/tcp_out.c.obj
                0x0000000010006c7c                tcp_enqueue_flags
 .text.tcp_rexmit_rto_prepare
                0x0000000010006da0       0x9c CMakeFiles/picow_udp_beacon_poll.dir/mnt/c/Users/mvppr/Desktop/Design/pico/pico-sdk/lib/lwip/src/core/tcp_out.c.obj
                0x0000000010006da0                tcp_rexmit_rto_prepare
 .text.tcp_rexmit
                0x0000000010006e3c       0x9c CMakeFiles/picow_udp_beacon_poll.dir/mnt/c/Users/mvppr/Desktop/Design/pico/pico-sdk/lib/lwip/src/core/tcp_out.c.obj
                0x0000000010006e3c                tcp_rexmit
 .text.tcp_rexmit_fast
                0x0000000010006ed8       0x64 CMakeFiles/picow_udp_beacon_poll.dir/mnt/c/Users/mvppr/Desktop/Design/pico/pico-sdk/lib/lwip/src/core/tcp_out.c.obj
                0x0000000010006ed8                tcp_rexmit_fast
 .text.tcp_rst  0x0000000010006f3c       0xe8 CMakeFiles/picow_udp_beacon_poll.dir/mnt/c/Users/mvppr/Desktop/Design/pico/pico-sdk/lib/lwip/src/core/tcp_out.c.obj
                0x0000000010006f3c                tcp_rst
 .text.tcp_rst_netif
                0x0000000010007024      0x130 CMakeFiles/picow_udp_beacon_poll.dir/mnt/c/Users/mvppr/Desktop/Design/pico/pico-sdk/lib/lwip/src/core/tcp_out.c.obj
                0x0000000010007024                tcp_rst_netif
 .text.tcp_send_empty_ack
                0x0000000010007154       0x54 CMakeFiles/picow_udp_beacon_poll.dir/mnt/c/Users/mvppr/Desktop/Design/pico/pico-sdk/lib/lwip/src/core/tcp_out.c.obj
                0x0000000010007154                tcp_send_empty_ack
 .text.tcp_output
                0x00000000100071a8      0x46c CMakeFiles/picow_udp_beacon_poll.dir/mnt/c/Users/mvppr/Desktop/Design/pico/pico-sdk/lib/lwip/src/core/tcp_out.c.obj
                0x00000000100071a8                tcp_output
 .text.tcp_rexmit_rto_commit
                0x0000000010007614       0x24 CMakeFiles/picow_udp_beacon_poll.dir/mnt/c/Users/mvppr/Desktop/Design/pico/pico-sdk/lib/lwip/src/core/tcp_out.c.obj
                0x0000000010007614                tcp_rexmit_rto_commit
 .text.tcp_rexmit_rto
                0x0000000010007638       0xa4 CMakeFiles/picow_udp_beacon_poll.dir/mnt/c/Users/mvppr/Desktop/Design/pico/pico-sdk/lib/lwip/src/core/tcp_out.c.obj
                0x0000000010007638                tcp_rexmit_rto
 .text.tcp_keepalive
                0x00000000100076dc       0xe0 CMakeFiles/picow_udp_beacon_poll.dir/mnt/c/Users/mvppr/Desktop/Design/pico/pico-sdk/lib/lwip/src/core/tcp_out.c.obj
                0x00000000100076dc                tcp_keepalive
 .text.tcp_zero_window_probe
                0x00000000100077bc      0x108 CMakeFiles/picow_udp_beacon_poll.dir/mnt/c/Users/mvppr/Desktop/Design/pico/pico-sdk/lib/lwip/src/core/tcp_out.c.obj
                0x00000000100077bc                tcp_zero_window_probe
 .text.sys_timeout_abs
                0x00000000100078c4       0x48 CMakeFiles/picow_udp_beacon_poll.dir/mnt/c/Users/mvppr/Desktop/Design/pico/pico-sdk/lib/lwip/src/core/timeouts.c.obj
 .text.lwip_cyclic_timer
                0x000000001000790c       0x38 CMakeFiles/picow_udp_beacon_poll.dir/mnt/c/Users/mvppr/Desktop/Design/pico/pico-sdk/lib/lwip/src/core/timeouts.c.obj
 .text.tcpip_tcp_timer
                0x0000000010007944       0x3c CMakeFiles/picow_udp_beacon_poll.dir/mnt/c/Users/mvppr/Desktop/Design/pico/pico-sdk/lib/lwip/src/core/timeouts.c.obj
 .text.tcp_timer_needed
                0x0000000010007980       0x40 CMakeFiles/picow_udp_beacon_poll.dir/mnt/c/Users/mvppr/Desktop/Design/pico/pico-sdk/lib/lwip/src/core/timeouts.c.obj
                0x0000000010007980                tcp_timer_needed
 .text.sys_timeouts_init
                0x00000000100079c0       0x90 CMakeFiles/picow_udp_beacon_poll.dir/mnt/c/Users/mvppr/Desktop/Design/pico/pico-sdk/lib/lwip/src/core/timeouts.c.obj
                0x00000000100079c0                sys_timeouts_init
 .text.sys_check_timeouts
                0x0000000010007a50       0x68 CMakeFiles/picow_udp_beacon_poll.dir/mnt/c/Users/mvppr/Desktop/Design/pico/pico-sdk/lib/lwip/src/core/timeouts.c.obj
                0x0000000010007a50                sys_check_timeouts
 .text.sys_timeouts_sleeptime
                0x0000000010007ab8       0x28 CMakeFiles/picow_udp_beacon_poll.dir/mnt/c/Users/mvppr/Desktop/Design/pico/pico-sdk/lib/lwip/src/core/timeouts.c.obj
                0x0000000010007ab8                sys_timeouts_sleeptime
 .text.udp_init
                0x0000000010007ae0       0x20 CMakeFiles/picow_udp_beacon_poll.dir/mnt/c/Users/mvppr/Desktop/Design/pico/pico-sdk/lib/lwip/src/core/udp.c.obj
                0x0000000010007ae0                udp_init
 .text.udp_input
                0x0000000010007b00      0x24c CMakeFiles/picow_udp_beacon_poll.dir/mnt/c/Users/mvppr/Desktop/Design/pico/pico-sdk/lib/lwip/src/core/udp.c.obj
                0x0000000010007b00                udp_input
 .text.udp_bind
                0x0000000010007d4c      0x10c CMakeFiles/picow_udp_beacon_poll.dir/mnt/c/Users/mvppr/Desktop/Design/pico/pico-sdk/lib/lwip/src/core/udp.c.obj
                0x0000000010007d4c                udp_bind
 .text.udp_sendto_if_src
                0x0000000010007e58      0x130 CMakeFiles/picow_udp_beacon_poll.dir/mnt/c/Users/mvppr/Desktop/Design/pico/pico-sdk/lib/lwip/src/core/udp.c.obj
                0x0000000010007e58                udp_sendto_if_src
 .text.udp_sendto_if
                0x0000000010007f88       0x48 CMakeFiles/picow_udp_beacon_poll.dir/mnt/c/Users/mvppr/Desktop/Design/pico/pico-sdk/lib/lwip/src/core/udp.c.obj
                0x0000000010007f88                udp_sendto_if
 .text.udp_sendto
                0x0000000010007fd0       0x7c CMakeFiles/picow_udp_beacon_poll.dir/mnt/c/Users/mvppr/Desktop/Design/pico/pico-sdk/lib/lwip/src/core/udp.c.obj
                0x0000000010007fd0                udp_sendto
 .text.udp_connect
                0x000000001000804c       0x64 CMakeFiles/picow_udp_beacon_poll.dir/mnt/c/Users/mvppr/Desktop/Design/pico/pico-sdk/lib/lwip/src/core/udp.c.obj
                0x000000001000804c                udp_connect
 .text.udp_recv
                0x00000000100080b0        0xc CMakeFiles/picow_udp_beacon_poll.dir/mnt/c/Users/mvppr/Desktop/Design/pico/pico-sdk/lib/lwip/src/core/udp.c.obj
                0x00000000100080b0                udp_recv
 .text.udp_remove
                0x00000000100080bc       0x3c CMakeFiles/picow_udp_beacon_poll.dir/mnt/c/Users/mvppr/Desktop/Design/pico/pico-sdk/lib/lwip/src/core/udp.c.obj
                0x00000000100080bc                udp_remove
 .text.udp_new  0x00000000100080f8       0x1c CMakeFiles/picow_udp_beacon_poll.dir/mnt/c/Users/mvppr/Desktop/Design/pico/pico-sdk/lib/lwip/src/core/udp.c.obj
                0x00000000100080f8                udp_new
 .text.udp_netif_ip_addr_changed
                0x0000000010008114       0x40 CMakeFiles/picow_udp_beacon_poll.dir/mnt/c/Users/mvppr/Desktop/Design/pico/pico-sdk/lib/lwip/src/core/udp.c.obj
                0x0000000010008114                udp_netif_ip_addr_changed
 .text.dhcp_create_msg
                0x0000000010008154      0x16c CMakeFiles/picow_udp_beacon_poll.dir/mnt/c/Users/mvppr/Desktop/Design/pico/pico-sdk/lib/lwip/src/core/ipv4/dhcp.c.obj
 .text.dhcp_inc_pcb_refcount
                0x00000000100082c0       0x6c CMakeFiles/picow_udp_beacon_poll.dir/mnt/c/Users/mvppr/Desktop/Design/pico/pico-sdk/lib/lwip/src/core/ipv4/dhcp.c.obj
 .text.dhcp_bind
                0x000000001000832c      0x140 CMakeFiles/picow_udp_beacon_poll.dir/mnt/c/Users/mvppr/Desktop/Design/pico/pico-sdk/lib/lwip/src/core/ipv4/dhcp.c.obj
 .text.dhcp_option_hostname.isra.0
                0x000000001000846c       0x8c CMakeFiles/picow_udp_beacon_poll.dir/mnt/c/Users/mvppr/Desktop/Design/pico/pico-sdk/lib/lwip/src/core/ipv4/dhcp.c.obj
 .text.dhcp_handle_ack.isra.0
                0x00000000100084f8       0xcc CMakeFiles/picow_udp_beacon_poll.dir/mnt/c/Users/mvppr/Desktop/Design/pico/pico-sdk/lib/lwip/src/core/ipv4/dhcp.c.obj
 .text.dhcp_reboot.isra.0
                0x00000000100085c4      0x1e4 CMakeFiles/picow_udp_beacon_poll.dir/mnt/c/Users/mvppr/Desktop/Design/pico/pico-sdk/lib/lwip/src/core/ipv4/dhcp.c.obj
 .text.dhcp_discover
                0x00000000100087a8      0x198 CMakeFiles/picow_udp_beacon_poll.dir/mnt/c/Users/mvppr/Desktop/Design/pico/pico-sdk/lib/lwip/src/core/ipv4/dhcp.c.obj
 .text.dhcp_select.isra.0
                0x0000000010008940      0x268 CMakeFiles/picow_udp_beacon_poll.dir/mnt/c/Users/mvppr/Desktop/Design/pico/pico-sdk/lib/lwip/src/core/ipv4/dhcp.c.obj
 .text.dhcp_recv
                0x0000000010008ba8      0x494 CMakeFiles/picow_udp_beacon_poll.dir/mnt/c/Users/mvppr/Desktop/Design/pico/pico-sdk/lib/lwip/src/core/ipv4/dhcp.c.obj
 .text.dhcp_set_struct
                0x000000001000903c       0x44 CMakeFiles/picow_udp_beacon_poll.dir/mnt/c/Users/mvppr/Desktop/Design/pico/pico-sdk/lib/lwip/src/core/ipv4/dhcp.c.obj
                0x000000001000903c                dhcp_set_struct
 .text.dhcp_network_changed_link_up
                0x0000000010009080       0x40 CMakeFiles/picow_udp_beacon_poll.dir/mnt/c/Users/mvppr/Desktop/Design/pico/pico-sdk/lib/lwip/src/core/ipv4/dhcp.c.obj
                0x0000000010009080                dhcp_network_changed_link_up
 .text.dhcp_renew
                0x00000000100090c0      0x1b8 CMakeFiles/picow_udp_beacon_poll.dir/mnt/c/Users/mvppr/Desktop/Design/pico/pico-sdk/lib/lwip/src/core/ipv4/dhcp.c.obj
                0x00000000100090c0                dhcp_renew
 .text.dhcp_release_and_stop
                0x0000000010009278      0x180 CMakeFiles/picow_udp_beacon_poll.dir/mnt/c/Users/mvppr/Desktop/Design/pico/pico-sdk/lib/lwip/src/core/ipv4/dhcp.c.obj
                0x0000000010009278                dhcp_release_and_stop
 .text.dhcp_start
                0x00000000100093f8       0xb0 CMakeFiles/picow_udp_beacon_poll.dir/mnt/c/Users/mvppr/Desktop/Design/pico/pico-sdk/lib/lwip/src/core/ipv4/dhcp.c.obj
                0x00000000100093f8                dhcp_start
 .text.dhcp_coarse_tmr
                0x00000000100094a8      0x238 CMakeFiles/picow_udp_beacon_poll.dir/mnt/c/Users/mvppr/Desktop/Design/pico/pico-sdk/lib/lwip/src/core/ipv4/dhcp.c.obj
                0x00000000100094a8                dhcp_coarse_tmr
 .text.dhcp_fine_tmr
                0x00000000100096e0       0x78 CMakeFiles/picow_udp_beacon_poll.dir/mnt/c/Users/mvppr/Desktop/Design/pico/pico-sdk/lib/lwip/src/core/ipv4/dhcp.c.obj
                0x00000000100096e0                dhcp_fine_tmr
 .text.dhcp_stop
                0x0000000010009758      0x180 CMakeFiles/picow_udp_beacon_poll.dir/mnt/c/Users/mvppr/Desktop/Design/pico/pico-sdk/lib/lwip/src/core/ipv4/dhcp.c.obj
                0x0000000010009758                dhcp_stop
 .text.etharp_find_entry
                0x00000000100098d8     0x1fbc CMakeFiles/picow_udp_beacon_poll.dir/mnt/c/Users/mvppr/Desktop/Design/pico/pico-sdk/lib/lwip/src/core/ipv4/etharp.c.obj
 .text.etharp_raw
                0x000000001000b894       0xec CMakeFiles/picow_udp_beacon_poll.dir/mnt/c/Users/mvppr/Desktop/Design/pico/pico-sdk/lib/lwip/src/core/ipv4/etharp.c.obj
 .text.etharp_output_to_arp_index
                0x000000001000b980       0xe4 CMakeFiles/picow_udp_beacon_poll.dir/mnt/c/Users/mvppr/Desktop/Design/pico/pico-sdk/lib/lwip/src/core/ipv4/etharp.c.obj
 .text.etharp_tmr
                0x000000001000ba64       0x94 CMakeFiles/picow_udp_beacon_poll.dir/mnt/c/Users/mvppr/Desktop/Design/pico/pico-sdk/lib/lwip/src/core/ipv4/etharp.c.obj
                0x000000001000ba64                etharp_tmr
 .text.etharp_cleanup_netif
                0x000000001000baf8      0x188 CMakeFiles/picow_udp_beacon_poll.dir/mnt/c/Users/mvppr/Desktop/Design/pico/pico-sdk/lib/lwip/src/core/ipv4/etharp.c.obj
                0x000000001000baf8                etharp_cleanup_netif
 .text.etharp_input
                0x000000001000bc80      0x1b0 CMakeFiles/picow_udp_beacon_poll.dir/mnt/c/Users/mvppr/Desktop/Design/pico/pico-sdk/lib/lwip/src/core/ipv4/etharp.c.obj
                0x000000001000bc80                etharp_input
 .text.etharp_query
                0x000000001000be30      0x1c0 CMakeFiles/picow_udp_beacon_poll.dir/mnt/c/Users/mvppr/Desktop/Design/pico/pico-sdk/lib/lwip/src/core/ipv4/etharp.c.obj
                0x000000001000be30                etharp_query
 .text.etharp_output
                0x000000001000bff0      0x24c CMakeFiles/picow_udp_beacon_poll.dir/mnt/c/Users/mvppr/Desktop/Design/pico/pico-sdk/lib/lwip/src/core/ipv4/etharp.c.obj
                0x000000001000bff0                etharp_output
 .text.etharp_request
                0x000000001000c23c       0x2c CMakeFiles/picow_udp_beacon_poll.dir/mnt/c/Users/mvppr/Desktop/Design/pico/pico-sdk/lib/lwip/src/core/ipv4/etharp.c.obj
                0x000000001000c23c                etharp_request
 .text.icmp_input
                0x000000001000c268      0x1e8 CMakeFiles/picow_udp_beacon_poll.dir/mnt/c/Users/mvppr/Desktop/Design/pico/pico-sdk/lib/lwip/src/core/ipv4/icmp.c.obj
                0x000000001000c268                icmp_input
 .text.icmp_dest_unreach
                0x000000001000c450       0xd0 CMakeFiles/picow_udp_beacon_poll.dir/mnt/c/Users/mvppr/Desktop/Design/pico/pico-sdk/lib/lwip/src/core/ipv4/icmp.c.obj
                0x000000001000c450                icmp_dest_unreach
 .text.icmp_time_exceeded
                0x000000001000c520       0xd0 CMakeFiles/picow_udp_beacon_poll.dir/mnt/c/Users/mvppr/Desktop/Design/pico/pico-sdk/lib/lwip/src/core/ipv4/icmp.c.obj
                0x000000001000c520                icmp_time_exceeded
 .text.ip_reass_free_complete_datagram
                0x000000001000c5f0      0x114 CMakeFiles/picow_udp_beacon_poll.dir/mnt/c/Users/mvppr/Desktop/Design/pico/pico-sdk/lib/lwip/src/core/ipv4/ip4_frag.c.obj
 .text.ip_reass_remove_oldest_datagram
                0x000000001000c704       0xd8 CMakeFiles/picow_udp_beacon_poll.dir/mnt/c/Users/mvppr/Desktop/Design/pico/pico-sdk/lib/lwip/src/core/ipv4/ip4_frag.c.obj
 .text.ip_reass_tmr
                0x000000001000c7dc       0x38 CMakeFiles/picow_udp_beacon_poll.dir/mnt/c/Users/mvppr/Desktop/Design/pico/pico-sdk/lib/lwip/src/core/ipv4/ip4_frag.c.obj
                0x000000001000c7dc                ip_reass_tmr
 .text.ip4_reass
                0x000000001000c814      0x534 CMakeFiles/picow_udp_beacon_poll.dir/mnt/c/Users/mvppr/Desktop/Design/pico/pico-sdk/lib/lwip/src/core/ipv4/ip4_frag.c.obj
                0x000000001000c814                ip4_reass
 .text.ip4_frag
                0x000000001000cd48      0x17c CMakeFiles/picow_udp_beacon_poll.dir/mnt/c/Users/mvppr/Desktop/Design/pico/pico-sdk/lib/lwip/src/core/ipv4/ip4_frag.c.obj
                0x000000001000cd48                ip4_frag
 .text.ip4_route
                0x000000001000cec4       0x7c CMakeFiles/picow_udp_beacon_poll.dir/mnt/c/Users/mvppr/Desktop/Design/pico/pico-sdk/lib/lwip/src/core/ipv4/ip4.c.obj
                0x000000001000cec4                ip4_route
 .text.ip4_input
                0x000000001000cf40      0x2cc CMakeFiles/picow_udp_beacon_poll.dir/mnt/c/Users/mvppr/Desktop/Design/pico/pico-sdk/lib/lwip/src/core/ipv4/ip4.c.obj
                0x000000001000cf40                ip4_input
 .text.ip4_output_if
                0x000000001000d20c      0x190 CMakeFiles/picow_udp_beacon_poll.dir/mnt/c/Users/mvppr/Desktop/Design/pico/pico-sdk/lib/lwip/src/core/ipv4/ip4.c.obj
                0x000000001000d20c                ip4_output_if
 .text.ip4_output_if_src
                0x000000001000d39c      0x17c CMakeFiles/picow_udp_beacon_poll.dir/mnt/c/Users/mvppr/Desktop/Design/pico/pico-sdk/lib/lwip/src/core/ipv4/ip4.c.obj
                0x000000001000d39c                ip4_output_if_src
 .text.ip4_addr_isbroadcast_u32
                0x000000001000d518       0x3c CMakeFiles/picow_udp_beacon_poll.dir/mnt/c/Users/mvppr/Desktop/Design/pico/pico-sdk/lib/lwip/src/core/ipv4/ip4_addr.c.obj
                0x000000001000d518                ip4_addr_isbroadcast_u32
 .text.ip4addr_aton
                0x000000001000d554      0x188 CMakeFiles/picow_udp_beacon_poll.dir/mnt/c/Users/mvppr/Desktop/Design/pico/pico-sdk/lib/lwip/src/core/ipv4/ip4_addr.c.obj
                0x000000001000d554                ip4addr_aton
 .text.ethernet_input
                0x000000001000d6dc       0xd0 CMakeFiles/picow_udp_beacon_poll.dir/mnt/c/Users/mvppr/Desktop/Design/pico/pico-sdk/lib/lwip/src/netif/ethernet.c.obj
                0x000000001000d6dc                ethernet_input
 .text.ethernet_output
                0x000000001000d7ac       0x6c CMakeFiles/picow_udp_beacon_poll.dir/mnt/c/Users/mvppr/Desktop/Design/pico/pico-sdk/lib/lwip/src/netif/ethernet.c.obj
                0x000000001000d7ac                ethernet_output
 .text.cyw43_arch_wifi_connect_bssid_until.part.0
                0x000000001000d818       0xd8 CMakeFiles/picow_udp_beacon_poll.dir/mnt/c/Users/mvppr/Desktop/Design/pico/pico-sdk/src/rp2_common/pico_cyw43_arch/cyw43_arch.c.obj
 .text.cyw43_arch_set_async_context
                0x000000001000d8f0        0xc CMakeFiles/picow_udp_beacon_poll.dir/mnt/c/Users/mvppr/Desktop/Design/pico/pico-sdk/src/rp2_common/pico_cyw43_arch/cyw43_arch.c.obj
                0x000000001000d8f0                cyw43_arch_set_async_context
 .text.cyw43_arch_enable_sta_mode
                0x000000001000d8fc       0x1c CMakeFiles/picow_udp_beacon_poll.dir/mnt/c/Users/mvppr/Desktop/Design/pico/pico-sdk/src/rp2_common/pico_cyw43_arch/cyw43_arch.c.obj
                0x000000001000d8fc                cyw43_arch_enable_sta_mode
 .text.cyw43_arch_wifi_connect_timeout_ms
                0x000000001000d918       0x9c CMakeFiles/picow_udp_beacon_poll.dir/mnt/c/Users/mvppr/Desktop/Design/pico/pico-sdk/src/rp2_common/pico_cyw43_arch/cyw43_arch.c.obj
                0x000000001000d918                cyw43_arch_wifi_connect_timeout_ms
 .text.cyw43_arch_async_context
                0x000000001000d9b4        0xc CMakeFiles/picow_udp_beacon_poll.dir/mnt/c/Users/mvppr/Desktop/Design/pico/pico-sdk/src/rp2_common/pico_cyw43_arch/cyw43_arch.c.obj
                0x000000001000d9b4                cyw43_arch_async_context
 .text.cyw43_arch_poll
                0x000000001000d9c0       0x18 CMakeFiles/picow_udp_beacon_poll.dir/mnt/c/Users/mvppr/Desktop/Design/pico/pico-sdk/src/rp2_common/pico_cyw43_arch/cyw43_arch.c.obj
                0x000000001000d9c0                cyw43_arch_poll
 .text.cyw43_arch_init
                0x000000001000d9d8       0x68 CMakeFiles/picow_udp_beacon_poll.dir/mnt/c/Users/mvppr/Desktop/Design/pico/pico-sdk/src/rp2_common/pico_cyw43_arch/cyw43_arch_poll.c.obj
                0x000000001000d9d8                cyw43_arch_init
 .text.ns_delay.constprop.0
                0x000000001000da40       0x20 CMakeFiles/picow_udp_beacon_poll.dir/mnt/c/Users/mvppr/Desktop/Design/pico/pico-sdk/src/rp2_common/pico_cyw43_driver/cyw43_bus_pio_spi.c.obj
 .text.cyw43_spi_deinit
                0x000000001000da60       0x7c CMakeFiles/picow_udp_beacon_poll.dir/mnt/c/Users/mvppr/Desktop/Design/pico/pico-sdk/src/rp2_common/pico_cyw43_driver/cyw43_bus_pio_spi.c.obj
                0x000000001000da60                cyw43_spi_deinit
 .text.cyw43_spi_init
                0x000000001000dadc      0x154 CMakeFiles/picow_udp_beacon_poll.dir/mnt/c/Users/mvppr/Desktop/Design/pico/pico-sdk/src/rp2_common/pico_cyw43_driver/cyw43_bus_pio_spi.c.obj
                0x000000001000dadc                cyw43_spi_init
 .text.cyw43_spi_transfer
                0x000000001000dc30      0x430 CMakeFiles/picow_udp_beacon_poll.dir/mnt/c/Users/mvppr/Desktop/Design/pico/pico-sdk/src/rp2_common/pico_cyw43_driver/cyw43_bus_pio_spi.c.obj
                0x000000001000dc30                cyw43_spi_transfer
 .text.cyw43_spi_gpio_setup
                0x000000001000e060       0x3c CMakeFiles/picow_udp_beacon_poll.dir/mnt/c/Users/mvppr/Desktop/Design/pico/pico-sdk/src/rp2_common/pico_cyw43_driver/cyw43_bus_pio_spi.c.obj
                0x000000001000e060                cyw43_spi_gpio_setup
 .text.cyw43_spi_reset
                0x000000001000e09c       0x28 CMakeFiles/picow_udp_beacon_poll.dir/mnt/c/Users/mvppr/Desktop/Design/pico/pico-sdk/src/rp2_common/pico_cyw43_driver/cyw43_bus_pio_spi.c.obj
                0x000000001000e09c                cyw43_spi_reset
 .text.read_reg_u32_swap
                0x000000001000e0c4       0x3c CMakeFiles/picow_udp_beacon_poll.dir/mnt/c/Users/mvppr/Desktop/Design/pico/pico-sdk/src/rp2_common/pico_cyw43_driver/cyw43_bus_pio_spi.c.obj
                0x000000001000e0c4                read_reg_u32_swap
 .text.cyw43_read_reg_u32
                0x000000001000e100       0x6c CMakeFiles/picow_udp_beacon_poll.dir/mnt/c/Users/mvppr/Desktop/Design/pico/pico-sdk/src/rp2_common/pico_cyw43_driver/cyw43_bus_pio_spi.c.obj
                0x000000001000e100                cyw43_read_reg_u32
 .text.cyw43_read_reg_u16
                0x000000001000e16c       0x6c CMakeFiles/picow_udp_beacon_poll.dir/mnt/c/Users/mvppr/Desktop/Design/pico/pico-sdk/src/rp2_common/pico_cyw43_driver/cyw43_bus_pio_spi.c.obj
                0x000000001000e16c                cyw43_read_reg_u16
 .text.cyw43_read_reg_u8
                0x000000001000e1d8       0x6c CMakeFiles/picow_udp_beacon_poll.dir/mnt/c/Users/mvppr/Desktop/Design/pico/pico-sdk/src/rp2_common/pico_cyw43_driver/cyw43_bus_pio_spi.c.obj
                0x000000001000e1d8                cyw43_read_reg_u8
 .text.write_reg_u32_swap
                0x000000001000e244      0x1e0 CMakeFiles/picow_udp_beacon_poll.dir/mnt/c/Users/mvppr/Desktop/Design/pico/pico-sdk/src/rp2_common/pico_cyw43_driver/cyw43_bus_pio_spi.c.obj
                0x000000001000e244                write_reg_u32_swap
 .text.cyw43_write_reg_u32
                0x000000001000e424      0x200 CMakeFiles/picow_udp_beacon_poll.dir/mnt/c/Users/mvppr/Desktop/Design/pico/pico-sdk/src/rp2_common/pico_cyw43_driver/cyw43_bus_pio_spi.c.obj
                0x000000001000e424                cyw43_write_reg_u32
 .text.cyw43_write_reg_u16
                0x000000001000e624      0x200 CMakeFiles/picow_udp_beacon_poll.dir/mnt/c/Users/mvppr/Desktop/Design/pico/pico-sdk/src/rp2_common/pico_cyw43_driver/cyw43_bus_pio_spi.c.obj
                0x000000001000e624                cyw43_write_reg_u16
 .text.cyw43_write_reg_u8
                0x000000001000e824      0x200 CMakeFiles/picow_udp_beacon_poll.dir/mnt/c/Users/mvppr/Desktop/Design/pico/pico-sdk/src/rp2_common/pico_cyw43_driver/cyw43_bus_pio_spi.c.obj
                0x000000001000e824                cyw43_write_reg_u8
 .text.cyw43_read_bytes
                0x000000001000ea24       0x78 CMakeFiles/picow_udp_beacon_poll.dir/mnt/c/Users/mvppr/Desktop/Design/pico/pico-sdk/src/rp2_common/pico_cyw43_driver/cyw43_bus_pio_spi.c.obj
                0x000000001000ea24                cyw43_read_bytes
 .text.cyw43_write_bytes
                0x000000001000ea9c       0xec CMakeFiles/picow_udp_beacon_poll.dir/mnt/c/Users/mvppr/Desktop/Design/pico/pico-sdk/src/rp2_common/pico_cyw43_driver/cyw43_bus_pio_spi.c.obj
                0x000000001000ea9c                cyw43_write_bytes
 .text.cyw43_set_backplane_window
                0x000000001000eb88       0x64 CMakeFiles/picow_udp_beacon_poll.dir/mnt/c/Users/mvppr/Desktop/Design/pico/pico-sdk/lib/cyw43-driver/src/cyw43_ll.c.obj
 .text.cyw43_ll_parse_async_event
                0x000000001000ebec      0x13c CMakeFiles/picow_udp_beacon_poll.dir/mnt/c/Users/mvppr/Desktop/Design/pico/pico-sdk/lib/cyw43-driver/src/cyw43_ll.c.obj
 .text.cyw43_kso_set
                0x000000001000ed28       0xa0 CMakeFiles/picow_udp_beacon_poll.dir/mnt/c/Users/mvppr/Desktop/Design/pico/pico-sdk/lib/cyw43-driver/src/cyw43_ll.c.obj
 .text.cyw43_ll_sdpcm_poll_device
                0x000000001000edc8      0x238 CMakeFiles/picow_udp_beacon_poll.dir/mnt/c/Users/mvppr/Desktop/Design/pico/pico-sdk/lib/cyw43-driver/src/cyw43_ll.c.obj
 .text.cyw43_sdpcm_send_common
                0x000000001000f000       0xf0 CMakeFiles/picow_udp_beacon_poll.dir/mnt/c/Users/mvppr/Desktop/Design/pico/pico-sdk/lib/cyw43-driver/src/cyw43_ll.c.obj
 .text.cyw43_do_ioctl
                0x000000001000f0f0      0x110 CMakeFiles/picow_udp_beacon_poll.dir/mnt/c/Users/mvppr/Desktop/Design/pico/pico-sdk/lib/cyw43-driver/src/cyw43_ll.c.obj
 .text.cyw43_do_ioctl.constprop.0
                0x000000001000f200      0x108 CMakeFiles/picow_udp_beacon_poll.dir/mnt/c/Users/mvppr/Desktop/Design/pico/pico-sdk/lib/cyw43-driver/src/cyw43_ll.c.obj
 .text.cyw43_read_backplane.constprop.0
                0x000000001000f308       0xdc CMakeFiles/picow_udp_beacon_poll.dir/mnt/c/Users/mvppr/Desktop/Design/pico/pico-sdk/lib/cyw43-driver/src/cyw43_ll.c.obj
 .text.reset_device_core.constprop.0
                0x000000001000f3e4      0x3f0 CMakeFiles/picow_udp_beacon_poll.dir/mnt/c/Users/mvppr/Desktop/Design/pico/pico-sdk/lib/cyw43-driver/src/cyw43_ll.c.obj
 .text.cyw43_ll_init
                0x000000001000f7d4       0x1c CMakeFiles/picow_udp_beacon_poll.dir/mnt/c/Users/mvppr/Desktop/Design/pico/pico-sdk/lib/cyw43-driver/src/cyw43_ll.c.obj
                0x000000001000f7d4                cyw43_ll_init
 .text.cyw43_ll_deinit
                0x000000001000f7f0        0x8 CMakeFiles/picow_udp_beacon_poll.dir/mnt/c/Users/mvppr/Desktop/Design/pico/pico-sdk/lib/cyw43-driver/src/cyw43_ll.c.obj
                0x000000001000f7f0                cyw43_ll_deinit
 .text.cyw43_ll_send_ethernet
                0x000000001000f7f8       0x60 CMakeFiles/picow_udp_beacon_poll.dir/mnt/c/Users/mvppr/Desktop/Design/pico/pico-sdk/lib/cyw43-driver/src/cyw43_ll.c.obj
                0x000000001000f7f8                cyw43_ll_send_ethernet
 .text.cyw43_ll_process_packets
                0x000000001000f858       0x54 CMakeFiles/picow_udp_beacon_poll.dir/mnt/c/Users/mvppr/Desktop/Design/pico/pico-sdk/lib/cyw43-driver/src/cyw43_ll.c.obj
                0x000000001000f858                cyw43_ll_process_packets
 .text.cyw43_ll_ioctl
                0x000000001000f8ac       0x20 CMakeFiles/picow_udp_beacon_poll.dir/mnt/c/Users/mvppr/Desktop/Design/pico/pico-sdk/lib/cyw43-driver/src/cyw43_ll.c.obj
                0x000000001000f8ac                cyw43_ll_ioctl
 .text.cyw43_ll_bus_sleep
                0x000000001000f8cc       0x34 CMakeFiles/picow_udp_beacon_poll.dir/mnt/c/Users/mvppr/Desktop/Design/pico/pico-sdk/lib/cyw43-driver/src/cyw43_ll.c.obj
                0x000000001000f8cc                cyw43_ll_bus_sleep
 .text.cyw43_ll_bus_init
                0x000000001000f900      0xbf0 CMakeFiles/picow_udp_beacon_poll.dir/mnt/c/Users/mvppr/Desktop/Design/pico/pico-sdk/lib/cyw43-driver/src/cyw43_ll.c.obj
                0x000000001000f900                cyw43_ll_bus_init
 .text.cyw43_ll_wifi_on
                0x00000000100104f0      0x240 CMakeFiles/picow_udp_beacon_poll.dir/mnt/c/Users/mvppr/Desktop/Design/pico/pico-sdk/lib/cyw43-driver/src/cyw43_ll.c.obj
                0x00000000100104f0                cyw43_ll_wifi_on
 .text.cyw43_ll_wifi_get_mac
                0x0000000010010730       0x44 CMakeFiles/picow_udp_beacon_poll.dir/mnt/c/Users/mvppr/Desktop/Design/pico/pico-sdk/lib/cyw43-driver/src/cyw43_ll.c.obj
                0x0000000010010730                cyw43_ll_wifi_get_mac
 .text.cyw43_ll_wifi_pm
                0x0000000010010774      0x194 CMakeFiles/picow_udp_beacon_poll.dir/mnt/c/Users/mvppr/Desktop/Design/pico/pico-sdk/lib/cyw43-driver/src/cyw43_ll.c.obj
                0x0000000010010774                cyw43_ll_wifi_pm
 .text.cyw43_ll_wifi_join
                0x0000000010010908      0x310 CMakeFiles/picow_udp_beacon_poll.dir/mnt/c/Users/mvppr/Desktop/Design/pico/pico-sdk/lib/cyw43-driver/src/cyw43_ll.c.obj
                0x0000000010010908                cyw43_ll_wifi_join
 .text.cyw43_ll_wifi_set_wpa_auth
                0x0000000010010c18       0x2c CMakeFiles/picow_udp_beacon_poll.dir/mnt/c/Users/mvppr/Desktop/Design/pico/pico-sdk/lib/cyw43-driver/src/cyw43_ll.c.obj
                0x0000000010010c18                cyw43_ll_wifi_set_wpa_auth
 .text.cyw43_ll_wifi_rejoin
                0x0000000010010c44       0x1c CMakeFiles/picow_udp_beacon_poll.dir/mnt/c/Users/mvppr/Desktop/Design/pico/pico-sdk/lib/cyw43-driver/src/cyw43_ll.c.obj
                0x0000000010010c44                cyw43_ll_wifi_rejoin
 .text.cyw43_ll_wifi_ap_init
                0x0000000010010c60      0x2c4 CMakeFiles/picow_udp_beacon_poll.dir/mnt/c/Users/mvppr/Desktop/Design/pico/pico-sdk/lib/cyw43-driver/src/cyw43_ll.c.obj
                0x0000000010010c60                cyw43_ll_wifi_ap_init
 .text.cyw43_ll_wifi_ap_set_up
                0x0000000010010f24       0x54 CMakeFiles/picow_udp_beacon_poll.dir/mnt/c/Users/mvppr/Desktop/Design/pico/pico-sdk/lib/cyw43-driver/src/cyw43_ll.c.obj
                0x0000000010010f24                cyw43_ll_wifi_ap_set_up
 .text.cyw43_ll_has_work
                0x0000000010010f78       0x14 CMakeFiles/picow_udp_beacon_poll.dir/mnt/c/Users/mvppr/Desktop/Design/pico/pico-sdk/lib/cyw43-driver/src/cyw43_ll.c.obj
                0x0000000010010f78                cyw43_ll_has_work
 .text.cyw43_netif_init
                0x0000000010010f8c       0x3c CMakeFiles/picow_udp_beacon_poll.dir/mnt/c/Users/mvppr/Desktop/Design/pico/pico-sdk/lib/cyw43-driver/src/cyw43_lwip.c.obj
 .text.cyw43_netif_output
                0x0000000010010fc8       0x34 CMakeFiles/picow_udp_beacon_poll.dir/mnt/c/Users/mvppr/Desktop/Design/pico/pico-sdk/lib/cyw43-driver/src/cyw43_lwip.c.obj
 .text.cyw43_cb_tcpip_init
                0x0000000010010ffc       0xfc CMakeFiles/picow_udp_beacon_poll.dir/mnt/c/Users/mvppr/Desktop/Design/pico/pico-sdk/lib/cyw43-driver/src/cyw43_lwip.c.obj
                0x0000000010010ffc                cyw43_cb_tcpip_init
 .text.cyw43_cb_tcpip_deinit
                0x00000000100110f8       0x4c CMakeFiles/picow_udp_beacon_poll.dir/mnt/c/Users/mvppr/Desktop/Design/pico/pico-sdk/lib/cyw43-driver/src/cyw43_lwip.c.obj
                0x00000000100110f8                cyw43_cb_tcpip_deinit
 .text.cyw43_cb_process_ethernet
                0x0000000010011144       0x68 CMakeFiles/picow_udp_beacon_poll.dir/mnt/c/Users/mvppr/Desktop/Design/pico/pico-sdk/lib/cyw43-driver/src/cyw43_lwip.c.obj
                0x0000000010011144                cyw43_cb_process_ethernet
 .text.cyw43_cb_tcpip_set_link_up
                0x00000000100111ac       0x18 CMakeFiles/picow_udp_beacon_poll.dir/mnt/c/Users/mvppr/Desktop/Design/pico/pico-sdk/lib/cyw43-driver/src/cyw43_lwip.c.obj
                0x00000000100111ac                cyw43_cb_tcpip_set_link_up
 .text.cyw43_cb_tcpip_set_link_down
                0x00000000100111c4       0x18 CMakeFiles/picow_udp_beacon_poll.dir/mnt/c/Users/mvppr/Desktop/Design/pico/pico-sdk/lib/cyw43-driver/src/cyw43_lwip.c.obj
                0x00000000100111c4                cyw43_cb_tcpip_set_link_down
 .text.cyw43_tcpip_link_status
                0x00000000100111dc       0x34 CMakeFiles/picow_udp_beacon_poll.dir/mnt/c/Users/mvppr/Desktop/Design/pico/pico-sdk/lib/cyw43-driver/src/cyw43_lwip.c.obj
                0x00000000100111dc                cyw43_tcpip_link_status
 .text.cyw43_poll_func
                0x0000000010011210       0xc0 CMakeFiles/picow_udp_beacon_poll.dir/mnt/c/Users/mvppr/Desktop/Design/pico/pico-sdk/lib/cyw43-driver/src/cyw43_ctrl.c.obj
 .text.cyw43_init
                0x00000000100112d0       0x6c CMakeFiles/picow_udp_beacon_poll.dir/mnt/c/Users/mvppr/Desktop/Design/pico/pico-sdk/lib/cyw43-driver/src/cyw43_ctrl.c.obj
                0x00000000100112d0                cyw43_init
 .text.cyw43_deinit
                0x000000001001133c       0x90 CMakeFiles/picow_udp_beacon_poll.dir/mnt/c/Users/mvppr/Desktop/Design/pico/pico-sdk/lib/cyw43-driver/src/cyw43_ctrl.c.obj
                0x000000001001133c                cyw43_deinit
 .text.cyw43_cb_read_host_interrupt_pin
                0x00000000100113cc        0xc CMakeFiles/picow_udp_beacon_poll.dir/mnt/c/Users/mvppr/Desktop/Design/pico/pico-sdk/lib/cyw43-driver/src/cyw43_ctrl.c.obj
                0x00000000100113cc                cyw43_cb_read_host_interrupt_pin
 .text.cyw43_cb_ensure_awake
                0x00000000100113d8        0xc CMakeFiles/picow_udp_beacon_poll.dir/mnt/c/Users/mvppr/Desktop/Design/pico/pico-sdk/lib/cyw43-driver/src/cyw43_ctrl.c.obj
                0x00000000100113d8                cyw43_cb_ensure_awake
 .text.cyw43_cb_process_async_event
                0x00000000100113e4      0x228 CMakeFiles/picow_udp_beacon_poll.dir/mnt/c/Users/mvppr/Desktop/Design/pico/pico-sdk/lib/cyw43-driver/src/cyw43_ctrl.c.obj
                0x00000000100113e4                cyw43_cb_process_async_event
 .text.cyw43_send_ethernet
                0x000000001001160c       0xc0 CMakeFiles/picow_udp_beacon_poll.dir/mnt/c/Users/mvppr/Desktop/Design/pico/pico-sdk/lib/cyw43-driver/src/cyw43_ctrl.c.obj
                0x000000001001160c                cyw43_send_ethernet
 .text.cyw43_wifi_get_mac
                0x00000000100116cc       0x10 CMakeFiles/picow_udp_beacon_poll.dir/mnt/c/Users/mvppr/Desktop/Design/pico/pico-sdk/lib/cyw43-driver/src/cyw43_ctrl.c.obj
                0x00000000100116cc                cyw43_wifi_get_mac
 .text.cyw43_wifi_set_up
                0x00000000100116dc      0x308 CMakeFiles/picow_udp_beacon_poll.dir/mnt/c/Users/mvppr/Desktop/Design/pico/pico-sdk/lib/cyw43-driver/src/cyw43_ctrl.c.obj
                0x00000000100116dc                cyw43_wifi_set_up
 .text.cyw43_wifi_link_status
                0x00000000100119e4       0x3c CMakeFiles/picow_udp_beacon_poll.dir/mnt/c/Users/mvppr/Desktop/Design/pico/pico-sdk/lib/cyw43-driver/src/cyw43_ctrl.c.obj
                0x00000000100119e4                cyw43_wifi_link_status
 .text.cyw43_wifi_join
                0x0000000010011a20       0xf4 CMakeFiles/picow_udp_beacon_poll.dir/mnt/c/Users/mvppr/Desktop/Design/pico/pico-sdk/lib/cyw43-driver/src/cyw43_ctrl.c.obj
                0x0000000010011a20                cyw43_wifi_join
 .text.pio_sm_unclaim
                0x0000000010011b14       0x20 CMakeFiles/picow_udp_beacon_poll.dir/mnt/c/Users/mvppr/Desktop/Design/pico/pico-sdk/src/rp2_common/hardware_pio/pio.c.obj
                0x0000000010011b14                pio_sm_unclaim
 .text.pio_claim_unused_sm
                0x0000000010011b34       0x3c CMakeFiles/picow_udp_beacon_poll.dir/mnt/c/Users/mvppr/Desktop/Design/pico/pico-sdk/src/rp2_common/hardware_pio/pio.c.obj
                0x0000000010011b34                pio_claim_unused_sm
 .text.pio_can_add_program
                0x0000000010011b70       0x68 CMakeFiles/picow_udp_beacon_poll.dir/mnt/c/Users/mvppr/Desktop/Design/pico/pico-sdk/src/rp2_common/hardware_pio/pio.c.obj
                0x0000000010011b70                pio_can_add_program
 .text.pio_add_program
                0x0000000010011bd8       0xc8 CMakeFiles/picow_udp_beacon_poll.dir/mnt/c/Users/mvppr/Desktop/Design/pico/pico-sdk/src/rp2_common/hardware_pio/pio.c.obj
                0x0000000010011bd8                pio_add_program
 .text.pio_remove_program
                0x0000000010011ca0       0x34 CMakeFiles/picow_udp_beacon_poll.dir/mnt/c/Users/mvppr/Desktop/Design/pico/pico-sdk/src/rp2_common/hardware_pio/pio.c.obj
                0x0000000010011ca0                pio_remove_program
 .text.pio_sm_set_pindirs_with_mask
                0x0000000010011cd4       0xa4 CMakeFiles/picow_udp_beacon_poll.dir/mnt/c/Users/mvppr/Desktop/Design/pico/pico-sdk/src/rp2_common/hardware_pio/pio.c.obj
                0x0000000010011cd4                pio_sm_set_pindirs_with_mask
 .text.pio_sm_set_consecutive_pindirs
                0x0000000010011d78       0xb0 CMakeFiles/picow_udp_beacon_poll.dir/mnt/c/Users/mvppr/Desktop/Design/pico/pico-sdk/src/rp2_common/hardware_pio/pio.c.obj
                0x0000000010011d78                pio_sm_set_consecutive_pindirs
 .text.dma_channel_unclaim
                0x0000000010011e28       0x10 CMakeFiles/picow_udp_beacon_poll.dir/mnt/c/Users/mvppr/Desktop/Design/pico/pico-sdk/src/rp2_common/hardware_dma/dma.c.obj
                0x0000000010011e28                dma_channel_unclaim
 .text.dma_claim_unused_channel
                0x0000000010011e38       0x20 CMakeFiles/picow_udp_beacon_poll.dir/mnt/c/Users/mvppr/Desktop/Design/pico/pico-sdk/src/rp2_common/hardware_dma/dma.c.obj
                0x0000000010011e38                dma_claim_unused_channel
 .text.dma_channel_cleanup
                0x0000000010011e58       0x60 CMakeFiles/picow_udp_beacon_poll.dir/mnt/c/Users/mvppr/Desktop/Design/pico/pico-sdk/src/rp2_common/hardware_dma/dma.c.obj
                0x0000000010011e58                dma_channel_cleanup
 .text.cyw43_sleep_timeout_reached
                0x0000000010011eb8       0x10 CMakeFiles/picow_udp_beacon_poll.dir/mnt/c/Users/mvppr/Desktop/Design/pico/pico-sdk/src/rp2_common/pico_cyw43_driver/cyw43_driver.c.obj
 .text.cyw43_irq_init
                0x0000000010011ec8       0x28 CMakeFiles/picow_udp_beacon_poll.dir/mnt/c/Users/mvppr/Desktop/Design/pico/pico-sdk/src/rp2_common/pico_cyw43_driver/cyw43_driver.c.obj
                0x0000000010011ec8                cyw43_irq_init
 .text.cyw43_irq_deinit
                0x0000000010011ef0       0x20 CMakeFiles/picow_udp_beacon_poll.dir/mnt/c/Users/mvppr/Desktop/Design/pico/pico-sdk/src/rp2_common/pico_cyw43_driver/cyw43_driver.c.obj
                0x0000000010011ef0                cyw43_irq_deinit
 .text.cyw43_gpio_irq_handler
                0x0000000010011f10       0x44 CMakeFiles/picow_udp_beacon_poll.dir/mnt/c/Users/mvppr/Desktop/Design/pico/pico-sdk/src/rp2_common/pico_cyw43_driver/cyw43_driver.c.obj
 .text.cyw43_do_poll
                0x0000000010011f54       0x6c CMakeFiles/picow_udp_beacon_poll.dir/mnt/c/Users/mvppr/Desktop/Design/pico/pico-sdk/src/rp2_common/pico_cyw43_driver/cyw43_driver.c.obj
 .text.cyw43_post_poll_hook
                0x0000000010011fc0       0x10 CMakeFiles/picow_udp_beacon_poll.dir/mnt/c/Users/mvppr/Desktop/Design/pico/pico-sdk/src/rp2_common/pico_cyw43_driver/cyw43_driver.c.obj
                0x0000000010011fc0                cyw43_post_poll_hook
 .text.cyw43_schedule_internal_poll_dispatch
                0x0000000010011fd0       0x18 CMakeFiles/picow_udp_beacon_poll.dir/mnt/c/Users/mvppr/Desktop/Design/pico/pico-sdk/src/rp2_common/pico_cyw43_driver/cyw43_driver.c.obj
                0x0000000010011fd0                cyw43_schedule_internal_poll_dispatch
 .text.cyw43_driver_init
                0x0000000010011fe8       0x38 CMakeFiles/picow_udp_beacon_poll.dir/mnt/c/Users/mvppr/Desktop/Design/pico/pico-sdk/src/rp2_common/pico_cyw43_driver/cyw43_driver.c.obj
                0x0000000010011fe8                cyw43_driver_init
 .text.cyw43_driver_deinit
                0x0000000010012020       0x44 CMakeFiles/picow_udp_beacon_poll.dir/mnt/c/Users/mvppr/Desktop/Design/pico/pico-sdk/src/rp2_common/pico_cyw43_driver/cyw43_driver.c.obj
                0x0000000010012020                cyw43_driver_deinit
 .text.cyw43_hal_generate_laa_mac
                0x0000000010012064       0x28 CMakeFiles/picow_udp_beacon_poll.dir/mnt/c/Users/mvppr/Desktop/Design/pico/pico-sdk/src/rp2_common/pico_cyw43_driver/cyw43_driver.c.obj
                0x0000000010012064                cyw43_hal_generate_laa_mac
 .text.cyw43_hal_get_mac
                0x000000001001208c       0x1c CMakeFiles/picow_udp_beacon_poll.dir/mnt/c/Users/mvppr/Desktop/Design/pico/pico-sdk/src/rp2_common/pico_cyw43_driver/cyw43_driver.c.obj
                0x000000001001208c                cyw43_hal_get_mac
 .text.cyw43_thread_enter
                0x00000000100120a8       0x14 CMakeFiles/picow_udp_beacon_poll.dir/mnt/c/Users/mvppr/Desktop/Design/pico/pico-sdk/src/rp2_common/pico_cyw43_driver/cyw43_driver.c.obj
                0x00000000100120a8                cyw43_thread_enter
 .text.cyw43_thread_exit
                0x00000000100120bc       0x14 CMakeFiles/picow_udp_beacon_poll.dir/mnt/c/Users/mvppr/Desktop/Design/pico/pico-sdk/src/rp2_common/pico_cyw43_driver/cyw43_driver.c.obj
                0x00000000100120bc                cyw43_thread_exit
 .text.cyw43_await_background_or_timeout_us
                0x00000000100120d0       0x34 CMakeFiles/picow_udp_beacon_poll.dir/mnt/c/Users/mvppr/Desktop/Design/pico/pico-sdk/src/rp2_common/pico_cyw43_driver/cyw43_driver.c.obj
                0x00000000100120d0                cyw43_await_background_or_timeout_us
 .text.cyw43_delay_ms
                0x0000000010012104       0x44 CMakeFiles/picow_udp_beacon_poll.dir/mnt/c/Users/mvppr/Desktop/Design/pico/pico-sdk/src/rp2_common/pico_cyw43_driver/cyw43_driver.c.obj
                0x0000000010012104                cyw43_delay_ms
 .text.cyw43_delay_us
                0x0000000010012148       0x34 CMakeFiles/picow_udp_beacon_poll.dir/mnt/c/Users/mvppr/Desktop/Design/pico/pico-sdk/src/rp2_common/pico_cyw43_driver/cyw43_driver.c.obj
                0x0000000010012148                cyw43_delay_us
 .text.noop     0x000000001001217c        0x4 CMakeFiles/picow_udp_beacon_poll.dir/mnt/c/Users/mvppr/Desktop/Design/pico/pico-sdk/src/rp2_common/pico_async_context/async_context_poll.c.obj
 .text.async_context_poll_execute_sync
                0x0000000010012180        0x8 CMakeFiles/picow_udp_beacon_poll.dir/mnt/c/Users/mvppr/Desktop/Design/pico/pico-sdk/src/rp2_common/pico_async_context/async_context_poll.c.obj
                0x0000000010012180                async_context_poll_execute_sync
 .text.async_context_poll_wait_for_work_until
                0x0000000010012188       0x24 CMakeFiles/picow_udp_beacon_poll.dir/mnt/c/Users/mvppr/Desktop/Design/pico/pico-sdk/src/rp2_common/pico_async_context/async_context_poll.c.obj
 .text.async_context_poll_wait_until
                0x00000000100121ac        0xc CMakeFiles/picow_udp_beacon_poll.dir/mnt/c/Users/mvppr/Desktop/Design/pico/pico-sdk/src/rp2_common/pico_async_context/async_context_poll.c.obj
 .text.async_context_poll_poll
                0x00000000100121b8        0x8 CMakeFiles/picow_udp_beacon_poll.dir/mnt/c/Users/mvppr/Desktop/Design/pico/pico-sdk/src/rp2_common/pico_async_context/async_context_poll.c.obj
 .text.async_context_poll_requires_update
                0x00000000100121c0       0x10 CMakeFiles/picow_udp_beacon_poll.dir/mnt/c/Users/mvppr/Desktop/Design/pico/pico-sdk/src/rp2_common/pico_async_context/async_context_poll.c.obj
 .text.async_context_poll_lock_check
                0x00000000100121d0       0x24 CMakeFiles/picow_udp_beacon_poll.dir/mnt/c/Users/mvppr/Desktop/Design/pico/pico-sdk/src/rp2_common/pico_async_context/async_context_poll.c.obj
 .text.async_context_poll_init_with_defaults
                0x00000000100121f4       0x30 CMakeFiles/picow_udp_beacon_poll.dir/mnt/c/Users/mvppr/Desktop/Design/pico/pico-sdk/src/rp2_common/pico_async_context/async_context_poll.c.obj
                0x00000000100121f4                async_context_poll_init_with_defaults
 .text.uart_init
                0x0000000010012224      0x188 CMakeFiles/picow_udp_beacon_poll.dir/mnt/c/Users/mvppr/Desktop/Design/pico/pico-sdk/src/rp2_common/hardware_uart/uart.c.obj
                0x0000000010012224                uart_init
 .text.runtime_init
                0x00000000100123ac       0xf0 CMakeFiles/picow_udp_beacon_poll.dir/mnt/c/Users/mvppr/Desktop/Design/pico/pico-sdk/src/rp2_common/pico_runtime/runtime.c.obj
                0x00000000100123ac                runtime_init
 .text._exit    0x000000001001249c        0x4 CMakeFiles/picow_udp_beacon_poll.dir/mnt/c/Users/mvppr/Desktop/Design/pico/pico-sdk/src/rp2_common/pico_runtime/runtime.c.obj
                0x000000001001249c                _exit
 .text._sbrk    0x00000000100124a0       0x34 CMakeFiles/picow_udp_beacon_poll.dir/mnt/c/Users/mvppr/Desktop/Design/pico/pico-sdk/src/rp2_common/pico_runtime/runtime.c.obj
                0x00000000100124a0                _sbrk
 .text.exit     0x00000000100124d4        0x8 CMakeFiles/picow_udp_beacon_poll.dir/mnt/c/Users/mvppr/Desktop/Design/pico/pico-sdk/src/rp2_common/pico_runtime/runtime.c.obj
                0x00000000100124d4                exit
 .text.panic    0x00000000100124dc       0x30 CMakeFiles/picow_udp_beacon_poll.dir/mnt/c/Users/mvppr/Desktop/Design/pico/pico-sdk/src/rp2_common/pico_runtime/runtime.c.obj
                0x00000000100124dc                panic
 .text.hard_assertion_failure
                0x000000001001250c        0xc CMakeFiles/picow_udp_beacon_poll.dir/mnt/c/Users/mvppr/Desktop/Design/pico/pico-sdk/src/rp2_common/pico_runtime/runtime.c.obj
                0x000000001001250c                hard_assertion_failure
 .text._out_buffer
                0x0000000010012518        0x8 CMakeFiles/picow_udp_beacon_poll.dir/mnt/c/Users/mvppr/Desktop/Design/pico/pico-sdk/src/rp2_common/pico_printf/printf.c.obj
 .text._out_null
                0x0000000010012520        0x4 CMakeFiles/picow_udp_beacon_poll.dir/mnt/c/Users/mvppr/Desktop/Design/pico/pico-sdk/src/rp2_common/pico_printf/printf.c.obj
 .text._out_rev
                0x0000000010012524       0x9c CMakeFiles/picow_udp_beacon_poll.dir/mnt/c/Users/mvppr/Desktop/Design/pico/pico-sdk/src/rp2_common/pico_printf/printf.c.obj
 .text._ntoa_format
                0x00000000100125c0      0x1cc CMakeFiles/picow_udp_beacon_poll.dir/mnt/c/Users/mvppr/Desktop/Design/pico/pico-sdk/src/rp2_common/pico_printf/printf.c.obj
 .text._out_char
                0x000000001001278c       0x10 CMakeFiles/picow_udp_beacon_poll.dir/mnt/c/Users/mvppr/Desktop/Design/pico/pico-sdk/src/rp2_common/pico_printf/printf.c.obj
 .text._out_fct
                0x000000001001279c       0x10 CMakeFiles/picow_udp_beacon_poll.dir/mnt/c/Users/mvppr/Desktop/Design/pico/pico-sdk/src/rp2_common/pico_printf/printf.c.obj
 .text._etoa    0x00000000100127ac      0x44c CMakeFiles/picow_udp_beacon_poll.dir/mnt/c/Users/mvppr/Desktop/Design/pico/pico-sdk/src/rp2_common/pico_printf/printf.c.obj
 .text._ftoa    0x0000000010012bf8      0x398 CMakeFiles/picow_udp_beacon_poll.dir/mnt/c/Users/mvppr/Desktop/Design/pico/pico-sdk/src/rp2_common/pico_printf/printf.c.obj
 .text._vsnprintf
                0x0000000010012f90      0xb04 CMakeFiles/picow_udp_beacon_poll.dir/mnt/c/Users/mvppr/Desktop/Design/pico/pico-sdk/src/rp2_common/pico_printf/printf.c.obj
 .text.__wrap_snprintf
                0x0000000010013a94       0x28 CMakeFiles/picow_udp_beacon_poll.dir/mnt/c/Users/mvppr/Desktop/Design/pico/pico-sdk/src/rp2_common/pico_printf/printf.c.obj
                0x0000000010013a94                __wrap_snprintf
 .text.vfctprintf
                0x0000000010013abc       0x20 CMakeFiles/picow_udp_beacon_poll.dir/mnt/c/Users/mvppr/Desktop/Design/pico/pico-sdk/src/rp2_common/pico_printf/printf.c.obj
                0x0000000010013abc                vfctprintf
 .text.weak_raw_vprintf
                0x0000000010013adc       0x30 CMakeFiles/picow_udp_beacon_poll.dir/mnt/c/Users/mvppr/Desktop/Design/pico/pico-sdk/src/rp2_common/pico_printf/printf.c.obj
                0x0000000010013adc                weak_raw_vprintf
 .text          0x0000000010013b0c       0x10 CMakeFiles/picow_udp_beacon_poll.dir/mnt/c/Users/mvppr/Desktop/Design/pico/pico-sdk/src/rp2_common/pico_bit_ops/bit_ops_aeabi.S.obj
 .text.ctzsi    0x0000000010013b1c        0xc CMakeFiles/picow_udp_beacon_poll.dir/mnt/c/Users/mvppr/Desktop/Design/pico/pico-sdk/src/rp2_common/pico_bit_ops/bit_ops_aeabi.S.obj
                0x0000000010013b1c                __wrap___ctzsi2
 .text.__wrap___aeabi_idiv
                0x0000000010013b28       0x50 CMakeFiles/picow_udp_beacon_poll.dir/mnt/c/Users/mvppr/Desktop/Design/pico/pico-sdk/src/rp2_common/pico_divider/divider.S.obj
                0x0000000010013b28                __wrap___aeabi_idivmod
                0x0000000010013b28                divmod_s32s32
                0x0000000010013b28                div_s32s32
                0x0000000010013b28                __wrap___aeabi_idiv
                0x0000000010013b30                divmod_s32s32_unsafe
                0x0000000010013b5c                divmod_s32s32_savestate
 .text.__wrap___aeabi_uidiv
                0x0000000010013b78       0x4c CMakeFiles/picow_udp_beacon_poll.dir/mnt/c/Users/mvppr/Desktop/Design/pico/pico-sdk/src/rp2_common/pico_divider/divider.S.obj
                0x0000000010013b78                __wrap___aeabi_uidiv
                0x0000000010013b78                __wrap___aeabi_uidivmod
                0x0000000010013b78                div_u32u32
                0x0000000010013b78                divmod_u32u32
                0x0000000010013b80                divmod_u32u32_unsafe
                0x0000000010013ba8                divmod_u32u32_savestate
 .text.__wrap___aeabi_ldiv
                0x0000000010013bc4      0x424 CMakeFiles/picow_udp_beacon_poll.dir/mnt/c/Users/mvppr/Desktop/Design/pico/pico-sdk/src/rp2_common/pico_divider/divider.S.obj
                0x0000000010013bc4                div_s64s64